Archive member included to satisfy reference by file (symbol)

/opt/devkitpro/libtonc/lib/libtonc.a(tonc_core.o)
                              main.o (tonccpy)
/opt/devkitpro/libtonc/lib/libtonc.a(tonc_bios.o)
                              enemy.o (Sqrt)
/opt/devkitpro/libtonc/lib/libtonc.a(tonc_memset.o)
                              gameoverscreen.o (memset32)
/opt/devkitpro/devkitARM/bin/../lib/gcc/arm-none-eabi/11.1.0/../../../../arm-none-eabi/lib/thumb/libg.a(lib_a-init.o)
                              /opt/devkitpro/devkitARM/bin/../lib/gcc/arm-none-eabi/11.1.0/../../../../arm-none-eabi/lib/thumb/gba_crt0.o (__libc_init_array)
/opt/devkitpro/devkitARM/bin/../lib/gcc/arm-none-eabi/11.1.0/../../../../arm-none-eabi/lib/thumb/libg.a(lib_a-memset.o)
                              main.o (memset)
/opt/devkitpro/devkitARM/bin/../lib/gcc/arm-none-eabi/11.1.0/../../../../arm-none-eabi/lib/thumb/libsysbase.a(malloc_vars.o)
                              /opt/devkitpro/devkitARM/bin/../lib/gcc/arm-none-eabi/11.1.0/../../../../arm-none-eabi/lib/thumb/gba_crt0.o (fake_heap_end)

Discarded input sections

 .text          0x0000000000000000        0x0 /opt/devkitpro/devkitARM/bin/../lib/gcc/arm-none-eabi/11.1.0/../../../../arm-none-eabi/lib/thumb/gba_crt0.o
 .data          0x0000000000000000        0x0 /opt/devkitpro/devkitARM/bin/../lib/gcc/arm-none-eabi/11.1.0/../../../../arm-none-eabi/lib/thumb/gba_crt0.o
 .bss           0x0000000000000000        0x0 /opt/devkitpro/devkitARM/bin/../lib/gcc/arm-none-eabi/11.1.0/../../../../arm-none-eabi/lib/thumb/gba_crt0.o
 .text          0x0000000000000000        0x0 /opt/devkitpro/devkitARM/bin/../lib/gcc/arm-none-eabi/11.1.0/thumb/crti.o
 .data          0x0000000000000000        0x0 /opt/devkitpro/devkitARM/bin/../lib/gcc/arm-none-eabi/11.1.0/thumb/crti.o
 .bss           0x0000000000000000        0x0 /opt/devkitpro/devkitARM/bin/../lib/gcc/arm-none-eabi/11.1.0/thumb/crti.o
 .text          0x0000000000000000        0x0 /opt/devkitpro/devkitARM/bin/../lib/gcc/arm-none-eabi/11.1.0/thumb/crtbegin.o
 .data          0x0000000000000000        0x0 /opt/devkitpro/devkitARM/bin/../lib/gcc/arm-none-eabi/11.1.0/thumb/crtbegin.o
 .bss           0x0000000000000000        0x0 /opt/devkitpro/devkitARM/bin/../lib/gcc/arm-none-eabi/11.1.0/thumb/crtbegin.o
 .rodata.all_implied_fbits
                0x0000000000000000       0x24 /opt/devkitpro/devkitARM/bin/../lib/gcc/arm-none-eabi/11.1.0/thumb/crtbegin.o
 .data.__dso_handle
                0x0000000000000000        0x4 /opt/devkitpro/devkitARM/bin/../lib/gcc/arm-none-eabi/11.1.0/thumb/crtbegin.o
 .text          0x0000000000000000        0x0 bullet.bin.o
 .data          0x0000000000000000        0x0 bullet.bin.o
 .bss           0x0000000000000000        0x0 bullet.bin.o
 .text          0x0000000000000000        0x0 enemybullet.bin.o
 .data          0x0000000000000000        0x0 enemybullet.bin.o
 .bss           0x0000000000000000        0x0 enemybullet.bin.o
 .rodata.enemybullet_bin
                0x0000000000000000       0x20 enemybullet.bin.o
 .text          0x0000000000000000        0x0 enemypallete.bin.o
 .data          0x0000000000000000        0x0 enemypallete.bin.o
 .bss           0x0000000000000000        0x0 enemypallete.bin.o
 .text          0x0000000000000000        0x0 enemypalletetrash.bin.o
 .data          0x0000000000000000        0x0 enemypalletetrash.bin.o
 .bss           0x0000000000000000        0x0 enemypalletetrash.bin.o
 .rodata.enemypalletetrash_bin
                0x0000000000000000       0x40 enemypalletetrash.bin.o
 .text          0x0000000000000000        0x0 exsplosion.bin.o
 .data          0x0000000000000000        0x0 exsplosion.bin.o
 .bss           0x0000000000000000        0x0 exsplosion.bin.o
 .text          0x0000000000000000        0x0 font.bin.o
 .data          0x0000000000000000        0x0 font.bin.o
 .bss           0x0000000000000000        0x0 font.bin.o
 .text          0x0000000000000000        0x0 numbers.bin.o
 .data          0x0000000000000000        0x0 numbers.bin.o
 .bss           0x0000000000000000        0x0 numbers.bin.o
 .text          0x0000000000000000        0x0 playerpallete.bin.o
 .data          0x0000000000000000        0x0 playerpallete.bin.o
 .bss           0x0000000000000000        0x0 playerpallete.bin.o
 .text          0x0000000000000000        0x0 ship.bin.o
 .data          0x0000000000000000        0x0 ship.bin.o
 .bss           0x0000000000000000        0x0 ship.bin.o
 .text          0x0000000000000000        0x0 shipprop.bin.o
 .data          0x0000000000000000        0x0 shipprop.bin.o
 .bss           0x0000000000000000        0x0 shipprop.bin.o
 .text          0x0000000000000000        0x0 sprite.bin.o
 .data          0x0000000000000000        0x0 sprite.bin.o
 .bss           0x0000000000000000        0x0 sprite.bin.o
 .rodata.sprite_bin
                0x0000000000000000       0x80 sprite.bin.o
 .text          0x0000000000000000        0x0 spriteprop.bin.o
 .data          0x0000000000000000        0x0 spriteprop.bin.o
 .bss           0x0000000000000000        0x0 spriteprop.bin.o
 .rodata.spriteprop_bin
                0x0000000000000000       0x80 spriteprop.bin.o
 .text          0x0000000000000000        0x0 underline.bin.o
 .data          0x0000000000000000        0x0 underline.bin.o
 .bss           0x0000000000000000        0x0 underline.bin.o
 .text          0x0000000000000000        0x0 soundbank.bin.o
 .data          0x0000000000000000        0x0 soundbank.bin.o
 .bss           0x0000000000000000        0x0 soundbank.bin.o
 .rodata.soundbank_bin
                0x0000000000000000   0x46a53a soundbank.bin.o
 .data          0x0000000000000000        0x0 SpritePositionFunctions.o
 .bss           0x0000000000000000        0x0 SpritePositionFunctions.o
 .text          0x0000000000000000        0x0 background.o
 .data          0x0000000000000000        0x0 background.o
 .bss           0x0000000000000000        0x0 background.o
 .data          0x0000000000000000        0x0 enemy.o
 .bss           0x0000000000000000        0x0 enemy.o
 .data          0x0000000000000000        0x0 gameoverscreen.o
 .bss           0x0000000000000000        0x0 gameoverscreen.o
 .data          0x0000000000000000        0x0 graphics.o
 .bss           0x0000000000000000        0x0 graphics.o
 .text          0x0000000000000000        0x0 interrupts.o
 .data          0x0000000000000000        0x0 interrupts.o
 .bss           0x0000000000000000        0x0 interrupts.o
 .debug_info    0x0000000000000000       0x5e interrupts.o
 .debug_abbrev  0x0000000000000000       0x26 interrupts.o
 .debug_aranges
                0x0000000000000000       0x18 interrupts.o
 .debug_line    0x0000000000000000       0x1d interrupts.o
 .debug_str     0x0000000000000000      0x134 interrupts.o
 .comment       0x0000000000000000       0x24 interrupts.o
 .data          0x0000000000000000        0x0 main.o
 .data          0x0000000000000000        0x0 music.o
 .data          0x0000000000000000        0x0 posprintf.o
 .bss           0x0000000000000000        0x0 posprintf.o
 .bss           0x0000000000000000        0x0 /opt/devkitpro/libtonc/lib/libtonc.a(tonc_core.o)
 .rodata        0x0000000000000000       0x58 /opt/devkitpro/libtonc/lib/libtonc.a(tonc_core.o)
 .data          0x0000000000000000        0x0 /opt/devkitpro/libtonc/lib/libtonc.a(tonc_bios.o)
 .bss           0x0000000000000000        0x0 /opt/devkitpro/libtonc/lib/libtonc.a(tonc_bios.o)
 .text          0x0000000000000000       0x3c /opt/devkitpro/libtonc/lib/libtonc.a(tonc_memset.o)
 .data          0x0000000000000000        0x0 /opt/devkitpro/libtonc/lib/libtonc.a(tonc_memset.o)
 .bss           0x0000000000000000        0x0 /opt/devkitpro/libtonc/lib/libtonc.a(tonc_memset.o)
 .text          0x0000000000000000        0x0 /opt/devkitpro/devkitARM/bin/../lib/gcc/arm-none-eabi/11.1.0/../../../../arm-none-eabi/lib/thumb/libg.a(lib_a-init.o)
 .data          0x0000000000000000        0x0 /opt/devkitpro/devkitARM/bin/../lib/gcc/arm-none-eabi/11.1.0/../../../../arm-none-eabi/lib/thumb/libg.a(lib_a-init.o)
 .bss           0x0000000000000000        0x0 /opt/devkitpro/devkitARM/bin/../lib/gcc/arm-none-eabi/11.1.0/../../../../arm-none-eabi/lib/thumb/libg.a(lib_a-init.o)
 .text          0x0000000000000000        0x0 /opt/devkitpro/devkitARM/bin/../lib/gcc/arm-none-eabi/11.1.0/../../../../arm-none-eabi/lib/thumb/libg.a(lib_a-memset.o)
 .data          0x0000000000000000        0x0 /opt/devkitpro/devkitARM/bin/../lib/gcc/arm-none-eabi/11.1.0/../../../../arm-none-eabi/lib/thumb/libg.a(lib_a-memset.o)
 .bss           0x0000000000000000        0x0 /opt/devkitpro/devkitARM/bin/../lib/gcc/arm-none-eabi/11.1.0/../../../../arm-none-eabi/lib/thumb/libg.a(lib_a-memset.o)
 .text          0x0000000000000000        0x0 /opt/devkitpro/devkitARM/bin/../lib/gcc/arm-none-eabi/11.1.0/../../../../arm-none-eabi/lib/thumb/libsysbase.a(malloc_vars.o)
 .data          0x0000000000000000        0x0 /opt/devkitpro/devkitARM/bin/../lib/gcc/arm-none-eabi/11.1.0/../../../../arm-none-eabi/lib/thumb/libsysbase.a(malloc_vars.o)
 .bss           0x0000000000000000        0x0 /opt/devkitpro/devkitARM/bin/../lib/gcc/arm-none-eabi/11.1.0/../../../../arm-none-eabi/lib/thumb/libsysbase.a(malloc_vars.o)
 .bss.fake_heap_start
                0x0000000000000000        0x4 /opt/devkitpro/devkitARM/bin/../lib/gcc/arm-none-eabi/11.1.0/../../../../arm-none-eabi/lib/thumb/libsysbase.a(malloc_vars.o)
 .text          0x0000000000000000        0x0 /opt/devkitpro/devkitARM/bin/../lib/gcc/arm-none-eabi/11.1.0/thumb/crtend.o
 .data          0x0000000000000000        0x0 /opt/devkitpro/devkitARM/bin/../lib/gcc/arm-none-eabi/11.1.0/thumb/crtend.o
 .bss           0x0000000000000000        0x0 /opt/devkitpro/devkitARM/bin/../lib/gcc/arm-none-eabi/11.1.0/thumb/crtend.o
 .rodata.all_implied_fbits
                0x0000000000000000       0x24 /opt/devkitpro/devkitARM/bin/../lib/gcc/arm-none-eabi/11.1.0/thumb/crtend.o
 .text          0x0000000000000000        0x0 /opt/devkitpro/devkitARM/bin/../lib/gcc/arm-none-eabi/11.1.0/thumb/crtn.o
 .data          0x0000000000000000        0x0 /opt/devkitpro/devkitARM/bin/../lib/gcc/arm-none-eabi/11.1.0/thumb/crtn.o
 .bss           0x0000000000000000        0x0 /opt/devkitpro/devkitARM/bin/../lib/gcc/arm-none-eabi/11.1.0/thumb/crtn.o

Memory Configuration

Name             Origin             Length             Attributes
rom              0x0000000008000000 0x0000000002000000
iwram            0x0000000003000000 0x0000000000008000
ewram            0x0000000002000000 0x0000000000040000
*default*        0x0000000000000000 0xffffffffffffffff

Linker script and memory map

                0x0000000008000000                __text_start = ORIGIN (rom)
                0x0000000002040000                __eheap_end = (ORIGIN (ewram) + LENGTH (ewram))
                0x0000000003000000                __iwram_start = ORIGIN (iwram)
                0x0000000003008000                __iwram_top = (ORIGIN (iwram) + LENGTH (iwram))
                0x0000000003007fa0                __sp_irq = (__iwram_top - 0x60)
                0x0000000003007f00                __sp_usr = (__sp_irq - 0xa0)
                0x0000000003007ff8                __irq_flags = 0x3007ff8
                0x0000000008000000                . = __text_start

.crt0           0x0000000008000000      0x210
 *(.crt0)
 .crt0          0x0000000008000000      0x210 /opt/devkitpro/devkitARM/bin/../lib/gcc/arm-none-eabi/11.1.0/../../../../arm-none-eabi/lib/thumb/gba_crt0.o
                0x0000000008000000                _start
                0x00000000080000c4                __boot_method
                0x00000000080000c5                __slave_number
                0x00000000080000e0                start_vector
                0x0000000008000210                . = ALIGN (0x4)

.init           0x0000000008000210        0xc
 *(SORT_NONE(.init))
 .init          0x0000000008000210        0x4 /opt/devkitpro/devkitARM/bin/../lib/gcc/arm-none-eabi/11.1.0/thumb/crti.o
                0x0000000008000210                _init
 .init          0x0000000008000214        0x8 /opt/devkitpro/devkitARM/bin/../lib/gcc/arm-none-eabi/11.1.0/thumb/crtn.o

.plt            0x000000000800021c        0x0
 *(.plt)
                0x000000000800021c                . = ALIGN (0x4)

.text           0x000000000800021c     0x1850
 *(EXCLUDE_FILE(*.iwram*) .text*)
 .text.__do_global_dtors_aux
                0x000000000800021c       0x2c /opt/devkitpro/devkitARM/bin/../lib/gcc/arm-none-eabi/11.1.0/thumb/crtbegin.o
 .text.frame_dummy
                0x0000000008000248       0x24 /opt/devkitpro/devkitARM/bin/../lib/gcc/arm-none-eabi/11.1.0/thumb/crtbegin.o
 .text          0x000000000800026c      0x168 SpritePositionFunctions.o
                0x000000000800026c                xyoverflow
                0x00000000080002cc                anglespeed
 .text          0x00000000080003d4      0x1ec enemy.o
                0x00000000080003d4                anglediferencetobuttonpress
                0x0000000008000498                speedupslowdown
                0x000000000800050c                enemyai
 .text          0x00000000080005c0      0x328 gameoverscreen.o
                0x00000000080005c0                deathanimation
                0x00000000080006b8                gameoverscreen
 .text          0x00000000080008e8       0xb4 graphics.o
                0x00000000080008e8                displaytext
                0x0000000008000930                createship
                0x0000000008000968                createbullet
 .text          0x000000000800099c       0xd8 main.o
                0x000000000800099c                startscreen
 .text.startup  0x0000000008000a74      0x688 main.o
                0x0000000008000a74                main
 .text          0x00000000080010fc      0x10c music.o
                0x00000000080010fc                initmusicregisters
                0x0000000008001158                switchoutdma
                0x000000000800118c                fillbuffer
                0x00000000080011f8                initilizebuffervariables
 .text          0x0000000008001208      0x2b0 score.o
                0x0000000008001208                displayscore
                0x000000000800123c                displaynumber
                0x0000000008001270                initleaderboard
                0x00000000080012b8                leaderboardpreset
                0x00000000080012e0                displayscoreboard
                0x0000000008001384                addtoleaderboard
                0x00000000080013b8                addunderline
                0x00000000080013ec                openupboardposition
                0x0000000008001468                leaderboardpositionfinder
                0x000000000800149c                checkforhighscore
                0x00000000080014b4                savescore
 .text          0x00000000080014b8      0x264 posprintf.o
                0x00000000080014b8                posprintf
 .text          0x000000000800171c      0x1c4 /opt/devkitpro/libtonc/lib/libtonc.a(tonc_core.o)
                0x000000000800171c                tonccpy
                0x00000000080017cc                __toncset
                0x000000000800185c                sqran
                0x000000000800186c                octant
                0x000000000800188c                octant_rot
 .text          0x00000000080018e0       0x8c /opt/devkitpro/libtonc/lib/libtonc.a(tonc_bios.o)
                0x00000000080018e0                SoftReset
                0x00000000080018e4                RegisterRamReset
                0x00000000080018e8                Halt
                0x00000000080018ec                Stop
                0x00000000080018f0                IntrWait
                0x00000000080018f4                VBlankIntrWait
                0x00000000080018f8                Div
                0x00000000080018fc                DivArm
                0x0000000008001900                Sqrt
                0x0000000008001904                ArcTan
                0x0000000008001908                ArcTan2
                0x000000000800190c                CpuSet
                0x0000000008001910                CpuFastSet
                0x0000000008001914                BiosCheckSum
                0x0000000008001918                BgAffineSet
                0x000000000800191c                ObjAffineSet
                0x0000000008001920                BitUnPack
                0x0000000008001924                LZ77UnCompWram
                0x0000000008001928                LZ77UnCompVram
                0x000000000800192c                HuffUnComp
                0x0000000008001930                RLUnCompWram
                0x0000000008001934                RLUnCompVram
                0x0000000008001938                Diff8bitUnFilterWram
                0x000000000800193c                Diff8bitUnFilterVram
                0x0000000008001940                Diff16bitUnFilter
                0x0000000008001944                SoundBias
                0x0000000008001948                SoundDriverInit
                0x000000000800194c                SoundDriverMode
                0x0000000008001950                SoundDriverMain
                0x0000000008001954                SoundDriverVSync
                0x0000000008001958                SoundChannelClear
                0x000000000800195c                MidiKey2Freq
                0x0000000008001960                MultiBoot
                0x0000000008001964                SoundDriverVSyncOff
                0x0000000008001968                SoundDriverVSyncOn
 .text.__libc_init_array
                0x000000000800196c       0x50 /opt/devkitpro/devkitARM/bin/../lib/gcc/arm-none-eabi/11.1.0/../../../../arm-none-eabi/lib/thumb/libg.a(lib_a-init.o)
                0x000000000800196c                __libc_init_array
 .text.memset   0x00000000080019bc       0xb0 /opt/devkitpro/devkitARM/bin/../lib/gcc/arm-none-eabi/11.1.0/../../../../arm-none-eabi/lib/thumb/libg.a(lib_a-memset.o)
                0x00000000080019bc                memset
 *(.gnu.linkonce.t.*)
 *(.text.*personality*)
 *(.gnu.warning)
 *(.glue_7t)
 .glue_7t       0x0000000008001a6c        0x0 linker stubs
 *(.glue_7)
 .glue_7        0x0000000008001a6c        0x0 linker stubs
 *(.vfp11_veneer)
 .vfp11_veneer  0x0000000008001a6c        0x0 linker stubs
                0x0000000008001a6c                . = ALIGN (0x4)
                0x0000000008001a6c                __text_end = .

.v4_bx          0x0000000008001a6c        0x0
 .v4_bx         0x0000000008001a6c        0x0 linker stubs

.iplt           0x0000000008001a6c        0x0
 .iplt          0x0000000008001a6c        0x0 /opt/devkitpro/devkitARM/bin/../lib/gcc/arm-none-eabi/11.1.0/../../../../arm-none-eabi/lib/thumb/gba_crt0.o

.fini           0x0000000008001a6c        0xc
 *(.fini)
 .fini          0x0000000008001a6c        0x4 /opt/devkitpro/devkitARM/bin/../lib/gcc/arm-none-eabi/11.1.0/thumb/crti.o
                0x0000000008001a6c                _fini
 .fini          0x0000000008001a70        0x8 /opt/devkitpro/devkitARM/bin/../lib/gcc/arm-none-eabi/11.1.0/thumb/crtn.o
                0x0000000008001a78                . = ALIGN (0x4)

.rodata         0x0000000008001a78   0x14144c
 *(.rodata)
 .rodata        0x0000000008001a78      0x888 background.o
                0x0000000008001a78                checkerBg
                0x0000000008002278                bgPal
                0x0000000008002280                bgTiles
 .rodata        0x0000000008002300       0x10 main.o
                0x0000000008002300                ScreenHieght
                0x0000000008002301                ScreenWidth
                0x0000000008002302                a
                0x0000000008002304                start
                0x0000000008002306                b
                0x0000000008002308                right
                0x000000000800230a                left
                0x000000000800230c                up
                0x000000000800230e                down
 .rodata        0x0000000008002310   0x1404f6 music.o
                0x0000000008002310                skytheme
 *all.rodata*(*)
 *(.roda)
 *(.rodata.*)
 *fill*         0x0000000008142806        0x2 ff
 .rodata.bullet_bin
                0x0000000008142808       0x20 bullet.bin.o
                0x0000000008142808                bullet_bin
                0x0000000008142828                bullet_bin_end
 .rodata.enemypallete_bin
                0x0000000008142828       0x20 enemypallete.bin.o
                0x0000000008142828                enemypallete_bin
                0x0000000008142848                enemypallete_bin_end
 .rodata.exsplosion_bin
                0x0000000008142848       0x80 exsplosion.bin.o
                0x0000000008142848                exsplosion_bin
                0x00000000081428c8                exsplosion_bin_end
 .rodata.font_bin
                0x00000000081428c8      0x360 font.bin.o
                0x00000000081428c8                font_bin
                0x0000000008142c28                font_bin_end
 .rodata.numbers_bin
                0x0000000008142c28      0x140 numbers.bin.o
                0x0000000008142c28                numbers_bin
                0x0000000008142d68                numbers_bin_end
 .rodata.playerpallete_bin
                0x0000000008142d68       0x20 playerpallete.bin.o
                0x0000000008142d68                playerpallete_bin
                0x0000000008142d88                playerpallete_bin_end
 .rodata.ship_bin
                0x0000000008142d88       0x80 ship.bin.o
                0x0000000008142d88                ship_bin
                0x0000000008142e08                ship_bin_end
 .rodata.shipprop_bin
                0x0000000008142e08       0x80 shipprop.bin.o
                0x0000000008142e08                shipprop_bin
                0x0000000008142e88                shipprop_bin_end
 .rodata.underline_bin
                0x0000000008142e88       0x20 underline.bin.o
                0x0000000008142e88                underline_bin
                0x0000000008142ea8                underline_bin_end
 .rodata.str1.4
                0x0000000008142ea8       0x18 gameoverscreen.o
 .rodata.str1.4
                0x0000000008142ec0        0xc main.o
 .rodata.str1.4
                0x0000000008142ec0        0x4 score.o
 *(.gnu.linkonce.r*)
                0x0000000008142ecc                . = ALIGN (0x4)

.ARM.extab
 *(.ARM.extab* .gnu.linkonce.armextab.*)
                0x0000000008142ec4                __exidx_start = .

.ARM.exidx
 *(.ARM.exidx* .gnu.linkonce.armexidx.*)
                0x0000000008142ec4                __exidx_end = .

.ctors          0x0000000008142ec4        0x0
 *crtbegin.o(.ctors)
 *(EXCLUDE_FILE(*crtend.o) .ctors)
 *(SORT_BY_NAME(.ctors.*))
 *(.ctors)
                0x0000000008142ec4                . = ALIGN (0x4)

.dtors          0x0000000008142ec4        0x0
 *crtbegin.o(.dtors)
 *(EXCLUDE_FILE(*crtend.o) .dtors)
 *(SORT_BY_NAME(.dtors.*))
 *(.dtors)
                0x0000000008142ec4                . = ALIGN (0x4)

.eh_frame       0x0000000008142ec4        0x4
 *(.eh_frame)
 .eh_frame      0x0000000008142ec4        0x0 /opt/devkitpro/devkitARM/bin/../lib/gcc/arm-none-eabi/11.1.0/thumb/crtbegin.o
 .eh_frame      0x0000000008142ec4        0x4 /opt/devkitpro/devkitARM/bin/../lib/gcc/arm-none-eabi/11.1.0/thumb/crtend.o
                0x0000000008142ec8                . = ALIGN (0x4)

.gcc_except_table
                0x0000000008142ec8        0x0
 *(.gcc_except_table)
                0x0000000008142ec8                . = ALIGN (0x4)
                0x0000000008142ec8                __iwram_lma = .

.iwram          0x0000000003000000       0x4c load address 0x0000000008142ec8
                0x0000000003000000                __iwram_start__ = ABSOLUTE (.)
 *(.iwram .iwram*)
 .iwram         0x0000000003000000       0x4c /opt/devkitpro/libtonc/lib/libtonc.a(tonc_memset.o)
                0x0000000003000000                memset32
 *iwram.*(.text* .data*)
                0x000000000300004c                . = ALIGN (0x4)
                0x000000000300004c                __iwram_end__ = ABSOLUTE (.)
                0x0000000008142f14                __data_lma = (__iwram_lma + SIZEOF (.iwram))

.rel.dyn        0x000000000300004c        0x0 load address 0x0000000008142f14
 .rel.iplt      0x000000000300004c        0x0 /opt/devkitpro/devkitARM/bin/../lib/gcc/arm-none-eabi/11.1.0/../../../../arm-none-eabi/lib/thumb/gba_crt0.o

.bss            0x000000000300004c      0x2b8
                0x000000000300004c                __bss_start = ABSOLUTE (.)
                0x000000000300004c                __bss_start__ = ABSOLUTE (.)
 *(.dynbss)
 *(.gnu.linkonce.b*)
 *(.bss*)
 .bss.completed.1
                0x000000000300004c        0x1 /opt/devkitpro/devkitARM/bin/../lib/gcc/arm-none-eabi/11.1.0/thumb/crtbegin.o
 *fill*         0x000000000300004d        0x3 
 .bss.object.0  0x0000000003000050       0x18 /opt/devkitpro/devkitARM/bin/../lib/gcc/arm-none-eabi/11.1.0/thumb/crtbegin.o
 .bss           0x0000000003000068        0x9 main.o
                0x0000000003000068                gameover
                0x0000000003000069                exsplosion
                0x000000000300006a                score
                0x000000000300006c                xyout
                0x0000000003000070                level
 *fill*         0x0000000003000071        0x3 
 .bss           0x0000000003000074      0x270 music.o
                0x0000000003000074                BufferAttributes
                0x000000000300007c                SongData
                0x0000000003000084                Buffer
 .bss           0x00000000030002e4       0x1a score.o
                0x00000000030002e4                leaderboard
 *fill*         0x00000000030002fe        0x2 
 .bss.fake_heap_end
                0x0000000003000300        0x4 /opt/devkitpro/devkitARM/bin/../lib/gcc/arm-none-eabi/11.1.0/../../../../arm-none-eabi/lib/thumb/libsysbase.a(malloc_vars.o)
                0x0000000003000300                fake_heap_end
 *(COMMON)
                0x0000000003000304                . = ALIGN (0x4)
                0x0000000003000304                __bss_end__ = ABSOLUTE (.)

.data           0x0000000003000304        0xc load address 0x0000000008142f14
                0x0000000003000304                __data_start__ = ABSOLUTE (.)
 *(.data*)
 .data          0x0000000003000304        0x1 score.o
                0x0000000003000304                boardpos
 *fill*         0x0000000003000305        0x3 ff
 .data          0x0000000003000308        0x8 /opt/devkitpro/libtonc/lib/libtonc.a(tonc_core.o)
                0x0000000003000308                __qran_seed
                0x000000000300030c                vid_page
 *(.gnu.linkonce.d*)
                0x0000000003000310                . = ALIGN (0x4)
                0x0000000008142f20                __preinit_lma = (__data_lma + SIZEOF (.data))

.igot.plt       0x0000000003000310        0x0 load address 0x0000000008142f20
 .igot.plt      0x0000000003000310        0x0 /opt/devkitpro/devkitARM/bin/../lib/gcc/arm-none-eabi/11.1.0/../../../../arm-none-eabi/lib/thumb/gba_crt0.o

.preinit_array  0x0000000003000310        0x0 load address 0x0000000008142f20
                0x0000000003000310                __preinit_array_start = ABSOLUTE (.)
 *(.preinit_array)
                0x0000000003000310                __preinit_array_end = ABSOLUTE (.)
                0x0000000008142f20                __init_lma = (__preinit_lma + SIZEOF (.preinit_array))

.init_array     0x0000000003000310        0x4 load address 0x0000000008142f20
                0x0000000003000310                __init_array_start = ABSOLUTE (.)
 *(SORT_BY_NAME(.init_array.*))
 *(.init_array)
 .init_array    0x0000000003000310        0x4 /opt/devkitpro/devkitARM/bin/../lib/gcc/arm-none-eabi/11.1.0/thumb/crtbegin.o
                0x0000000003000314                __init_array_end = ABSOLUTE (.)
                0x0000000008142f24                __fini_lma = (__init_lma + SIZEOF (.init_array))

.fini_array     0x0000000003000314        0x4 load address 0x0000000008142f24
                0x0000000003000314                __fini_array_start = ABSOLUTE (.)
 *(SORT_BY_NAME(.fini_array.*))
 *(.fini_array)
 .fini_array    0x0000000003000314        0x4 /opt/devkitpro/devkitARM/bin/../lib/gcc/arm-none-eabi/11.1.0/thumb/crtbegin.o
                0x0000000003000318                __fini_array_end = ABSOLUTE (.)
                0x0000000008142f28                __jcr_lma = (__fini_lma + SIZEOF (.fini_array))

.jcr            0x0000000003000318        0x0 load address 0x0000000008142f28
 *(.jcr)
                0x0000000003000318                __data_end__ = ABSOLUTE (.)
                0x0000000008142f28                __iwram_overlay_lma = (__jcr_lma + SIZEOF (.jcr))
                0x0000000003000318                __iwram_overlay_start = .

.iwram0         0x0000000003000318        0x0 load address 0x0000000008142f28
 *(.iwram0)
                0x0000000003000318                . = ALIGN (0x4)
                0x0000000008142f28                PROVIDE (__load_start_iwram0 = LOADADDR (.iwram0))
                0x0000000008142f28                PROVIDE (__load_stop_iwram0 = (LOADADDR (.iwram0) + SIZEOF (.iwram0)))

.iwram1         0x0000000003000318        0x0
 *(.iwram1)
                0x0000000003000318                . = ALIGN (0x4)
                [!provide]                        PROVIDE (__load_start_iwram1 = LOADADDR (.iwram1))
                [!provide]                        PROVIDE (__load_stop_iwram1 = (LOADADDR (.iwram1) + SIZEOF (.iwram1)))

.iwram2         0x0000000003000318        0x0
 *(.iwram2)
                0x0000000003000318                . = ALIGN (0x4)
                [!provide]                        PROVIDE (__load_start_iwram2 = LOADADDR (.iwram2))
                [!provide]                        PROVIDE (__load_stop_iwram2 = (LOADADDR (.iwram2) + SIZEOF (.iwram2)))

.iwram3         0x0000000003000318        0x0
 *(.iwram3)
                0x0000000003000318                . = ALIGN (0x4)
                [!provide]                        PROVIDE (__load_start_iwram3 = LOADADDR (.iwram3))
                [!provide]                        PROVIDE (__load_stop_iwram3 = (LOADADDR (.iwram3) + SIZEOF (.iwram3)))

.iwram4         0x0000000003000318        0x0
 *(.iwram4)
                0x0000000003000318                . = ALIGN (0x4)
                [!provide]                        PROVIDE (__load_start_iwram4 = LOADADDR (.iwram4))
                [!provide]                        PROVIDE (__load_stop_iwram4 = (LOADADDR (.iwram4) + SIZEOF (.iwram4)))

.iwram5         0x0000000003000318        0x0
 *(.iwram5)
                0x0000000003000318                . = ALIGN (0x4)
                [!provide]                        PROVIDE (__load_start_iwram5 = LOADADDR (.iwram5))
                [!provide]                        PROVIDE (__load_stop_iwram5 = (LOADADDR (.iwram5) + SIZEOF (.iwram5)))

.iwram6         0x0000000003000318        0x0
 *(.iwram6)
                0x0000000003000318                . = ALIGN (0x4)
                [!provide]                        PROVIDE (__load_start_iwram6 = LOADADDR (.iwram6))
                [!provide]                        PROVIDE (__load_stop_iwram6 = (LOADADDR (.iwram6) + SIZEOF (.iwram6)))

.iwram7         0x0000000003000318        0x0
 *(.iwram7)
                0x0000000003000318                . = ALIGN (0x4)
                [!provide]                        PROVIDE (__load_start_iwram7 = LOADADDR (.iwram7))
                [!provide]                        PROVIDE (__load_stop_iwram7 = (LOADADDR (.iwram7) + SIZEOF (.iwram7)))

.iwram8         0x0000000003000318        0x0
 *(.iwram8)
                0x0000000003000318                . = ALIGN (0x4)
                [!provide]                        PROVIDE (__load_start_iwram8 = LOADADDR (.iwram8))
                [!provide]                        PROVIDE (__load_stop_iwram8 = (LOADADDR (.iwram8) + SIZEOF (.iwram8)))

.iwram9         0x0000000003000318        0x0
 *(.iwram9)
                0x0000000003000318                . = ALIGN (0x4)
                [!provide]                        PROVIDE (__load_start_iwram9 = LOADADDR (.iwram9))
                [!provide]                        PROVIDE (__load_stop_iwram9 = (LOADADDR (.iwram9) + SIZEOF (.iwram9)))
                0x0000000003000318                __iwram_overlay_end = .
                0x0000000008142f28                __ewram_lma = (__iwram_overlay_lma + (__iwram_overlay_end - __iwram_overlay_start))
                0x0000000003000318                __iheap_start = .
                0x0000000002000000                __ewram_start = ORIGIN (ewram)

.ewram          0x0000000002000000        0x0 load address 0x0000000008142f28
 *(.ewram*)
                0x0000000002000000                . = ALIGN (0x4)
                0x0000000002000000                __ewram_end = ABSOLUTE (.)
                0x0000000008142f28                __pad_lma = (__ewram_lma + SIZEOF (.ewram))

.sbss           0x0000000002000000        0x0
                0x0000000002000000                __sbss_start__ = ABSOLUTE (.)
 *(.sbss*)
                0x0000000002000000                . = ALIGN (0x4)
                0x0000000002000000                __sbss_end__ = ABSOLUTE (.)
                0x0000000002000000                __end__ = ABSOLUTE (.)
                0x0000000002000000                __eheap_start = ABSOLUTE (.)

.pad            0x0000000002000000        0x8 load address 0x0000000008142f28
                0x0000000002000000        0x4 LONG 0x52416b64
                0x0000000002000004        0x4 LONG 0x4d
                0x0000000002000008                . = ALIGN (0x4)
                0x0000000008142f30                __rom_end__ = (__pad_lma + SIZEOF (.pad))

.stab
 *(.stab)

.stabstr
 *(.stabstr)

.stab.excl
 *(.stab.excl)

.stab.exclstr
 *(.stab.exclstr)

.stab.index
 *(.stab.index)

.stab.indexstr
 *(.stab.indexstr)

.comment        0x0000000000000000       0x45
 *(.comment)
 .comment       0x0000000000000000       0x23 /opt/devkitpro/devkitARM/bin/../lib/gcc/arm-none-eabi/11.1.0/thumb/crtbegin.o
                                         0x24 (size before relaxing)
 .comment       0x0000000000000023       0x24 SpritePositionFunctions.o
 .comment       0x0000000000000023       0x24 background.o
 .comment       0x0000000000000023       0x24 enemy.o
 .comment       0x0000000000000023       0x24 gameoverscreen.o
 .comment       0x0000000000000023       0x24 graphics.o
 .comment       0x0000000000000023       0x24 main.o
 .comment       0x0000000000000023       0x24 music.o
 .comment       0x0000000000000023       0x24 score.o
 .comment       0x0000000000000023       0x22 /opt/devkitpro/libtonc/lib/libtonc.a(tonc_core.o)
                                         0x23 (size before relaxing)
 .comment       0x0000000000000045       0x24 /opt/devkitpro/devkitARM/bin/../lib/gcc/arm-none-eabi/11.1.0/../../../../arm-none-eabi/lib/thumb/libg.a(lib_a-init.o)
 .comment       0x0000000000000045       0x24 /opt/devkitpro/devkitARM/bin/../lib/gcc/arm-none-eabi/11.1.0/../../../../arm-none-eabi/lib/thumb/libg.a(lib_a-memset.o)
 .comment       0x0000000000000045       0x24 /opt/devkitpro/devkitARM/bin/../lib/gcc/arm-none-eabi/11.1.0/../../../../arm-none-eabi/lib/thumb/libsysbase.a(malloc_vars.o)
 .comment       0x0000000000000045       0x24 /opt/devkitpro/devkitARM/bin/../lib/gcc/arm-none-eabi/11.1.0/thumb/crtend.o

.debug
 *(.debug)

.line
 *(.line)

.debug_srcinfo
 *(.debug_srcinfo)

.debug_sfnames
 *(.debug_sfnames)

.debug_aranges  0x0000000000000000      0x120
 *(.debug_aranges)
 .debug_aranges
                0x0000000000000000       0x20 SpritePositionFunctions.o
 .debug_aranges
                0x0000000000000020       0x18 background.o
 .debug_aranges
                0x0000000000000038       0x20 enemy.o
 .debug_aranges
                0x0000000000000058       0x20 gameoverscreen.o
 .debug_aranges
                0x0000000000000078       0x20 graphics.o
 .debug_aranges
                0x0000000000000098       0x28 main.o
 .debug_aranges
                0x00000000000000c0       0x20 music.o
 .debug_aranges
                0x00000000000000e0       0x20 score.o
 .debug_aranges
                0x0000000000000100       0x20 posprintf.o

.debug_pubnames
 *(.debug_pubnames)

.debug_info     0x0000000000000000     0x2642
 *(.debug_info)
 .debug_info    0x0000000000000000      0x218 SpritePositionFunctions.o
 .debug_info    0x0000000000000218       0xa2 background.o
 .debug_info    0x00000000000002ba      0x4ca enemy.o
 .debug_info    0x0000000000000784      0x68a gameoverscreen.o
 .debug_info    0x0000000000000e0e      0x267 graphics.o
 .debug_info    0x0000000000001075      0xdad main.o
 .debug_info    0x0000000000001e22      0x272 music.o
 .debug_info    0x0000000000002094      0x589 score.o
 .debug_info    0x000000000000261d       0x25 posprintf.o

.debug_abbrev   0x0000000000000000      0xf52
 *(.debug_abbrev)
 .debug_abbrev  0x0000000000000000      0x156 SpritePositionFunctions.o
 .debug_abbrev  0x0000000000000156       0x6a background.o
 .debug_abbrev  0x00000000000001c0      0x223 enemy.o
 .debug_abbrev  0x00000000000003e3      0x297 gameoverscreen.o
 .debug_abbrev  0x000000000000067a      0x114 graphics.o
 .debug_abbrev  0x000000000000078e      0x38c main.o
 .debug_abbrev  0x0000000000000b1a      0x141 music.o
 .debug_abbrev  0x0000000000000c5b      0x2e3 score.o
 .debug_abbrev  0x0000000000000f3e       0x14 posprintf.o

.debug_line     0x0000000000000000     0x1cb4
 *(.debug_line)
 .debug_line    0x0000000000000000      0x233 SpritePositionFunctions.o
 .debug_line    0x0000000000000233       0x5a background.o
 .debug_line    0x000000000000028d      0x2f9 enemy.o
 .debug_line    0x0000000000000586      0x381 gameoverscreen.o
 .debug_line    0x0000000000000907      0x1ce graphics.o
 .debug_line    0x0000000000000ad5      0xa01 main.o
 .debug_line    0x00000000000014d6      0x25f music.o
 .debug_line    0x0000000000001735      0x409 score.o
 .debug_line    0x0000000000001b3e      0x176 posprintf.o

.debug_frame    0x0000000000000000      0x360
 *(.debug_frame)
 .debug_frame   0x0000000000000000       0x3c SpritePositionFunctions.o
 .debug_frame   0x000000000000003c       0x78 enemy.o
 .debug_frame   0x00000000000000b4       0x68 gameoverscreen.o
 .debug_frame   0x000000000000011c       0x64 graphics.o
 .debug_frame   0x0000000000000180       0x68 main.o
 .debug_frame   0x00000000000001e8       0x5c music.o
 .debug_frame   0x0000000000000244      0x11c score.o

.debug_str      0x0000000000000000      0x9ad
 *(.debug_str)
 .debug_str     0x0000000000000000      0x13e SpritePositionFunctions.o
                                        0x16d (size before relaxing)
 .debug_str     0x000000000000013e       0x52 background.o
                                         0xfe (size before relaxing)
 .debug_str     0x0000000000000190      0x14f enemy.o
                                        0x24e (size before relaxing)
 .debug_str     0x00000000000002df      0x1e1 gameoverscreen.o
                                        0x32f (size before relaxing)
 .debug_str     0x00000000000004c0       0xa8 graphics.o
                                        0x1f0 (size before relaxing)
 .debug_str     0x0000000000000568      0x2da main.o
                                        0x55c (size before relaxing)
 .debug_str     0x0000000000000842       0xc6 music.o
                                        0x243 (size before relaxing)
 .debug_str     0x0000000000000908       0x8b score.o
                                        0x287 (size before relaxing)
 .debug_str     0x0000000000000993       0x1a posprintf.o
                                         0x49 (size before relaxing)

.debug_loc
 *(.debug_loc)

.debug_macinfo
 *(.debug_macinfo)

.debug_weaknames
 *(.debug_weaknames)

.debug_funcnames
 *(.debug_funcnames)

.debug_typenames
 *(.debug_typenames)

.debug_varnames
 *(.debug_varnames)

.stack          0x0000000000080000        0x0
                0x0000000000080000                _stack = .
 *(.stack)

.note.gnu.arm.ident
 *(.note.gnu.arm.ident)

.ARM.attributes
                0x0000000000000000       0x2c
 *(.ARM.attributes)
 .ARM.attributes
                0x0000000000000000       0x20 /opt/devkitpro/devkitARM/bin/../lib/gcc/arm-none-eabi/11.1.0/../../../../arm-none-eabi/lib/thumb/gba_crt0.o
 .ARM.attributes
                0x0000000000000020       0x1c /opt/devkitpro/devkitARM/bin/../lib/gcc/arm-none-eabi/11.1.0/thumb/crti.o
 .ARM.attributes
                0x000000000000003c       0x2a /opt/devkitpro/devkitARM/bin/../lib/gcc/arm-none-eabi/11.1.0/thumb/crtbegin.o
 .ARM.attributes
                0x0000000000000066       0x14 bullet.bin.o
 .ARM.attributes
                0x000000000000007a       0x14 enemybullet.bin.o
 .ARM.attributes
                0x000000000000008e       0x14 enemypallete.bin.o
 .ARM.attributes
                0x00000000000000a2       0x14 enemypalletetrash.bin.o
 .ARM.attributes
                0x00000000000000b6       0x14 exsplosion.bin.o
 .ARM.attributes
                0x00000000000000ca       0x14 font.bin.o
 .ARM.attributes
                0x00000000000000de       0x14 numbers.bin.o
 .ARM.attributes
                0x00000000000000f2       0x14 playerpallete.bin.o
 .ARM.attributes
                0x0000000000000106       0x14 ship.bin.o
 .ARM.attributes
                0x000000000000011a       0x14 shipprop.bin.o
 .ARM.attributes
                0x000000000000012e       0x14 sprite.bin.o
 .ARM.attributes
                0x0000000000000142       0x14 spriteprop.bin.o
 .ARM.attributes
                0x0000000000000156       0x14 underline.bin.o
 .ARM.attributes
                0x000000000000016a       0x14 soundbank.bin.o
 .ARM.attributes
                0x000000000000017e       0x2a SpritePositionFunctions.o
 .ARM.attributes
                0x00000000000001a8       0x30 background.o
 .ARM.attributes
                0x00000000000001d8       0x2a enemy.o
 .ARM.attributes
                0x0000000000000202       0x2a gameoverscreen.o
 .ARM.attributes
                0x000000000000022c       0x2a graphics.o
 .ARM.attributes
                0x0000000000000256       0x30 interrupts.o
 .ARM.attributes
                0x0000000000000286       0x2a main.o
 .ARM.attributes
                0x00000000000002b0       0x2a music.o
 .ARM.attributes
                0x00000000000002da       0x2a score.o
 .ARM.attributes
                0x0000000000000304       0x1a posprintf.o
 .ARM.attributes
                0x000000000000031e       0x2a /opt/devkitpro/libtonc/lib/libtonc.a(tonc_core.o)
 .ARM.attributes
                0x0000000000000348       0x1a /opt/devkitpro/libtonc/lib/libtonc.a(tonc_bios.o)
 .ARM.attributes
                0x0000000000000362       0x1a /opt/devkitpro/libtonc/lib/libtonc.a(tonc_memset.o)
 .ARM.attributes
                0x000000000000037c       0x2a /opt/devkitpro/devkitARM/bin/../lib/gcc/arm-none-eabi/11.1.0/../../../../arm-none-eabi/lib/thumb/libg.a(lib_a-init.o)
 .ARM.attributes
                0x00000000000003a6       0x2a /opt/devkitpro/devkitARM/bin/../lib/gcc/arm-none-eabi/11.1.0/../../../../arm-none-eabi/lib/thumb/libg.a(lib_a-memset.o)
 .ARM.attributes
                0x00000000000003d0       0x30 /opt/devkitpro/devkitARM/bin/../lib/gcc/arm-none-eabi/11.1.0/../../../../arm-none-eabi/lib/thumb/libsysbase.a(malloc_vars.o)
 .ARM.attributes
                0x0000000000000400       0x30 /opt/devkitpro/devkitARM/bin/../lib/gcc/arm-none-eabi/11.1.0/thumb/crtend.o
 .ARM.attributes
                0x0000000000000430       0x1c /opt/devkitpro/devkitARM/bin/../lib/gcc/arm-none-eabi/11.1.0/thumb/crtn.o

/DISCARD/
 *(.note.GNU-stack)
LOAD /opt/devkitpro/devkitARM/bin/../lib/gcc/arm-none-eabi/11.1.0/../../../../arm-none-eabi/lib/thumb/gba_crt0.o
LOAD /opt/devkitpro/devkitARM/bin/../lib/gcc/arm-none-eabi/11.1.0/thumb/crti.o
LOAD /opt/devkitpro/devkitARM/bin/../lib/gcc/arm-none-eabi/11.1.0/thumb/crtbegin.o
LOAD bullet.bin.o
LOAD enemybullet.bin.o
LOAD enemypallete.bin.o
LOAD enemypalletetrash.bin.o
LOAD exsplosion.bin.o
LOAD font.bin.o
LOAD numbers.bin.o
LOAD playerpallete.bin.o
LOAD ship.bin.o
LOAD shipprop.bin.o
LOAD sprite.bin.o
LOAD spriteprop.bin.o
LOAD underline.bin.o
LOAD soundbank.bin.o
LOAD SpritePositionFunctions.o
LOAD background.o
LOAD enemy.o
LOAD gameoverscreen.o
LOAD graphics.o
LOAD interrupts.o
LOAD main.o
LOAD music.o
LOAD score.o
LOAD posprintf.o
LOAD /opt/devkitpro/libgba/lib/libmm.a
LOAD /opt/devkitpro/libtonc/lib/libtonc.a
START GROUP
LOAD /opt/devkitpro/devkitARM/bin/../lib/gcc/arm-none-eabi/11.1.0/thumb/libgcc.a
LOAD /opt/devkitpro/devkitARM/bin/../lib/gcc/arm-none-eabi/11.1.0/../../../../arm-none-eabi/lib/thumb/libg.a
LOAD /opt/devkitpro/devkitARM/bin/../lib/gcc/arm-none-eabi/11.1.0/../../../../arm-none-eabi/lib/thumb/libc.a
LOAD /opt/devkitpro/devkitARM/bin/../lib/gcc/arm-none-eabi/11.1.0/../../../../arm-none-eabi/lib/thumb/libsysbase.a
END GROUP
LOAD /opt/devkitpro/devkitARM/bin/../lib/gcc/arm-none-eabi/11.1.0/thumb/crtend.o
LOAD /opt/devkitpro/devkitARM/bin/../lib/gcc/arm-none-eabi/11.1.0/thumb/crtn.o
OUTPUT(/Users/thoreaukilbourne/Desktop/GBA/Game/rom/Game.elf elf32-littlearm)
LOAD linker stubs

.debug_loclists
                0x0000000000000000     0x1443
 .debug_loclists
                0x0000000000000000      0x297 SpritePositionFunctions.o
 .debug_loclists
                0x0000000000000297      0x3c1 enemy.o
 .debug_loclists
                0x0000000000000658      0x1ca gameoverscreen.o
 .debug_loclists
                0x0000000000000822      0x1c2 graphics.o
 .debug_loclists
                0x00000000000009e4      0x852 main.o
 .debug_loclists
                0x0000000000001236       0x74 music.o
 .debug_loclists
                0x00000000000012aa      0x199 score.o

.debug_rnglists
                0x0000000000000000      0x177
 .debug_rnglists
                0x0000000000000000       0x58 SpritePositionFunctions.o
 .debug_rnglists
                0x0000000000000058       0x26 enemy.o
 .debug_rnglists
                0x000000000000007e       0x27 gameoverscreen.o
 .debug_rnglists
                0x00000000000000a5       0x48 main.o
 .debug_rnglists
                0x00000000000000ed       0x1c music.o
 .debug_rnglists
                0x0000000000000109       0x6e score.o

.debug_line_str
                0x0000000000000000       0x39
 .debug_line_str
                0x0000000000000000       0x39 posprintf.o
                                         0x72 (size before relaxing)
