Archive member included to satisfy reference by file (symbol)

/opt/devkitpro/libtonc/lib/libtonc.a(tonc_core.o)
                              bg.o (tonccpy)
/opt/devkitpro/libtonc/lib/libtonc.a(tonc_bios.o)
                              gameoverscreen.o (VBlankIntrWait)
/opt/devkitpro/libtonc/lib/libtonc.a(tonc_memset.o)
                              interrupts.o (memset32)
/opt/devkitpro/devkitARM/bin/../lib/gcc/arm-none-eabi/11.1.0/../../../../arm-none-eabi/lib/thumb/libg.a(lib_a-init.o)
                              /opt/devkitpro/devkitARM/bin/../lib/gcc/arm-none-eabi/11.1.0/../../../../arm-none-eabi/lib/thumb/gba_crt0.o (__libc_init_array)
/opt/devkitpro/devkitARM/bin/../lib/gcc/arm-none-eabi/11.1.0/../../../../arm-none-eabi/lib/thumb/libg.a(lib_a-memset.o)
                              main.o (memset)
/opt/devkitpro/devkitARM/bin/../lib/gcc/arm-none-eabi/11.1.0/../../../../arm-none-eabi/lib/thumb/libsysbase.a(malloc_vars.o)
                              /opt/devkitpro/devkitARM/bin/../lib/gcc/arm-none-eabi/11.1.0/../../../../arm-none-eabi/lib/thumb/gba_crt0.o (fake_heap_end)

Discarded input sections

 .text          0x0000000000000000        0x0 /opt/devkitpro/devkitARM/bin/../lib/gcc/arm-none-eabi/11.1.0/../../../../arm-none-eabi/lib/thumb/gba_crt0.o
 .data          0x0000000000000000        0x0 /opt/devkitpro/devkitARM/bin/../lib/gcc/arm-none-eabi/11.1.0/../../../../arm-none-eabi/lib/thumb/gba_crt0.o
 .bss           0x0000000000000000        0x0 /opt/devkitpro/devkitARM/bin/../lib/gcc/arm-none-eabi/11.1.0/../../../../arm-none-eabi/lib/thumb/gba_crt0.o
 .text          0x0000000000000000        0x0 /opt/devkitpro/devkitARM/bin/../lib/gcc/arm-none-eabi/11.1.0/thumb/crti.o
 .data          0x0000000000000000        0x0 /opt/devkitpro/devkitARM/bin/../lib/gcc/arm-none-eabi/11.1.0/thumb/crti.o
 .bss           0x0000000000000000        0x0 /opt/devkitpro/devkitARM/bin/../lib/gcc/arm-none-eabi/11.1.0/thumb/crti.o
 .text          0x0000000000000000        0x0 /opt/devkitpro/devkitARM/bin/../lib/gcc/arm-none-eabi/11.1.0/thumb/crtbegin.o
 .data          0x0000000000000000        0x0 /opt/devkitpro/devkitARM/bin/../lib/gcc/arm-none-eabi/11.1.0/thumb/crtbegin.o
 .bss           0x0000000000000000        0x0 /opt/devkitpro/devkitARM/bin/../lib/gcc/arm-none-eabi/11.1.0/thumb/crtbegin.o
 .rodata.all_implied_fbits
                0x0000000000000000       0x24 /opt/devkitpro/devkitARM/bin/../lib/gcc/arm-none-eabi/11.1.0/thumb/crtbegin.o
 .data.__dso_handle
                0x0000000000000000        0x4 /opt/devkitpro/devkitARM/bin/../lib/gcc/arm-none-eabi/11.1.0/thumb/crtbegin.o
 .text          0x0000000000000000        0x0 backgroundpallete.bin.o
 .data          0x0000000000000000        0x0 backgroundpallete.bin.o
 .bss           0x0000000000000000        0x0 backgroundpallete.bin.o
 .text          0x0000000000000000        0x0 bullet.bin.o
 .data          0x0000000000000000        0x0 bullet.bin.o
 .bss           0x0000000000000000        0x0 bullet.bin.o
 .text          0x0000000000000000        0x0 cloudmap.bin.o
 .data          0x0000000000000000        0x0 cloudmap.bin.o
 .bss           0x0000000000000000        0x0 cloudmap.bin.o
 .rodata.cloudmap_bin
                0x0000000000000000     0x1000 cloudmap.bin.o
 .text          0x0000000000000000        0x0 clouds.bin.o
 .data          0x0000000000000000        0x0 clouds.bin.o
 .bss           0x0000000000000000        0x0 clouds.bin.o
 .text          0x0000000000000000        0x0 enemybullet.bin.o
 .data          0x0000000000000000        0x0 enemybullet.bin.o
 .bss           0x0000000000000000        0x0 enemybullet.bin.o
 .rodata.enemybullet_bin
                0x0000000000000000       0x20 enemybullet.bin.o
 .text          0x0000000000000000        0x0 enemypallete.bin.o
 .data          0x0000000000000000        0x0 enemypallete.bin.o
 .bss           0x0000000000000000        0x0 enemypallete.bin.o
 .text          0x0000000000000000        0x0 enemypalletetrash.bin.o
 .data          0x0000000000000000        0x0 enemypalletetrash.bin.o
 .bss           0x0000000000000000        0x0 enemypalletetrash.bin.o
 .rodata.enemypalletetrash_bin
                0x0000000000000000       0x40 enemypalletetrash.bin.o
 .text          0x0000000000000000        0x0 exsplosion.bin.o
 .data          0x0000000000000000        0x0 exsplosion.bin.o
 .bss           0x0000000000000000        0x0 exsplosion.bin.o
 .text          0x0000000000000000        0x0 font.bin.o
 .data          0x0000000000000000        0x0 font.bin.o
 .bss           0x0000000000000000        0x0 font.bin.o
 .text          0x0000000000000000        0x0 islandmap.bin.o
 .data          0x0000000000000000        0x0 islandmap.bin.o
 .bss           0x0000000000000000        0x0 islandmap.bin.o
 .rodata.islandmap_bin
                0x0000000000000000     0x1000 islandmap.bin.o
 .text          0x0000000000000000        0x0 islands.bin.o
 .data          0x0000000000000000        0x0 islands.bin.o
 .bss           0x0000000000000000        0x0 islands.bin.o
 .rodata.islands_bin
                0x0000000000000000      0xca0 islands.bin.o
 .text          0x0000000000000000        0x0 numbers.bin.o
 .data          0x0000000000000000        0x0 numbers.bin.o
 .bss           0x0000000000000000        0x0 numbers.bin.o
 .text          0x0000000000000000        0x0 playerpallete.bin.o
 .data          0x0000000000000000        0x0 playerpallete.bin.o
 .bss           0x0000000000000000        0x0 playerpallete.bin.o
 .text          0x0000000000000000        0x0 ship.bin.o
 .data          0x0000000000000000        0x0 ship.bin.o
 .bss           0x0000000000000000        0x0 ship.bin.o
 .text          0x0000000000000000        0x0 shipprop.bin.o
 .data          0x0000000000000000        0x0 shipprop.bin.o
 .bss           0x0000000000000000        0x0 shipprop.bin.o
 .text          0x0000000000000000        0x0 sprite.bin.o
 .data          0x0000000000000000        0x0 sprite.bin.o
 .bss           0x0000000000000000        0x0 sprite.bin.o
 .rodata.sprite_bin
                0x0000000000000000       0x80 sprite.bin.o
 .text          0x0000000000000000        0x0 spriteprop.bin.o
 .data          0x0000000000000000        0x0 spriteprop.bin.o
 .bss           0x0000000000000000        0x0 spriteprop.bin.o
 .rodata.spriteprop_bin
                0x0000000000000000       0x80 spriteprop.bin.o
 .text          0x0000000000000000        0x0 underline.bin.o
 .data          0x0000000000000000        0x0 underline.bin.o
 .bss           0x0000000000000000        0x0 underline.bin.o
 .text          0x0000000000000000        0x0 soundbank.bin.o
 .data          0x0000000000000000        0x0 soundbank.bin.o
 .bss           0x0000000000000000        0x0 soundbank.bin.o
 .rodata.soundbank_bin
                0x0000000000000000   0x46a53a soundbank.bin.o
 .data          0x0000000000000000        0x0 SpritePositionFunctions.o
 .bss           0x0000000000000000        0x0 SpritePositionFunctions.o
 .text          0x0000000000000000        0x0 background.o
 .data          0x0000000000000000        0x0 background.o
 .bss           0x0000000000000000        0x0 background.o
 .rodata        0x0000000000000000      0x888 background.o
 .debug_info    0x0000000000000000       0xa2 background.o
 .debug_abbrev  0x0000000000000000       0x6a background.o
 .debug_aranges
                0x0000000000000000       0x18 background.o
 .debug_line    0x0000000000000000       0x5a background.o
 .debug_str     0x0000000000000000       0xfe background.o
 .comment       0x0000000000000000       0x24 background.o
 .data          0x0000000000000000        0x0 enemy.o
 .bss           0x0000000000000000        0x0 enemy.o
 .data          0x0000000000000000        0x0 gameoverscreen.o
 .bss           0x0000000000000000        0x0 gameoverscreen.o
 .data          0x0000000000000000        0x0 graphics.o
 .bss           0x0000000000000000        0x0 graphics.o
 .data          0x0000000000000000        0x0 interrupts.o
 .bss           0x0000000000000000        0x0 interrupts.o
 .data          0x0000000000000000        0x0 main.o
 .data          0x0000000000000000        0x0 music.o
 .data          0x0000000000000000        0x0 posprintf.o
 .bss           0x0000000000000000        0x0 posprintf.o
 .bss           0x0000000000000000        0x0 /opt/devkitpro/libtonc/lib/libtonc.a(tonc_core.o)
 .rodata        0x0000000000000000       0x58 /opt/devkitpro/libtonc/lib/libtonc.a(tonc_core.o)
 .data          0x0000000000000000        0x0 /opt/devkitpro/libtonc/lib/libtonc.a(tonc_bios.o)
 .bss           0x0000000000000000        0x0 /opt/devkitpro/libtonc/lib/libtonc.a(tonc_bios.o)
 .text          0x0000000000000000       0x3c /opt/devkitpro/libtonc/lib/libtonc.a(tonc_memset.o)
 .data          0x0000000000000000        0x0 /opt/devkitpro/libtonc/lib/libtonc.a(tonc_memset.o)
 .bss           0x0000000000000000        0x0 /opt/devkitpro/libtonc/lib/libtonc.a(tonc_memset.o)
 .text          0x0000000000000000        0x0 /opt/devkitpro/devkitARM/bin/../lib/gcc/arm-none-eabi/11.1.0/../../../../arm-none-eabi/lib/thumb/libg.a(lib_a-init.o)
 .data          0x0000000000000000        0x0 /opt/devkitpro/devkitARM/bin/../lib/gcc/arm-none-eabi/11.1.0/../../../../arm-none-eabi/lib/thumb/libg.a(lib_a-init.o)
 .bss           0x0000000000000000        0x0 /opt/devkitpro/devkitARM/bin/../lib/gcc/arm-none-eabi/11.1.0/../../../../arm-none-eabi/lib/thumb/libg.a(lib_a-init.o)
 .text          0x0000000000000000        0x0 /opt/devkitpro/devkitARM/bin/../lib/gcc/arm-none-eabi/11.1.0/../../../../arm-none-eabi/lib/thumb/libg.a(lib_a-memset.o)
 .data          0x0000000000000000        0x0 /opt/devkitpro/devkitARM/bin/../lib/gcc/arm-none-eabi/11.1.0/../../../../arm-none-eabi/lib/thumb/libg.a(lib_a-memset.o)
 .bss           0x0000000000000000        0x0 /opt/devkitpro/devkitARM/bin/../lib/gcc/arm-none-eabi/11.1.0/../../../../arm-none-eabi/lib/thumb/libg.a(lib_a-memset.o)
 .text          0x0000000000000000        0x0 /opt/devkitpro/devkitARM/bin/../lib/gcc/arm-none-eabi/11.1.0/../../../../arm-none-eabi/lib/thumb/libsysbase.a(malloc_vars.o)
 .data          0x0000000000000000        0x0 /opt/devkitpro/devkitARM/bin/../lib/gcc/arm-none-eabi/11.1.0/../../../../arm-none-eabi/lib/thumb/libsysbase.a(malloc_vars.o)
 .bss           0x0000000000000000        0x0 /opt/devkitpro/devkitARM/bin/../lib/gcc/arm-none-eabi/11.1.0/../../../../arm-none-eabi/lib/thumb/libsysbase.a(malloc_vars.o)
 .bss.fake_heap_start
                0x0000000000000000        0x4 /opt/devkitpro/devkitARM/bin/../lib/gcc/arm-none-eabi/11.1.0/../../../../arm-none-eabi/lib/thumb/libsysbase.a(malloc_vars.o)
 .text          0x0000000000000000        0x0 /opt/devkitpro/devkitARM/bin/../lib/gcc/arm-none-eabi/11.1.0/thumb/crtend.o
 .data          0x0000000000000000        0x0 /opt/devkitpro/devkitARM/bin/../lib/gcc/arm-none-eabi/11.1.0/thumb/crtend.o
 .bss           0x0000000000000000        0x0 /opt/devkitpro/devkitARM/bin/../lib/gcc/arm-none-eabi/11.1.0/thumb/crtend.o
 .rodata.all_implied_fbits
                0x0000000000000000       0x24 /opt/devkitpro/devkitARM/bin/../lib/gcc/arm-none-eabi/11.1.0/thumb/crtend.o
 .text          0x0000000000000000        0x0 /opt/devkitpro/devkitARM/bin/../lib/gcc/arm-none-eabi/11.1.0/thumb/crtn.o
 .data          0x0000000000000000        0x0 /opt/devkitpro/devkitARM/bin/../lib/gcc/arm-none-eabi/11.1.0/thumb/crtn.o
 .bss           0x0000000000000000        0x0 /opt/devkitpro/devkitARM/bin/../lib/gcc/arm-none-eabi/11.1.0/thumb/crtn.o

Memory Configuration

Name             Origin             Length             Attributes
rom              0x0000000008000000 0x0000000002000000
iwram            0x0000000003000000 0x0000000000008000
ewram            0x0000000002000000 0x0000000000040000
*default*        0x0000000000000000 0xffffffffffffffff

Linker script and memory map

                0x0000000008000000                __text_start = ORIGIN (rom)
                0x0000000002040000                __eheap_end = (ORIGIN (ewram) + LENGTH (ewram))
                0x0000000003000000                __iwram_start = ORIGIN (iwram)
                0x0000000003008000                __iwram_top = (ORIGIN (iwram) + LENGTH (iwram))
                0x0000000003007fa0                __sp_irq = (__iwram_top - 0x60)
                0x0000000003007f00                __sp_usr = (__sp_irq - 0xa0)
                0x0000000003007ff8                __irq_flags = 0x3007ff8
                0x0000000008000000                . = __text_start

.crt0           0x0000000008000000      0x210
 *(.crt0)
 .crt0          0x0000000008000000      0x210 /opt/devkitpro/devkitARM/bin/../lib/gcc/arm-none-eabi/11.1.0/../../../../arm-none-eabi/lib/thumb/gba_crt0.o
                0x0000000008000000                _start
                0x00000000080000c4                __boot_method
                0x00000000080000c5                __slave_number
                0x00000000080000e0                start_vector
                0x0000000008000210                . = ALIGN (0x4)

.init           0x0000000008000210        0xc
 *(SORT_NONE(.init))
 .init          0x0000000008000210        0x4 /opt/devkitpro/devkitARM/bin/../lib/gcc/arm-none-eabi/11.1.0/thumb/crti.o
                0x0000000008000210                _init
 .init          0x0000000008000214        0x8 /opt/devkitpro/devkitARM/bin/../lib/gcc/arm-none-eabi/11.1.0/thumb/crtn.o

.plt            0x000000000800021c        0x0
 *(.plt)
                0x000000000800021c                . = ALIGN (0x4)

.text           0x000000000800021c     0x1cc4
 *(EXCLUDE_FILE(*.iwram*) .text*)
 .text.__do_global_dtors_aux
                0x000000000800021c       0x2c /opt/devkitpro/devkitARM/bin/../lib/gcc/arm-none-eabi/11.1.0/thumb/crtbegin.o
 .text.frame_dummy
                0x0000000008000248       0x24 /opt/devkitpro/devkitARM/bin/../lib/gcc/arm-none-eabi/11.1.0/thumb/crtbegin.o
 .text          0x000000000800026c      0x168 SpritePositionFunctions.o
                0x000000000800026c                xyoverflow
                0x00000000080002cc                anglespeed
 .text          0x00000000080003d4      0x158 bg.o
                0x00000000080003d4                initbackground
                0x0000000008000450                loadbackground
                0x00000000080004f4                loadtile
 .text          0x000000000800052c      0x1ec enemy.o
                0x000000000800052c                anglediferencetobuttonpress
                0x00000000080005f0                speedupslowdown
                0x0000000008000664                enemyai
 .text          0x0000000008000718      0x2dc gameoverscreen.o
                0x0000000008000718                deathanimation
                0x00000000080007e8                gameoverscreen
 .text          0x00000000080009f4       0xbc graphics.o
                0x00000000080009f4                displaytext
                0x0000000008000a44                createship
                0x0000000008000a7c                createbullet
 .text          0x0000000008000ab0       0x38 interrupts.o
                0x0000000008000ab0                initinterrupthandler
 .text          0x0000000008000ae8       0xb8 main.o
                0x0000000008000ae8                startscreen
 .text.startup  0x0000000008000ba0      0x954 main.o
                0x0000000008000ba0                main
 .text          0x00000000080014f4       0x74 music.o
                0x00000000080014f4                initmusicregisters
                0x0000000008001550                initilizebuffervariables
 .text          0x0000000008001568      0x3c4 score.o
                0x0000000008001568                displayscore
                0x000000000800159c                displaynumber
                0x00000000080015d0                initleaderboard
                0x0000000008001618                leaderboardpreset
                0x000000000800164c                displayscoreboard
                0x00000000080016f0                addtoleaderboard
                0x0000000008001724                addunderline
                0x0000000008001758                openupboardposition
                0x00000000080017d4                leaderboardpositionfinder
                0x0000000008001808                checkforhighscore
                0x0000000008001820                savescore
                0x000000000800187c                loadscore
                0x00000000080018b0                verifysave
                0x00000000080018e8                sram_memcpy
                0x0000000008001904                sram_memcmp
 .text          0x000000000800192c      0x264 posprintf.o
                0x000000000800192c                posprintf
 .text          0x0000000008001b90      0x1c4 /opt/devkitpro/libtonc/lib/libtonc.a(tonc_core.o)
                0x0000000008001b90                tonccpy
                0x0000000008001c40                __toncset
                0x0000000008001cd0                sqran
                0x0000000008001ce0                octant
                0x0000000008001d00                octant_rot
 .text          0x0000000008001d54       0x8c /opt/devkitpro/libtonc/lib/libtonc.a(tonc_bios.o)
                0x0000000008001d54                SoftReset
                0x0000000008001d58                RegisterRamReset
                0x0000000008001d5c                Halt
                0x0000000008001d60                Stop
                0x0000000008001d64                IntrWait
                0x0000000008001d68                VBlankIntrWait
                0x0000000008001d6c                Div
                0x0000000008001d70                DivArm
                0x0000000008001d74                Sqrt
                0x0000000008001d78                ArcTan
                0x0000000008001d7c                ArcTan2
                0x0000000008001d80                CpuSet
                0x0000000008001d84                CpuFastSet
                0x0000000008001d88                BiosCheckSum
                0x0000000008001d8c                BgAffineSet
                0x0000000008001d90                ObjAffineSet
                0x0000000008001d94                BitUnPack
                0x0000000008001d98                LZ77UnCompWram
                0x0000000008001d9c                LZ77UnCompVram
                0x0000000008001da0                HuffUnComp
                0x0000000008001da4                RLUnCompWram
                0x0000000008001da8                RLUnCompVram
                0x0000000008001dac                Diff8bitUnFilterWram
                0x0000000008001db0                Diff8bitUnFilterVram
                0x0000000008001db4                Diff16bitUnFilter
                0x0000000008001db8                SoundBias
                0x0000000008001dbc                SoundDriverInit
                0x0000000008001dc0                SoundDriverMode
                0x0000000008001dc4                SoundDriverMain
                0x0000000008001dc8                SoundDriverVSync
                0x0000000008001dcc                SoundChannelClear
                0x0000000008001dd0                MidiKey2Freq
                0x0000000008001dd4                MultiBoot
                0x0000000008001dd8                SoundDriverVSyncOff
                0x0000000008001ddc                SoundDriverVSyncOn
 .text.__libc_init_array
                0x0000000008001de0       0x50 /opt/devkitpro/devkitARM/bin/../lib/gcc/arm-none-eabi/11.1.0/../../../../arm-none-eabi/lib/thumb/libg.a(lib_a-init.o)
                0x0000000008001de0                __libc_init_array
 .text.memset   0x0000000008001e30       0xb0 /opt/devkitpro/devkitARM/bin/../lib/gcc/arm-none-eabi/11.1.0/../../../../arm-none-eabi/lib/thumb/libg.a(lib_a-memset.o)
                0x0000000008001e30                memset
 *(.gnu.linkonce.t.*)
 *(.text.*personality*)
 *(.gnu.warning)
 *(.glue_7t)
 .glue_7t       0x0000000008001ee0        0x0 linker stubs
 *(.glue_7)
 .glue_7        0x0000000008001ee0        0x0 linker stubs
 *(.vfp11_veneer)
 .vfp11_veneer  0x0000000008001ee0        0x0 linker stubs
                0x0000000008001ee0                . = ALIGN (0x4)
                0x0000000008001ee0                __text_end = .

.v4_bx          0x0000000008001ee0        0x0
 .v4_bx         0x0000000008001ee0        0x0 linker stubs

.iplt           0x0000000008001ee0        0x0
 .iplt          0x0000000008001ee0        0x0 /opt/devkitpro/devkitARM/bin/../lib/gcc/arm-none-eabi/11.1.0/../../../../arm-none-eabi/lib/thumb/gba_crt0.o

.fini           0x0000000008001ee0        0xc
 *(.fini)
 .fini          0x0000000008001ee0        0x4 /opt/devkitpro/devkitARM/bin/../lib/gcc/arm-none-eabi/11.1.0/thumb/crti.o
                0x0000000008001ee0                _fini
 .fini          0x0000000008001ee4        0x8 /opt/devkitpro/devkitARM/bin/../lib/gcc/arm-none-eabi/11.1.0/thumb/crtn.o
                0x0000000008001eec                . = ALIGN (0x4)

.rodata         0x0000000008001eec   0x140f5c
 *(.rodata)
 .rodata        0x0000000008001eec      0x140 bg.o
                0x0000000008001eec                bg2map
                0x0000000008001fec                cloud0
                0x000000000800200c                blank
 .rodata        0x000000000800202c       0x38 interrupts.o
                0x000000000800202c                irqpointer
 .rodata        0x0000000008002064       0x10 main.o
                0x0000000008002064                ScreenHieght
                0x0000000008002065                ScreenWidth
                0x0000000008002066                a
                0x0000000008002068                start
                0x000000000800206a                b
                0x000000000800206c                right
                0x000000000800206e                left
                0x0000000008002070                up
                0x0000000008002072                down
 .rodata        0x0000000008002074   0x1404f6 music.o
                0x0000000008002074                skytheme
 *all.rodata*(*)
 *(.roda)
 *(.rodata.*)
 *fill*         0x000000000814256a        0x2 ff
 .rodata.backgroundpallete_bin
                0x000000000814256c       0x20 backgroundpallete.bin.o
                0x000000000814256c                backgroundpallete_bin
                0x000000000814258c                backgroundpallete_bin_end
 .rodata.bullet_bin
                0x000000000814258c       0x20 bullet.bin.o
                0x000000000814258c                bullet_bin
                0x00000000081425ac                bullet_bin_end
 .rodata.clouds_bin
                0x00000000081425ac      0x200 clouds.bin.o
                0x00000000081425ac                clouds_bin
                0x00000000081427ac                clouds_bin_end
 .rodata.enemypallete_bin
                0x00000000081427ac       0x20 enemypallete.bin.o
                0x00000000081427ac                enemypallete_bin
                0x00000000081427cc                enemypallete_bin_end
 .rodata.exsplosion_bin
                0x00000000081427cc       0x80 exsplosion.bin.o
                0x00000000081427cc                exsplosion_bin
                0x000000000814284c                exsplosion_bin_end
 .rodata.font_bin
                0x000000000814284c      0x360 font.bin.o
                0x000000000814284c                font_bin
                0x0000000008142bac                font_bin_end
 .rodata.numbers_bin
                0x0000000008142bac      0x140 numbers.bin.o
                0x0000000008142bac                numbers_bin
                0x0000000008142cec                numbers_bin_end
 .rodata.playerpallete_bin
                0x0000000008142cec       0x20 playerpallete.bin.o
                0x0000000008142cec                playerpallete_bin
                0x0000000008142d0c                playerpallete_bin_end
 .rodata.ship_bin
                0x0000000008142d0c       0x80 ship.bin.o
                0x0000000008142d0c                ship_bin
                0x0000000008142d8c                ship_bin_end
 .rodata.shipprop_bin
                0x0000000008142d8c       0x80 shipprop.bin.o
                0x0000000008142d8c                shipprop_bin
                0x0000000008142e0c                shipprop_bin_end
 .rodata.underline_bin
                0x0000000008142e0c       0x20 underline.bin.o
                0x0000000008142e0c                underline_bin
                0x0000000008142e2c                underline_bin_end
 .rodata.str1.4
                0x0000000008142e2c       0x18 gameoverscreen.o
 .rodata.str1.4
                0x0000000008142e44        0xc main.o
 .rodata.str1.4
                0x0000000008142e44        0x4 score.o
 *(.gnu.linkonce.r*)
                0x0000000008142e50                . = ALIGN (0x4)

.ARM.extab
 *(.ARM.extab* .gnu.linkonce.armextab.*)
                0x0000000008142e48                __exidx_start = .

.ARM.exidx
 *(.ARM.exidx* .gnu.linkonce.armexidx.*)
                0x0000000008142e48                __exidx_end = .

.ctors          0x0000000008142e48        0x0
 *crtbegin.o(.ctors)
 *(EXCLUDE_FILE(*crtend.o) .ctors)
 *(SORT_BY_NAME(.ctors.*))
 *(.ctors)
                0x0000000008142e48                . = ALIGN (0x4)

.dtors          0x0000000008142e48        0x0
 *crtbegin.o(.dtors)
 *(EXCLUDE_FILE(*crtend.o) .dtors)
 *(SORT_BY_NAME(.dtors.*))
 *(.dtors)
                0x0000000008142e48                . = ALIGN (0x4)

.eh_frame       0x0000000008142e48        0x4
 *(.eh_frame)
 .eh_frame      0x0000000008142e48        0x0 /opt/devkitpro/devkitARM/bin/../lib/gcc/arm-none-eabi/11.1.0/thumb/crtbegin.o
 .eh_frame      0x0000000008142e48        0x4 /opt/devkitpro/devkitARM/bin/../lib/gcc/arm-none-eabi/11.1.0/thumb/crtend.o
                0x0000000008142e4c                . = ALIGN (0x4)

.gcc_except_table
                0x0000000008142e4c        0x0
 *(.gcc_except_table)
                0x0000000008142e4c                . = ALIGN (0x4)
                0x0000000008142e4c                __iwram_lma = .

.iwram          0x0000000003000000      0x260 load address 0x0000000008142e4c
                0x0000000003000000                __iwram_start__ = ABSOLUTE (.)
 *(.iwram .iwram*)
 .iwram         0x0000000003000000       0x58 bg.o
                0x0000000003000000                scrollbackground
                0x0000000003000040                changetime
 .iwram         0x0000000003000058       0xd0 interrupts.o
                0x0000000003000058                interrupthandler
                0x00000000030000dc                hblank
                0x00000000030000e0                keypress
                0x00000000030000e4                serial
                0x00000000030000e8                cartremoved
                0x00000000030000ec                noirq
                0x00000000030000f0                vblank
 .iwram         0x0000000003000128       0xec music.o
                0x0000000003000128                switchoutdma
                0x0000000003000164                fillbuffer
 .iwram         0x0000000003000214       0x4c /opt/devkitpro/libtonc/lib/libtonc.a(tonc_memset.o)
                0x0000000003000214                memset32
 *iwram.*(.text* .data*)
                0x0000000003000260                . = ALIGN (0x4)
                0x0000000003000260                __iwram_end__ = ABSOLUTE (.)
                0x00000000081430ac                __data_lma = (__iwram_lma + SIZEOF (.iwram))

.rel.dyn        0x0000000003000260        0x0 load address 0x00000000081430ac
 .rel.iplt      0x0000000003000260        0x0 /opt/devkitpro/devkitARM/bin/../lib/gcc/arm-none-eabi/11.1.0/../../../../arm-none-eabi/lib/thumb/gba_crt0.o

.bss            0x0000000003000260      0x2d4
                0x0000000003000260                __bss_start = ABSOLUTE (.)
                0x0000000003000260                __bss_start__ = ABSOLUTE (.)
 *(.dynbss)
 *(.gnu.linkonce.b*)
 *(.bss*)
 .bss.completed.1
                0x0000000003000260        0x1 /opt/devkitpro/devkitARM/bin/../lib/gcc/arm-none-eabi/11.1.0/thumb/crtbegin.o
 *fill*         0x0000000003000261        0x3 
 .bss.object.0  0x0000000003000264       0x18 /opt/devkitpro/devkitARM/bin/../lib/gcc/arm-none-eabi/11.1.0/thumb/crtbegin.o
 .bss           0x000000000300027c        0x8 bg.o
                0x000000000300027c                scroll
                0x0000000003000280                time
 .bss           0x0000000003000284       0x1d main.o
                0x0000000003000284                shipcount
                0x0000000003000288                shipptr
                0x0000000003000298                gameover
                0x0000000003000299                exsplosion
                0x000000000300029a                score
                0x000000000300029c                xyout
                0x00000000030002a0                level
 *fill*         0x00000000030002a1        0x3 
 .bss           0x00000000030002a4      0x270 music.o
                0x00000000030002a4                BufferAttributes
                0x00000000030002ac                Buffer
                0x000000000300050c                SongData
 .bss           0x0000000003000514       0x1a score.o
                0x0000000003000514                leaderboard
 *fill*         0x000000000300052e        0x2 
 .bss.fake_heap_end
                0x0000000003000530        0x4 /opt/devkitpro/devkitARM/bin/../lib/gcc/arm-none-eabi/11.1.0/../../../../arm-none-eabi/lib/thumb/libsysbase.a(malloc_vars.o)
                0x0000000003000530                fake_heap_end
 *(COMMON)
                0x0000000003000534                . = ALIGN (0x4)
                0x0000000003000534                __bss_end__ = ABSOLUTE (.)

.data           0x0000000003000534       0x14 load address 0x00000000081430ac
                0x0000000003000534                __data_start__ = ABSOLUTE (.)
 *(.data*)
 .data          0x0000000003000534        0x8 bg.o
                0x0000000003000534                tiles
 .data          0x000000000300053c        0x1 score.o
                0x000000000300053c                boardpos
 *fill*         0x000000000300053d        0x3 ff
 .data          0x0000000003000540        0x8 /opt/devkitpro/libtonc/lib/libtonc.a(tonc_core.o)
                0x0000000003000540                __qran_seed
                0x0000000003000544                vid_page
 *(.gnu.linkonce.d*)
                0x0000000003000548                . = ALIGN (0x4)
                0x00000000081430c0                __preinit_lma = (__data_lma + SIZEOF (.data))

.igot.plt       0x0000000003000548        0x0 load address 0x00000000081430c0
 .igot.plt      0x0000000003000548        0x0 /opt/devkitpro/devkitARM/bin/../lib/gcc/arm-none-eabi/11.1.0/../../../../arm-none-eabi/lib/thumb/gba_crt0.o

.preinit_array  0x0000000003000548        0x0 load address 0x00000000081430c0
                0x0000000003000548                __preinit_array_start = ABSOLUTE (.)
 *(.preinit_array)
                0x0000000003000548                __preinit_array_end = ABSOLUTE (.)
                0x00000000081430c0                __init_lma = (__preinit_lma + SIZEOF (.preinit_array))

.init_array     0x0000000003000548        0x4 load address 0x00000000081430c0
                0x0000000003000548                __init_array_start = ABSOLUTE (.)
 *(SORT_BY_NAME(.init_array.*))
 *(.init_array)
 .init_array    0x0000000003000548        0x4 /opt/devkitpro/devkitARM/bin/../lib/gcc/arm-none-eabi/11.1.0/thumb/crtbegin.o
                0x000000000300054c                __init_array_end = ABSOLUTE (.)
                0x00000000081430c4                __fini_lma = (__init_lma + SIZEOF (.init_array))

.fini_array     0x000000000300054c        0x4 load address 0x00000000081430c4
                0x000000000300054c                __fini_array_start = ABSOLUTE (.)
 *(SORT_BY_NAME(.fini_array.*))
 *(.fini_array)
 .fini_array    0x000000000300054c        0x4 /opt/devkitpro/devkitARM/bin/../lib/gcc/arm-none-eabi/11.1.0/thumb/crtbegin.o
                0x0000000003000550                __fini_array_end = ABSOLUTE (.)
                0x00000000081430c8                __jcr_lma = (__fini_lma + SIZEOF (.fini_array))

.jcr            0x0000000003000550        0x0 load address 0x00000000081430c8
 *(.jcr)
                0x0000000003000550                __data_end__ = ABSOLUTE (.)
                0x00000000081430c8                __iwram_overlay_lma = (__jcr_lma + SIZEOF (.jcr))
                0x0000000003000550                __iwram_overlay_start = .

.iwram0         0x0000000003000550        0x0 load address 0x00000000081430c8
 *(.iwram0)
                0x0000000003000550                . = ALIGN (0x4)
                0x00000000081430c8                PROVIDE (__load_start_iwram0 = LOADADDR (.iwram0))
                0x00000000081430c8                PROVIDE (__load_stop_iwram0 = (LOADADDR (.iwram0) + SIZEOF (.iwram0)))

.iwram1         0x0000000003000550        0x0
 *(.iwram1)
                0x0000000003000550                . = ALIGN (0x4)
                [!provide]                        PROVIDE (__load_start_iwram1 = LOADADDR (.iwram1))
                [!provide]                        PROVIDE (__load_stop_iwram1 = (LOADADDR (.iwram1) + SIZEOF (.iwram1)))

.iwram2         0x0000000003000550        0x0
 *(.iwram2)
                0x0000000003000550                . = ALIGN (0x4)
                [!provide]                        PROVIDE (__load_start_iwram2 = LOADADDR (.iwram2))
                [!provide]                        PROVIDE (__load_stop_iwram2 = (LOADADDR (.iwram2) + SIZEOF (.iwram2)))

.iwram3         0x0000000003000550        0x0
 *(.iwram3)
                0x0000000003000550                . = ALIGN (0x4)
                [!provide]                        PROVIDE (__load_start_iwram3 = LOADADDR (.iwram3))
                [!provide]                        PROVIDE (__load_stop_iwram3 = (LOADADDR (.iwram3) + SIZEOF (.iwram3)))

.iwram4         0x0000000003000550        0x0
 *(.iwram4)
                0x0000000003000550                . = ALIGN (0x4)
                [!provide]                        PROVIDE (__load_start_iwram4 = LOADADDR (.iwram4))
                [!provide]                        PROVIDE (__load_stop_iwram4 = (LOADADDR (.iwram4) + SIZEOF (.iwram4)))

.iwram5         0x0000000003000550        0x0
 *(.iwram5)
                0x0000000003000550                . = ALIGN (0x4)
                [!provide]                        PROVIDE (__load_start_iwram5 = LOADADDR (.iwram5))
                [!provide]                        PROVIDE (__load_stop_iwram5 = (LOADADDR (.iwram5) + SIZEOF (.iwram5)))

.iwram6         0x0000000003000550        0x0
 *(.iwram6)
                0x0000000003000550                . = ALIGN (0x4)
                [!provide]                        PROVIDE (__load_start_iwram6 = LOADADDR (.iwram6))
                [!provide]                        PROVIDE (__load_stop_iwram6 = (LOADADDR (.iwram6) + SIZEOF (.iwram6)))

.iwram7         0x0000000003000550        0x0
 *(.iwram7)
                0x0000000003000550                . = ALIGN (0x4)
                [!provide]                        PROVIDE (__load_start_iwram7 = LOADADDR (.iwram7))
                [!provide]                        PROVIDE (__load_stop_iwram7 = (LOADADDR (.iwram7) + SIZEOF (.iwram7)))

.iwram8         0x0000000003000550        0x0
 *(.iwram8)
                0x0000000003000550                . = ALIGN (0x4)
                [!provide]                        PROVIDE (__load_start_iwram8 = LOADADDR (.iwram8))
                [!provide]                        PROVIDE (__load_stop_iwram8 = (LOADADDR (.iwram8) + SIZEOF (.iwram8)))

.iwram9         0x0000000003000550        0x0
 *(.iwram9)
                0x0000000003000550                . = ALIGN (0x4)
                [!provide]                        PROVIDE (__load_start_iwram9 = LOADADDR (.iwram9))
                [!provide]                        PROVIDE (__load_stop_iwram9 = (LOADADDR (.iwram9) + SIZEOF (.iwram9)))
                0x0000000003000550                __iwram_overlay_end = .
                0x00000000081430c8                __ewram_lma = (__iwram_overlay_lma + (__iwram_overlay_end - __iwram_overlay_start))
                0x0000000003000550                __iheap_start = .
                0x0000000002000000                __ewram_start = ORIGIN (ewram)

.ewram          0x0000000002000000        0x0 load address 0x00000000081430c8
 *(.ewram*)
                0x0000000002000000                . = ALIGN (0x4)
                0x0000000002000000                __ewram_end = ABSOLUTE (.)
                0x00000000081430c8                __pad_lma = (__ewram_lma + SIZEOF (.ewram))

.sbss           0x0000000002000000        0x0
                0x0000000002000000                __sbss_start__ = ABSOLUTE (.)
 *(.sbss*)
                0x0000000002000000                . = ALIGN (0x4)
                0x0000000002000000                __sbss_end__ = ABSOLUTE (.)
                0x0000000002000000                __end__ = ABSOLUTE (.)
                0x0000000002000000                __eheap_start = ABSOLUTE (.)

.pad            0x0000000002000000        0x8 load address 0x00000000081430c8
                0x0000000002000000        0x4 LONG 0x52416b64
                0x0000000002000004        0x4 LONG 0x4d
                0x0000000002000008                . = ALIGN (0x4)
                0x00000000081430d0                __rom_end__ = (__pad_lma + SIZEOF (.pad))

.stab
 *(.stab)

.stabstr
 *(.stabstr)

.stab.excl
 *(.stab.excl)

.stab.exclstr
 *(.stab.exclstr)

.stab.index
 *(.stab.index)

.stab.indexstr
 *(.stab.indexstr)

.comment        0x0000000000000000       0x45
 *(.comment)
 .comment       0x0000000000000000       0x23 /opt/devkitpro/devkitARM/bin/../lib/gcc/arm-none-eabi/11.1.0/thumb/crtbegin.o
                                         0x24 (size before relaxing)
 .comment       0x0000000000000023       0x24 SpritePositionFunctions.o
 .comment       0x0000000000000023       0x24 bg.o
 .comment       0x0000000000000023       0x24 enemy.o
 .comment       0x0000000000000023       0x24 gameoverscreen.o
 .comment       0x0000000000000023       0x24 graphics.o
 .comment       0x0000000000000023       0x24 interrupts.o
 .comment       0x0000000000000023       0x24 main.o
 .comment       0x0000000000000023       0x24 music.o
 .comment       0x0000000000000023       0x24 score.o
 .comment       0x0000000000000023       0x22 /opt/devkitpro/libtonc/lib/libtonc.a(tonc_core.o)
                                         0x23 (size before relaxing)
 .comment       0x0000000000000045       0x24 /opt/devkitpro/devkitARM/bin/../lib/gcc/arm-none-eabi/11.1.0/../../../../arm-none-eabi/lib/thumb/libg.a(lib_a-init.o)
 .comment       0x0000000000000045       0x24 /opt/devkitpro/devkitARM/bin/../lib/gcc/arm-none-eabi/11.1.0/../../../../arm-none-eabi/lib/thumb/libg.a(lib_a-memset.o)
 .comment       0x0000000000000045       0x24 /opt/devkitpro/devkitARM/bin/../lib/gcc/arm-none-eabi/11.1.0/../../../../arm-none-eabi/lib/thumb/libsysbase.a(malloc_vars.o)
 .comment       0x0000000000000045       0x24 /opt/devkitpro/devkitARM/bin/../lib/gcc/arm-none-eabi/11.1.0/thumb/crtend.o

.debug
 *(.debug)

.line
 *(.line)

.debug_srcinfo
 *(.debug_srcinfo)

.debug_sfnames
 *(.debug_sfnames)

.debug_aranges  0x0000000000000000      0x1a0
 *(.debug_aranges)
 .debug_aranges
                0x0000000000000000       0x20 SpritePositionFunctions.o
 .debug_aranges
                0x0000000000000020       0x30 bg.o
 .debug_aranges
                0x0000000000000050       0x20 enemy.o
 .debug_aranges
                0x0000000000000070       0x20 gameoverscreen.o
 .debug_aranges
                0x0000000000000090       0x20 graphics.o
 .debug_aranges
                0x00000000000000b0       0x58 interrupts.o
 .debug_aranges
                0x0000000000000108       0x28 main.o
 .debug_aranges
                0x0000000000000130       0x30 music.o
 .debug_aranges
                0x0000000000000160       0x20 score.o
 .debug_aranges
                0x0000000000000180       0x20 posprintf.o

.debug_pubnames
 *(.debug_pubnames)

.debug_info     0x0000000000000000     0x2e42
 *(.debug_info)
 .debug_info    0x0000000000000000      0x218 SpritePositionFunctions.o
 .debug_info    0x0000000000000218      0x44b bg.o
 .debug_info    0x0000000000000663      0x4ca enemy.o
 .debug_info    0x0000000000000b2d      0x5e9 gameoverscreen.o
 .debug_info    0x0000000000001116      0x267 graphics.o
 .debug_info    0x000000000000137d      0x328 interrupts.o
 .debug_info    0x00000000000016a5      0xcd2 main.o
 .debug_info    0x0000000000002377      0x275 music.o
 .debug_info    0x00000000000025ec      0x831 score.o
 .debug_info    0x0000000000002e1d       0x25 posprintf.o

.debug_abbrev   0x0000000000000000     0x128e
 *(.debug_abbrev)
 .debug_abbrev  0x0000000000000000      0x156 SpritePositionFunctions.o
 .debug_abbrev  0x0000000000000156      0x20b bg.o
 .debug_abbrev  0x0000000000000361      0x223 enemy.o
 .debug_abbrev  0x0000000000000584      0x22f gameoverscreen.o
 .debug_abbrev  0x00000000000007b3      0x114 graphics.o
 .debug_abbrev  0x00000000000008c7      0x1a3 interrupts.o
 .debug_abbrev  0x0000000000000a6a      0x3b4 main.o
 .debug_abbrev  0x0000000000000e1e      0x140 music.o
 .debug_abbrev  0x0000000000000f5e      0x31c score.o
 .debug_abbrev  0x000000000000127a       0x14 posprintf.o

.debug_line     0x0000000000000000     0x269d
 *(.debug_line)
 .debug_line    0x0000000000000000      0x233 SpritePositionFunctions.o
 .debug_line    0x0000000000000233      0x414 bg.o
 .debug_line    0x0000000000000647      0x2f9 enemy.o
 .debug_line    0x0000000000000940      0x3a1 gameoverscreen.o
 .debug_line    0x0000000000000ce1      0x1cb graphics.o
 .debug_line    0x0000000000000eac      0x1d1 interrupts.o
 .debug_line    0x000000000000107d      0xc19 main.o
 .debug_line    0x0000000000001c96      0x252 music.o
 .debug_line    0x0000000000001ee8      0x63f score.o
 .debug_line    0x0000000000002527      0x176 posprintf.o

.debug_frame    0x0000000000000000      0x510
 *(.debug_frame)
 .debug_frame   0x0000000000000000       0x3c SpritePositionFunctions.o
 .debug_frame   0x000000000000003c       0x80 bg.o
 .debug_frame   0x00000000000000bc       0x78 enemy.o
 .debug_frame   0x0000000000000134       0x68 gameoverscreen.o
 .debug_frame   0x000000000000019c       0x64 graphics.o
 .debug_frame   0x0000000000000200       0xbc interrupts.o
 .debug_frame   0x00000000000002bc       0x68 main.o
 .debug_frame   0x0000000000000324       0x68 music.o
 .debug_frame   0x000000000000038c      0x184 score.o

.debug_str      0x0000000000000000      0xbf7
 *(.debug_str)
 .debug_str     0x0000000000000000      0x13e SpritePositionFunctions.o
                                        0x16d (size before relaxing)
 .debug_str     0x000000000000013e      0x14a bg.o
                                        0x277 (size before relaxing)
 .debug_str     0x0000000000000288      0x14a enemy.o
                                        0x24e (size before relaxing)
 .debug_str     0x00000000000003d2      0x1a2 gameoverscreen.o
                                        0x301 (size before relaxing)
 .debug_str     0x0000000000000574       0xa8 graphics.o
                                        0x1f0 (size before relaxing)
 .debug_str     0x000000000000061c      0x173 interrupts.o
                                        0x2a4 (size before relaxing)
 .debug_str     0x000000000000078f      0x2ea main.o
                                        0x5e6 (size before relaxing)
 .debug_str     0x0000000000000a79       0xc6 music.o
                                        0x243 (size before relaxing)
 .debug_str     0x0000000000000b3f       0x9e score.o
                                        0x2ca (size before relaxing)
 .debug_str     0x0000000000000bdd       0x1a posprintf.o
                                         0x49 (size before relaxing)

.debug_loc
 *(.debug_loc)

.debug_macinfo
 *(.debug_macinfo)

.debug_weaknames
 *(.debug_weaknames)

.debug_funcnames
 *(.debug_funcnames)

.debug_typenames
 *(.debug_typenames)

.debug_varnames
 *(.debug_varnames)

.stack          0x0000000000080000        0x0
                0x0000000000080000                _stack = .
 *(.stack)

.note.gnu.arm.ident
 *(.note.gnu.arm.ident)

.ARM.attributes
                0x0000000000000000       0x2c
 *(.ARM.attributes)
 .ARM.attributes
                0x0000000000000000       0x20 /opt/devkitpro/devkitARM/bin/../lib/gcc/arm-none-eabi/11.1.0/../../../../arm-none-eabi/lib/thumb/gba_crt0.o
 .ARM.attributes
                0x0000000000000020       0x1c /opt/devkitpro/devkitARM/bin/../lib/gcc/arm-none-eabi/11.1.0/thumb/crti.o
 .ARM.attributes
                0x000000000000003c       0x2a /opt/devkitpro/devkitARM/bin/../lib/gcc/arm-none-eabi/11.1.0/thumb/crtbegin.o
 .ARM.attributes
                0x0000000000000066       0x14 backgroundpallete.bin.o
 .ARM.attributes
                0x000000000000007a       0x14 bullet.bin.o
 .ARM.attributes
                0x000000000000008e       0x14 cloudmap.bin.o
 .ARM.attributes
                0x00000000000000a2       0x14 clouds.bin.o
 .ARM.attributes
                0x00000000000000b6       0x14 enemybullet.bin.o
 .ARM.attributes
                0x00000000000000ca       0x14 enemypallete.bin.o
 .ARM.attributes
                0x00000000000000de       0x14 enemypalletetrash.bin.o
 .ARM.attributes
                0x00000000000000f2       0x14 exsplosion.bin.o
 .ARM.attributes
                0x0000000000000106       0x14 font.bin.o
 .ARM.attributes
                0x000000000000011a       0x14 islandmap.bin.o
 .ARM.attributes
                0x000000000000012e       0x14 islands.bin.o
 .ARM.attributes
                0x0000000000000142       0x14 numbers.bin.o
 .ARM.attributes
                0x0000000000000156       0x14 playerpallete.bin.o
 .ARM.attributes
                0x000000000000016a       0x14 ship.bin.o
 .ARM.attributes
                0x000000000000017e       0x14 shipprop.bin.o
 .ARM.attributes
                0x0000000000000192       0x14 sprite.bin.o
 .ARM.attributes
                0x00000000000001a6       0x14 spriteprop.bin.o
 .ARM.attributes
                0x00000000000001ba       0x14 underline.bin.o
 .ARM.attributes
                0x00000000000001ce       0x14 soundbank.bin.o
 .ARM.attributes
                0x00000000000001e2       0x2a SpritePositionFunctions.o
 .ARM.attributes
                0x000000000000020c       0x30 background.o
 .ARM.attributes
                0x000000000000023c       0x2a bg.o
 .ARM.attributes
                0x0000000000000266       0x2a enemy.o
 .ARM.attributes
                0x0000000000000290       0x2a gameoverscreen.o
 .ARM.attributes
                0x00000000000002ba       0x2a graphics.o
 .ARM.attributes
                0x00000000000002e4       0x2a interrupts.o
 .ARM.attributes
                0x000000000000030e       0x2a main.o
 .ARM.attributes
                0x0000000000000338       0x2a music.o
 .ARM.attributes
                0x0000000000000362       0x2a score.o
 .ARM.attributes
                0x000000000000038c       0x1a posprintf.o
 .ARM.attributes
                0x00000000000003a6       0x2a /opt/devkitpro/libtonc/lib/libtonc.a(tonc_core.o)
 .ARM.attributes
                0x00000000000003d0       0x1a /opt/devkitpro/libtonc/lib/libtonc.a(tonc_bios.o)
 .ARM.attributes
                0x00000000000003ea       0x1a /opt/devkitpro/libtonc/lib/libtonc.a(tonc_memset.o)
 .ARM.attributes
                0x0000000000000404       0x2a /opt/devkitpro/devkitARM/bin/../lib/gcc/arm-none-eabi/11.1.0/../../../../arm-none-eabi/lib/thumb/libg.a(lib_a-init.o)
 .ARM.attributes
                0x000000000000042e       0x2a /opt/devkitpro/devkitARM/bin/../lib/gcc/arm-none-eabi/11.1.0/../../../../arm-none-eabi/lib/thumb/libg.a(lib_a-memset.o)
 .ARM.attributes
                0x0000000000000458       0x30 /opt/devkitpro/devkitARM/bin/../lib/gcc/arm-none-eabi/11.1.0/../../../../arm-none-eabi/lib/thumb/libsysbase.a(malloc_vars.o)
 .ARM.attributes
                0x0000000000000488       0x30 /opt/devkitpro/devkitARM/bin/../lib/gcc/arm-none-eabi/11.1.0/thumb/crtend.o
 .ARM.attributes
                0x00000000000004b8       0x1c /opt/devkitpro/devkitARM/bin/../lib/gcc/arm-none-eabi/11.1.0/thumb/crtn.o

/DISCARD/
 *(.note.GNU-stack)
LOAD /opt/devkitpro/devkitARM/bin/../lib/gcc/arm-none-eabi/11.1.0/../../../../arm-none-eabi/lib/thumb/gba_crt0.o
LOAD /opt/devkitpro/devkitARM/bin/../lib/gcc/arm-none-eabi/11.1.0/thumb/crti.o
LOAD /opt/devkitpro/devkitARM/bin/../lib/gcc/arm-none-eabi/11.1.0/thumb/crtbegin.o
LOAD backgroundpallete.bin.o
LOAD bullet.bin.o
LOAD cloudmap.bin.o
LOAD clouds.bin.o
LOAD enemybullet.bin.o
LOAD enemypallete.bin.o
LOAD enemypalletetrash.bin.o
LOAD exsplosion.bin.o
LOAD font.bin.o
LOAD islandmap.bin.o
LOAD islands.bin.o
LOAD numbers.bin.o
LOAD playerpallete.bin.o
LOAD ship.bin.o
LOAD shipprop.bin.o
LOAD sprite.bin.o
LOAD spriteprop.bin.o
LOAD underline.bin.o
LOAD soundbank.bin.o
LOAD SpritePositionFunctions.o
LOAD background.o
LOAD bg.o
LOAD enemy.o
LOAD gameoverscreen.o
LOAD graphics.o
LOAD interrupts.o
LOAD main.o
LOAD music.o
LOAD score.o
LOAD posprintf.o
LOAD /opt/devkitpro/libgba/lib/libmm.a
LOAD /opt/devkitpro/libtonc/lib/libtonc.a
START GROUP
LOAD /opt/devkitpro/devkitARM/bin/../lib/gcc/arm-none-eabi/11.1.0/thumb/libgcc.a
LOAD /opt/devkitpro/devkitARM/bin/../lib/gcc/arm-none-eabi/11.1.0/../../../../arm-none-eabi/lib/thumb/libg.a
LOAD /opt/devkitpro/devkitARM/bin/../lib/gcc/arm-none-eabi/11.1.0/../../../../arm-none-eabi/lib/thumb/libc.a
LOAD /opt/devkitpro/devkitARM/bin/../lib/gcc/arm-none-eabi/11.1.0/../../../../arm-none-eabi/lib/thumb/libsysbase.a
END GROUP
LOAD /opt/devkitpro/devkitARM/bin/../lib/gcc/arm-none-eabi/11.1.0/thumb/crtend.o
LOAD /opt/devkitpro/devkitARM/bin/../lib/gcc/arm-none-eabi/11.1.0/thumb/crtn.o
OUTPUT(/Users/thoreaukilbourne/Desktop/GBA/Game/rom/Game.elf elf32-littlearm)
LOAD linker stubs

.debug_loclists
                0x0000000000000000     0x1549
 .debug_loclists
                0x0000000000000000      0x297 SpritePositionFunctions.o
 .debug_loclists
                0x0000000000000297      0x1e6 bg.o
 .debug_loclists
                0x000000000000047d      0x3c1 enemy.o
 .debug_loclists
                0x000000000000083e      0x22d gameoverscreen.o
 .debug_loclists
                0x0000000000000a6b      0x1c2 graphics.o
 .debug_loclists
                0x0000000000000c2d       0x4f interrupts.o
 .debug_loclists
                0x0000000000000c7c      0x37e main.o
 .debug_loclists
                0x0000000000000ffa       0x72 music.o
 .debug_loclists
                0x000000000000106c      0x4dd score.o

.debug_rnglists
                0x0000000000000000      0x2f5
 .debug_rnglists
                0x0000000000000000       0x58 SpritePositionFunctions.o
 .debug_rnglists
                0x0000000000000058       0x8c bg.o
 .debug_rnglists
                0x00000000000000e4       0x26 enemy.o
 .debug_rnglists
                0x000000000000010a       0x5f gameoverscreen.o
 .debug_rnglists
                0x0000000000000169       0x4a interrupts.o
 .debug_rnglists
                0x00000000000001b3       0x6a main.o
 .debug_rnglists
                0x000000000000021d       0x2f music.o
 .debug_rnglists
                0x000000000000024c       0xa9 score.o

.debug_line_str
                0x0000000000000000       0x39
 .debug_line_str
                0x0000000000000000       0x39 posprintf.o
                                         0x72 (size before relaxing)
