Archive member included to satisfy reference by file (symbol)

/opt/devkitpro/libtonc/lib/libtonc.a(tonc_core.o)
                              main.o (tonccpy)
/opt/devkitpro/libtonc/lib/libtonc.a(tonc_bios.o)
                              enemy.o (Sqrt)
/opt/devkitpro/libtonc/lib/libtonc.a(tonc_memset.o)
                              gameoverscreen.o (memset32)
/opt/devkitpro/devkitARM/bin/../lib/gcc/arm-none-eabi/11.1.0/../../../../arm-none-eabi/lib/thumb/libg.a(lib_a-init.o)
                              /opt/devkitpro/devkitARM/bin/../lib/gcc/arm-none-eabi/11.1.0/../../../../arm-none-eabi/lib/thumb/gba_crt0.o (__libc_init_array)
/opt/devkitpro/devkitARM/bin/../lib/gcc/arm-none-eabi/11.1.0/../../../../arm-none-eabi/lib/thumb/libg.a(lib_a-memset.o)
                              main.o (memset)
/opt/devkitpro/devkitARM/bin/../lib/gcc/arm-none-eabi/11.1.0/../../../../arm-none-eabi/lib/thumb/libsysbase.a(malloc_vars.o)
                              /opt/devkitpro/devkitARM/bin/../lib/gcc/arm-none-eabi/11.1.0/../../../../arm-none-eabi/lib/thumb/gba_crt0.o (fake_heap_end)

Discarded input sections

 .text          0x0000000000000000        0x0 /opt/devkitpro/devkitARM/bin/../lib/gcc/arm-none-eabi/11.1.0/../../../../arm-none-eabi/lib/thumb/gba_crt0.o
 .data          0x0000000000000000        0x0 /opt/devkitpro/devkitARM/bin/../lib/gcc/arm-none-eabi/11.1.0/../../../../arm-none-eabi/lib/thumb/gba_crt0.o
 .bss           0x0000000000000000        0x0 /opt/devkitpro/devkitARM/bin/../lib/gcc/arm-none-eabi/11.1.0/../../../../arm-none-eabi/lib/thumb/gba_crt0.o
 .text          0x0000000000000000        0x0 /opt/devkitpro/devkitARM/bin/../lib/gcc/arm-none-eabi/11.1.0/thumb/crti.o
 .data          0x0000000000000000        0x0 /opt/devkitpro/devkitARM/bin/../lib/gcc/arm-none-eabi/11.1.0/thumb/crti.o
 .bss           0x0000000000000000        0x0 /opt/devkitpro/devkitARM/bin/../lib/gcc/arm-none-eabi/11.1.0/thumb/crti.o
 .text          0x0000000000000000        0x0 /opt/devkitpro/devkitARM/bin/../lib/gcc/arm-none-eabi/11.1.0/thumb/crtbegin.o
 .data          0x0000000000000000        0x0 /opt/devkitpro/devkitARM/bin/../lib/gcc/arm-none-eabi/11.1.0/thumb/crtbegin.o
 .bss           0x0000000000000000        0x0 /opt/devkitpro/devkitARM/bin/../lib/gcc/arm-none-eabi/11.1.0/thumb/crtbegin.o
 .rodata.all_implied_fbits
                0x0000000000000000       0x24 /opt/devkitpro/devkitARM/bin/../lib/gcc/arm-none-eabi/11.1.0/thumb/crtbegin.o
 .data.__dso_handle
                0x0000000000000000        0x4 /opt/devkitpro/devkitARM/bin/../lib/gcc/arm-none-eabi/11.1.0/thumb/crtbegin.o
 .text          0x0000000000000000        0x0 bullet.bin.o
 .data          0x0000000000000000        0x0 bullet.bin.o
 .bss           0x0000000000000000        0x0 bullet.bin.o
 .text          0x0000000000000000        0x0 enemypallete.bin.o
 .data          0x0000000000000000        0x0 enemypallete.bin.o
 .bss           0x0000000000000000        0x0 enemypallete.bin.o
 .text          0x0000000000000000        0x0 enemypalletetrash.bin.o
 .data          0x0000000000000000        0x0 enemypalletetrash.bin.o
 .bss           0x0000000000000000        0x0 enemypalletetrash.bin.o
 .rodata.enemypalletetrash_bin
                0x0000000000000000       0x40 enemypalletetrash.bin.o
 .text          0x0000000000000000        0x0 exsplosion.bin.o
 .data          0x0000000000000000        0x0 exsplosion.bin.o
 .bss           0x0000000000000000        0x0 exsplosion.bin.o
 .text          0x0000000000000000        0x0 font.bin.o
 .data          0x0000000000000000        0x0 font.bin.o
 .bss           0x0000000000000000        0x0 font.bin.o
 .text          0x0000000000000000        0x0 playerpallete.bin.o
 .data          0x0000000000000000        0x0 playerpallete.bin.o
 .bss           0x0000000000000000        0x0 playerpallete.bin.o
 .text          0x0000000000000000        0x0 sprite.bin.o
 .data          0x0000000000000000        0x0 sprite.bin.o
 .bss           0x0000000000000000        0x0 sprite.bin.o
 .text          0x0000000000000000        0x0 soundbank.bin.o
 .data          0x0000000000000000        0x0 soundbank.bin.o
 .bss           0x0000000000000000        0x0 soundbank.bin.o
 .rodata.soundbank_bin
                0x0000000000000000   0x44a4d2 soundbank.bin.o
 .data          0x0000000000000000        0x0 SpritePositionFunctions.o
 .bss           0x0000000000000000        0x0 SpritePositionFunctions.o
 .text          0x0000000000000000        0x0 background.o
 .data          0x0000000000000000        0x0 background.o
 .bss           0x0000000000000000        0x0 background.o
 .data          0x0000000000000000        0x0 enemy.o
 .bss           0x0000000000000000        0x0 enemy.o
 .data          0x0000000000000000        0x0 gameoverscreen.o
 .bss           0x0000000000000000        0x0 gameoverscreen.o
 .data          0x0000000000000000        0x0 graphics.o
 .bss           0x0000000000000000        0x0 graphics.o
 .text          0x0000000000000000        0xc interrupts.o
 .data          0x0000000000000000        0x0 interrupts.o
 .bss           0x0000000000000000        0x0 interrupts.o
 .debug_info    0x0000000000000000       0xa0 interrupts.o
 .debug_abbrev  0x0000000000000000       0x67 interrupts.o
 .debug_aranges
                0x0000000000000000       0x20 interrupts.o
 .debug_line    0x0000000000000000       0x76 interrupts.o
 .debug_str     0x0000000000000000      0x146 interrupts.o
 .comment       0x0000000000000000       0x24 interrupts.o
 .debug_frame   0x0000000000000000       0x28 interrupts.o
 .data          0x0000000000000000        0x0 main.o
 .data          0x0000000000000000        0x0 music.o
 .bss           0x0000000000000000        0x0 /opt/devkitpro/libtonc/lib/libtonc.a(tonc_core.o)
 .rodata        0x0000000000000000       0x58 /opt/devkitpro/libtonc/lib/libtonc.a(tonc_core.o)
 .data          0x0000000000000000        0x0 /opt/devkitpro/libtonc/lib/libtonc.a(tonc_bios.o)
 .bss           0x0000000000000000        0x0 /opt/devkitpro/libtonc/lib/libtonc.a(tonc_bios.o)
 .text          0x0000000000000000       0x3c /opt/devkitpro/libtonc/lib/libtonc.a(tonc_memset.o)
 .data          0x0000000000000000        0x0 /opt/devkitpro/libtonc/lib/libtonc.a(tonc_memset.o)
 .bss           0x0000000000000000        0x0 /opt/devkitpro/libtonc/lib/libtonc.a(tonc_memset.o)
 .text          0x0000000000000000        0x0 /opt/devkitpro/devkitARM/bin/../lib/gcc/arm-none-eabi/11.1.0/../../../../arm-none-eabi/lib/thumb/libg.a(lib_a-init.o)
 .data          0x0000000000000000        0x0 /opt/devkitpro/devkitARM/bin/../lib/gcc/arm-none-eabi/11.1.0/../../../../arm-none-eabi/lib/thumb/libg.a(lib_a-init.o)
 .bss           0x0000000000000000        0x0 /opt/devkitpro/devkitARM/bin/../lib/gcc/arm-none-eabi/11.1.0/../../../../arm-none-eabi/lib/thumb/libg.a(lib_a-init.o)
 .text          0x0000000000000000        0x0 /opt/devkitpro/devkitARM/bin/../lib/gcc/arm-none-eabi/11.1.0/../../../../arm-none-eabi/lib/thumb/libg.a(lib_a-memset.o)
 .data          0x0000000000000000        0x0 /opt/devkitpro/devkitARM/bin/../lib/gcc/arm-none-eabi/11.1.0/../../../../arm-none-eabi/lib/thumb/libg.a(lib_a-memset.o)
 .bss           0x0000000000000000        0x0 /opt/devkitpro/devkitARM/bin/../lib/gcc/arm-none-eabi/11.1.0/../../../../arm-none-eabi/lib/thumb/libg.a(lib_a-memset.o)
 .text          0x0000000000000000        0x0 /opt/devkitpro/devkitARM/bin/../lib/gcc/arm-none-eabi/11.1.0/../../../../arm-none-eabi/lib/thumb/libsysbase.a(malloc_vars.o)
 .data          0x0000000000000000        0x0 /opt/devkitpro/devkitARM/bin/../lib/gcc/arm-none-eabi/11.1.0/../../../../arm-none-eabi/lib/thumb/libsysbase.a(malloc_vars.o)
 .bss           0x0000000000000000        0x0 /opt/devkitpro/devkitARM/bin/../lib/gcc/arm-none-eabi/11.1.0/../../../../arm-none-eabi/lib/thumb/libsysbase.a(malloc_vars.o)
 .bss.fake_heap_start
                0x0000000000000000        0x4 /opt/devkitpro/devkitARM/bin/../lib/gcc/arm-none-eabi/11.1.0/../../../../arm-none-eabi/lib/thumb/libsysbase.a(malloc_vars.o)
 .text          0x0000000000000000        0x0 /opt/devkitpro/devkitARM/bin/../lib/gcc/arm-none-eabi/11.1.0/thumb/crtend.o
 .data          0x0000000000000000        0x0 /opt/devkitpro/devkitARM/bin/../lib/gcc/arm-none-eabi/11.1.0/thumb/crtend.o
 .bss           0x0000000000000000        0x0 /opt/devkitpro/devkitARM/bin/../lib/gcc/arm-none-eabi/11.1.0/thumb/crtend.o
 .rodata.all_implied_fbits
                0x0000000000000000       0x24 /opt/devkitpro/devkitARM/bin/../lib/gcc/arm-none-eabi/11.1.0/thumb/crtend.o
 .text          0x0000000000000000        0x0 /opt/devkitpro/devkitARM/bin/../lib/gcc/arm-none-eabi/11.1.0/thumb/crtn.o
 .data          0x0000000000000000        0x0 /opt/devkitpro/devkitARM/bin/../lib/gcc/arm-none-eabi/11.1.0/thumb/crtn.o
 .bss           0x0000000000000000        0x0 /opt/devkitpro/devkitARM/bin/../lib/gcc/arm-none-eabi/11.1.0/thumb/crtn.o

Memory Configuration

Name             Origin             Length             Attributes
rom              0x0000000008000000 0x0000000002000000
iwram            0x0000000003000000 0x0000000000008000
ewram            0x0000000002000000 0x0000000000040000
*default*        0x0000000000000000 0xffffffffffffffff

Linker script and memory map

                0x0000000008000000                __text_start = ORIGIN (rom)
                0x0000000002040000                __eheap_end = (ORIGIN (ewram) + LENGTH (ewram))
                0x0000000003000000                __iwram_start = ORIGIN (iwram)
                0x0000000003008000                __iwram_top = (ORIGIN (iwram) + LENGTH (iwram))
                0x0000000003007fa0                __sp_irq = (__iwram_top - 0x60)
                0x0000000003007f00                __sp_usr = (__sp_irq - 0xa0)
                0x0000000003007ff8                __irq_flags = 0x3007ff8
                0x0000000008000000                . = __text_start

.crt0           0x0000000008000000      0x210
 *(.crt0)
 .crt0          0x0000000008000000      0x210 /opt/devkitpro/devkitARM/bin/../lib/gcc/arm-none-eabi/11.1.0/../../../../arm-none-eabi/lib/thumb/gba_crt0.o
                0x0000000008000000                _start
                0x00000000080000c4                __boot_method
                0x00000000080000c5                __slave_number
                0x00000000080000e0                start_vector
                0x0000000008000210                . = ALIGN (0x4)

.init           0x0000000008000210        0xc
 *(SORT_NONE(.init))
 .init          0x0000000008000210        0x4 /opt/devkitpro/devkitARM/bin/../lib/gcc/arm-none-eabi/11.1.0/thumb/crti.o
                0x0000000008000210                _init
 .init          0x0000000008000214        0x8 /opt/devkitpro/devkitARM/bin/../lib/gcc/arm-none-eabi/11.1.0/thumb/crtn.o

.plt            0x000000000800021c        0x0
 *(.plt)
                0x000000000800021c                . = ALIGN (0x4)

.text           0x000000000800021c     0x11ec
 *(EXCLUDE_FILE(*.iwram*) .text*)
 .text.__do_global_dtors_aux
                0x000000000800021c       0x2c /opt/devkitpro/devkitARM/bin/../lib/gcc/arm-none-eabi/11.1.0/thumb/crtbegin.o
 .text.frame_dummy
                0x0000000008000248       0x24 /opt/devkitpro/devkitARM/bin/../lib/gcc/arm-none-eabi/11.1.0/thumb/crtbegin.o
 .text          0x000000000800026c      0x168 SpritePositionFunctions.o
                0x000000000800026c                xyoverflow
                0x00000000080002cc                anglespeed
 .text          0x00000000080003d4      0x1ec enemy.o
                0x00000000080003d4                anglediferencetobuttonpress
                0x0000000008000498                speedupslowdown
                0x000000000800050c                enemyai
 .text          0x00000000080005c0      0x204 gameoverscreen.o
                0x00000000080005c0                deathanimation
                0x00000000080006b0                gameoverscreen
 .text          0x00000000080007c4       0xe0 graphics.o
                0x00000000080007c4                displaytext
                0x0000000008000838                createship
                0x0000000008000870                createbullet
 .text          0x00000000080008a4       0xd8 main.o
                0x00000000080008a4                startscreen
 .text.startup  0x000000000800097c      0x630 main.o
                0x000000000800097c                main
 .text          0x0000000008000fac      0x10c music.o
                0x0000000008000fac                initmusicregisters
                0x0000000008001008                switchoutdma
                0x000000000800103c                fillbuffer
                0x00000000080010a8                initilizebuffervariables
 .text          0x00000000080010b8      0x1c4 /opt/devkitpro/libtonc/lib/libtonc.a(tonc_core.o)
                0x00000000080010b8                tonccpy
                0x0000000008001168                __toncset
                0x00000000080011f8                sqran
                0x0000000008001208                octant
                0x0000000008001228                octant_rot
 .text          0x000000000800127c       0x8c /opt/devkitpro/libtonc/lib/libtonc.a(tonc_bios.o)
                0x000000000800127c                SoftReset
                0x0000000008001280                RegisterRamReset
                0x0000000008001284                Halt
                0x0000000008001288                Stop
                0x000000000800128c                IntrWait
                0x0000000008001290                VBlankIntrWait
                0x0000000008001294                Div
                0x0000000008001298                DivArm
                0x000000000800129c                Sqrt
                0x00000000080012a0                ArcTan
                0x00000000080012a4                ArcTan2
                0x00000000080012a8                CpuSet
                0x00000000080012ac                CpuFastSet
                0x00000000080012b0                BiosCheckSum
                0x00000000080012b4                BgAffineSet
                0x00000000080012b8                ObjAffineSet
                0x00000000080012bc                BitUnPack
                0x00000000080012c0                LZ77UnCompWram
                0x00000000080012c4                LZ77UnCompVram
                0x00000000080012c8                HuffUnComp
                0x00000000080012cc                RLUnCompWram
                0x00000000080012d0                RLUnCompVram
                0x00000000080012d4                Diff8bitUnFilterWram
                0x00000000080012d8                Diff8bitUnFilterVram
                0x00000000080012dc                Diff16bitUnFilter
                0x00000000080012e0                SoundBias
                0x00000000080012e4                SoundDriverInit
                0x00000000080012e8                SoundDriverMode
                0x00000000080012ec                SoundDriverMain
                0x00000000080012f0                SoundDriverVSync
                0x00000000080012f4                SoundChannelClear
                0x00000000080012f8                MidiKey2Freq
                0x00000000080012fc                MultiBoot
                0x0000000008001300                SoundDriverVSyncOff
                0x0000000008001304                SoundDriverVSyncOn
 .text.__libc_init_array
                0x0000000008001308       0x50 /opt/devkitpro/devkitARM/bin/../lib/gcc/arm-none-eabi/11.1.0/../../../../arm-none-eabi/lib/thumb/libg.a(lib_a-init.o)
                0x0000000008001308                __libc_init_array
 .text.memset   0x0000000008001358       0xb0 /opt/devkitpro/devkitARM/bin/../lib/gcc/arm-none-eabi/11.1.0/../../../../arm-none-eabi/lib/thumb/libg.a(lib_a-memset.o)
                0x0000000008001358                memset
 *(.gnu.linkonce.t.*)
 *(.text.*personality*)
 *(.gnu.warning)
 *(.glue_7t)
 .glue_7t       0x0000000008001408        0x0 linker stubs
 *(.glue_7)
 .glue_7        0x0000000008001408        0x0 linker stubs
 *(.vfp11_veneer)
 .vfp11_veneer  0x0000000008001408        0x0 linker stubs
                0x0000000008001408                . = ALIGN (0x4)
                0x0000000008001408                __text_end = .

.v4_bx          0x0000000008001408        0x0
 .v4_bx         0x0000000008001408        0x0 linker stubs

.iplt           0x0000000008001408        0x0
 .iplt          0x0000000008001408        0x0 /opt/devkitpro/devkitARM/bin/../lib/gcc/arm-none-eabi/11.1.0/../../../../arm-none-eabi/lib/thumb/gba_crt0.o

.fini           0x0000000008001408        0xc
 *(.fini)
 .fini          0x0000000008001408        0x4 /opt/devkitpro/devkitARM/bin/../lib/gcc/arm-none-eabi/11.1.0/thumb/crti.o
                0x0000000008001408                _fini
 .fini          0x000000000800140c        0x8 /opt/devkitpro/devkitARM/bin/../lib/gcc/arm-none-eabi/11.1.0/thumb/crtn.o
                0x0000000008001414                . = ALIGN (0x4)

.rodata         0x0000000008001414   0x141268
 *(.rodata)
 .rodata        0x0000000008001414      0x888 background.o
                0x0000000008001414                checkerBg
                0x0000000008001c14                bgPal
                0x0000000008001c1c                bgTiles
 .rodata        0x0000000008001c9c        0xe main.o
                0x0000000008001c9c                ScreenHieght
                0x0000000008001c9d                ScreenWidth
                0x0000000008001c9e                start
                0x0000000008001ca0                b
                0x0000000008001ca2                right
                0x0000000008001ca4                left
                0x0000000008001ca6                up
                0x0000000008001ca8                down
 *fill*         0x0000000008001caa        0x2 ff
 .rodata        0x0000000008001cac   0x1404f6 music.o
                0x0000000008001cac                skytheme
 *all.rodata*(*)
 *(.roda)
 *(.rodata.*)
 *fill*         0x00000000081421a2        0x2 ff
 .rodata.bullet_bin
                0x00000000081421a4       0x20 bullet.bin.o
                0x00000000081421a4                bullet_bin
                0x00000000081421c4                bullet_bin_end
 .rodata.enemypallete_bin
                0x00000000081421c4       0x20 enemypallete.bin.o
                0x00000000081421c4                enemypallete_bin
                0x00000000081421e4                enemypallete_bin_end
 .rodata.exsplosion_bin
                0x00000000081421e4       0x80 exsplosion.bin.o
                0x00000000081421e4                exsplosion_bin
                0x0000000008142264                exsplosion_bin_end
 .rodata.font_bin
                0x0000000008142264      0x360 font.bin.o
                0x0000000008142264                font_bin
                0x00000000081425c4                font_bin_end
 .rodata.playerpallete_bin
                0x00000000081425c4       0x20 playerpallete.bin.o
                0x00000000081425c4                playerpallete_bin
                0x00000000081425e4                playerpallete_bin_end
 .rodata.sprite_bin
                0x00000000081425e4       0x80 sprite.bin.o
                0x00000000081425e4                sprite_bin
                0x0000000008142664                sprite_bin_end
 .rodata.str1.4
                0x0000000008142664       0x18 gameoverscreen.o
 .rodata.str1.4
                0x000000000814267c        0xc main.o
 *(.gnu.linkonce.r*)
                0x0000000008142688                . = ALIGN (0x4)

.ARM.extab
 *(.ARM.extab* .gnu.linkonce.armextab.*)
                0x000000000814267c                __exidx_start = .

.ARM.exidx
 *(.ARM.exidx* .gnu.linkonce.armexidx.*)
                0x000000000814267c                __exidx_end = .

.ctors          0x000000000814267c        0x0
 *crtbegin.o(.ctors)
 *(EXCLUDE_FILE(*crtend.o) .ctors)
 *(SORT_BY_NAME(.ctors.*))
 *(.ctors)
                0x000000000814267c                . = ALIGN (0x4)

.dtors          0x000000000814267c        0x0
 *crtbegin.o(.dtors)
 *(EXCLUDE_FILE(*crtend.o) .dtors)
 *(SORT_BY_NAME(.dtors.*))
 *(.dtors)
                0x000000000814267c                . = ALIGN (0x4)

.eh_frame       0x000000000814267c        0x4
 *(.eh_frame)
 .eh_frame      0x000000000814267c        0x0 /opt/devkitpro/devkitARM/bin/../lib/gcc/arm-none-eabi/11.1.0/thumb/crtbegin.o
 .eh_frame      0x000000000814267c        0x4 /opt/devkitpro/devkitARM/bin/../lib/gcc/arm-none-eabi/11.1.0/thumb/crtend.o
                0x0000000008142680                . = ALIGN (0x4)

.gcc_except_table
                0x0000000008142680        0x0
 *(.gcc_except_table)
                0x0000000008142680                . = ALIGN (0x4)
                0x0000000008142680                __iwram_lma = .

.iwram          0x0000000003000000       0x4c load address 0x0000000008142680
                0x0000000003000000                __iwram_start__ = ABSOLUTE (.)
 *(.iwram .iwram*)
 .iwram         0x0000000003000000       0x4c /opt/devkitpro/libtonc/lib/libtonc.a(tonc_memset.o)
                0x0000000003000000                memset32
 *iwram.*(.text* .data*)
                0x000000000300004c                . = ALIGN (0x4)
                0x000000000300004c                __iwram_end__ = ABSOLUTE (.)
                0x00000000081426cc                __data_lma = (__iwram_lma + SIZEOF (.iwram))

.rel.dyn        0x000000000300004c        0x0 load address 0x00000000081426cc
 .rel.iplt      0x000000000300004c        0x0 /opt/devkitpro/devkitARM/bin/../lib/gcc/arm-none-eabi/11.1.0/../../../../arm-none-eabi/lib/thumb/gba_crt0.o

.bss            0x000000000300004c      0x29c
                0x000000000300004c                __bss_start = ABSOLUTE (.)
                0x000000000300004c                __bss_start__ = ABSOLUTE (.)
 *(.dynbss)
 *(.gnu.linkonce.b*)
 *(.bss*)
 .bss.completed.1
                0x000000000300004c        0x1 /opt/devkitpro/devkitARM/bin/../lib/gcc/arm-none-eabi/11.1.0/thumb/crtbegin.o
 *fill*         0x000000000300004d        0x3 
 .bss.object.0  0x0000000003000050       0x18 /opt/devkitpro/devkitARM/bin/../lib/gcc/arm-none-eabi/11.1.0/thumb/crtbegin.o
 .bss           0x0000000003000068        0x9 main.o
                0x0000000003000068                gameover
                0x0000000003000069                exsplosion
                0x000000000300006c                xyout
                0x0000000003000070                level
 *fill*         0x0000000003000071        0x3 
 .bss           0x0000000003000074      0x270 music.o
                0x0000000003000074                BufferAttributes
                0x000000000300007c                SongData
                0x0000000003000084                Buffer
 .bss.fake_heap_end
                0x00000000030002e4        0x4 /opt/devkitpro/devkitARM/bin/../lib/gcc/arm-none-eabi/11.1.0/../../../../arm-none-eabi/lib/thumb/libsysbase.a(malloc_vars.o)
                0x00000000030002e4                fake_heap_end
 *(COMMON)
                0x00000000030002e8                . = ALIGN (0x4)
                0x00000000030002e8                __bss_end__ = ABSOLUTE (.)

.data           0x00000000030002e8        0x8 load address 0x00000000081426cc
                0x00000000030002e8                __data_start__ = ABSOLUTE (.)
 *(.data*)
 .data          0x00000000030002e8        0x8 /opt/devkitpro/libtonc/lib/libtonc.a(tonc_core.o)
                0x00000000030002e8                __qran_seed
                0x00000000030002ec                vid_page
 *(.gnu.linkonce.d*)
                0x00000000030002f0                . = ALIGN (0x4)
                0x00000000081426d4                __preinit_lma = (__data_lma + SIZEOF (.data))

.igot.plt       0x00000000030002f0        0x0 load address 0x00000000081426d4
 .igot.plt      0x00000000030002f0        0x0 /opt/devkitpro/devkitARM/bin/../lib/gcc/arm-none-eabi/11.1.0/../../../../arm-none-eabi/lib/thumb/gba_crt0.o

.preinit_array  0x00000000030002f0        0x0 load address 0x00000000081426d4
                0x00000000030002f0                __preinit_array_start = ABSOLUTE (.)
 *(.preinit_array)
                0x00000000030002f0                __preinit_array_end = ABSOLUTE (.)
                0x00000000081426d4                __init_lma = (__preinit_lma + SIZEOF (.preinit_array))

.init_array     0x00000000030002f0        0x4 load address 0x00000000081426d4
                0x00000000030002f0                __init_array_start = ABSOLUTE (.)
 *(SORT_BY_NAME(.init_array.*))
 *(.init_array)
 .init_array    0x00000000030002f0        0x4 /opt/devkitpro/devkitARM/bin/../lib/gcc/arm-none-eabi/11.1.0/thumb/crtbegin.o
                0x00000000030002f4                __init_array_end = ABSOLUTE (.)
                0x00000000081426d8                __fini_lma = (__init_lma + SIZEOF (.init_array))

.fini_array     0x00000000030002f4        0x4 load address 0x00000000081426d8
                0x00000000030002f4                __fini_array_start = ABSOLUTE (.)
 *(SORT_BY_NAME(.fini_array.*))
 *(.fini_array)
 .fini_array    0x00000000030002f4        0x4 /opt/devkitpro/devkitARM/bin/../lib/gcc/arm-none-eabi/11.1.0/thumb/crtbegin.o
                0x00000000030002f8                __fini_array_end = ABSOLUTE (.)
                0x00000000081426dc                __jcr_lma = (__fini_lma + SIZEOF (.fini_array))

.jcr            0x00000000030002f8        0x0 load address 0x00000000081426dc
 *(.jcr)
                0x00000000030002f8                __data_end__ = ABSOLUTE (.)
                0x00000000081426dc                __iwram_overlay_lma = (__jcr_lma + SIZEOF (.jcr))
                0x00000000030002f8                __iwram_overlay_start = .

.iwram0         0x00000000030002f8        0x0 load address 0x00000000081426dc
 *(.iwram0)
                0x00000000030002f8                . = ALIGN (0x4)
                0x00000000081426dc                PROVIDE (__load_start_iwram0 = LOADADDR (.iwram0))
                0x00000000081426dc                PROVIDE (__load_stop_iwram0 = (LOADADDR (.iwram0) + SIZEOF (.iwram0)))

.iwram1         0x00000000030002f8        0x0
 *(.iwram1)
                0x00000000030002f8                . = ALIGN (0x4)
                [!provide]                        PROVIDE (__load_start_iwram1 = LOADADDR (.iwram1))
                [!provide]                        PROVIDE (__load_stop_iwram1 = (LOADADDR (.iwram1) + SIZEOF (.iwram1)))

.iwram2         0x00000000030002f8        0x0
 *(.iwram2)
                0x00000000030002f8                . = ALIGN (0x4)
                [!provide]                        PROVIDE (__load_start_iwram2 = LOADADDR (.iwram2))
                [!provide]                        PROVIDE (__load_stop_iwram2 = (LOADADDR (.iwram2) + SIZEOF (.iwram2)))

.iwram3         0x00000000030002f8        0x0
 *(.iwram3)
                0x00000000030002f8                . = ALIGN (0x4)
                [!provide]                        PROVIDE (__load_start_iwram3 = LOADADDR (.iwram3))
                [!provide]                        PROVIDE (__load_stop_iwram3 = (LOADADDR (.iwram3) + SIZEOF (.iwram3)))

.iwram4         0x00000000030002f8        0x0
 *(.iwram4)
                0x00000000030002f8                . = ALIGN (0x4)
                [!provide]                        PROVIDE (__load_start_iwram4 = LOADADDR (.iwram4))
                [!provide]                        PROVIDE (__load_stop_iwram4 = (LOADADDR (.iwram4) + SIZEOF (.iwram4)))

.iwram5         0x00000000030002f8        0x0
 *(.iwram5)
                0x00000000030002f8                . = ALIGN (0x4)
                [!provide]                        PROVIDE (__load_start_iwram5 = LOADADDR (.iwram5))
                [!provide]                        PROVIDE (__load_stop_iwram5 = (LOADADDR (.iwram5) + SIZEOF (.iwram5)))

.iwram6         0x00000000030002f8        0x0
 *(.iwram6)
                0x00000000030002f8                . = ALIGN (0x4)
                [!provide]                        PROVIDE (__load_start_iwram6 = LOADADDR (.iwram6))
                [!provide]                        PROVIDE (__load_stop_iwram6 = (LOADADDR (.iwram6) + SIZEOF (.iwram6)))

.iwram7         0x00000000030002f8        0x0
 *(.iwram7)
                0x00000000030002f8                . = ALIGN (0x4)
                [!provide]                        PROVIDE (__load_start_iwram7 = LOADADDR (.iwram7))
                [!provide]                        PROVIDE (__load_stop_iwram7 = (LOADADDR (.iwram7) + SIZEOF (.iwram7)))

.iwram8         0x00000000030002f8        0x0
 *(.iwram8)
                0x00000000030002f8                . = ALIGN (0x4)
                [!provide]                        PROVIDE (__load_start_iwram8 = LOADADDR (.iwram8))
                [!provide]                        PROVIDE (__load_stop_iwram8 = (LOADADDR (.iwram8) + SIZEOF (.iwram8)))

.iwram9         0x00000000030002f8        0x0
 *(.iwram9)
                0x00000000030002f8                . = ALIGN (0x4)
                [!provide]                        PROVIDE (__load_start_iwram9 = LOADADDR (.iwram9))
                [!provide]                        PROVIDE (__load_stop_iwram9 = (LOADADDR (.iwram9) + SIZEOF (.iwram9)))
                0x00000000030002f8                __iwram_overlay_end = .
                0x00000000081426dc                __ewram_lma = (__iwram_overlay_lma + (__iwram_overlay_end - __iwram_overlay_start))
                0x00000000030002f8                __iheap_start = .
                0x0000000002000000                __ewram_start = ORIGIN (ewram)

.ewram          0x0000000002000000        0x0 load address 0x00000000081426dc
 *(.ewram*)
                0x0000000002000000                . = ALIGN (0x4)
                0x0000000002000000                __ewram_end = ABSOLUTE (.)
                0x00000000081426dc                __pad_lma = (__ewram_lma + SIZEOF (.ewram))

.sbss           0x0000000002000000        0x0
                0x0000000002000000                __sbss_start__ = ABSOLUTE (.)
 *(.sbss*)
                0x0000000002000000                . = ALIGN (0x4)
                0x0000000002000000                __sbss_end__ = ABSOLUTE (.)
                0x0000000002000000                __end__ = ABSOLUTE (.)
                0x0000000002000000                __eheap_start = ABSOLUTE (.)

.pad            0x0000000002000000        0x8 load address 0x00000000081426dc
                0x0000000002000000        0x4 LONG 0x52416b64
                0x0000000002000004        0x4 LONG 0x4d
                0x0000000002000008                . = ALIGN (0x4)
                0x00000000081426e4                __rom_end__ = (__pad_lma + SIZEOF (.pad))

.stab
 *(.stab)

.stabstr
 *(.stabstr)

.stab.excl
 *(.stab.excl)

.stab.exclstr
 *(.stab.exclstr)

.stab.index
 *(.stab.index)

.stab.indexstr
 *(.stab.indexstr)

.comment        0x0000000000000000       0x45
 *(.comment)
 .comment       0x0000000000000000       0x23 /opt/devkitpro/devkitARM/bin/../lib/gcc/arm-none-eabi/11.1.0/thumb/crtbegin.o
                                         0x24 (size before relaxing)
 .comment       0x0000000000000023       0x24 SpritePositionFunctions.o
 .comment       0x0000000000000023       0x24 background.o
 .comment       0x0000000000000023       0x24 enemy.o
 .comment       0x0000000000000023       0x24 gameoverscreen.o
 .comment       0x0000000000000023       0x24 graphics.o
 .comment       0x0000000000000023       0x24 main.o
 .comment       0x0000000000000023       0x24 music.o
 .comment       0x0000000000000023       0x22 /opt/devkitpro/libtonc/lib/libtonc.a(tonc_core.o)
                                         0x23 (size before relaxing)
 .comment       0x0000000000000045       0x24 /opt/devkitpro/devkitARM/bin/../lib/gcc/arm-none-eabi/11.1.0/../../../../arm-none-eabi/lib/thumb/libg.a(lib_a-init.o)
 .comment       0x0000000000000045       0x24 /opt/devkitpro/devkitARM/bin/../lib/gcc/arm-none-eabi/11.1.0/../../../../arm-none-eabi/lib/thumb/libg.a(lib_a-memset.o)
 .comment       0x0000000000000045       0x24 /opt/devkitpro/devkitARM/bin/../lib/gcc/arm-none-eabi/11.1.0/../../../../arm-none-eabi/lib/thumb/libsysbase.a(malloc_vars.o)
 .comment       0x0000000000000045       0x24 /opt/devkitpro/devkitARM/bin/../lib/gcc/arm-none-eabi/11.1.0/thumb/crtend.o

.debug
 *(.debug)

.line
 *(.line)

.debug_srcinfo
 *(.debug_srcinfo)

.debug_sfnames
 *(.debug_sfnames)

.debug_aranges  0x0000000000000000       0xe0
 *(.debug_aranges)
 .debug_aranges
                0x0000000000000000       0x20 SpritePositionFunctions.o
 .debug_aranges
                0x0000000000000020       0x18 background.o
 .debug_aranges
                0x0000000000000038       0x20 enemy.o
 .debug_aranges
                0x0000000000000058       0x20 gameoverscreen.o
 .debug_aranges
                0x0000000000000078       0x20 graphics.o
 .debug_aranges
                0x0000000000000098       0x28 main.o
 .debug_aranges
                0x00000000000000c0       0x20 music.o

.debug_pubnames
 *(.debug_pubnames)

.debug_info     0x0000000000000000     0x1e4d
 *(.debug_info)
 .debug_info    0x0000000000000000      0x218 SpritePositionFunctions.o
 .debug_info    0x0000000000000218       0xa2 background.o
 .debug_info    0x00000000000002ba      0x4ca enemy.o
 .debug_info    0x0000000000000784      0x560 gameoverscreen.o
 .debug_info    0x0000000000000ce4      0x263 graphics.o
 .debug_info    0x0000000000000f47      0xc94 main.o
 .debug_info    0x0000000000001bdb      0x272 music.o

.debug_abbrev   0x0000000000000000      0xc28
 *(.debug_abbrev)
 .debug_abbrev  0x0000000000000000      0x156 SpritePositionFunctions.o
 .debug_abbrev  0x0000000000000156       0x6a background.o
 .debug_abbrev  0x00000000000001c0      0x223 enemy.o
 .debug_abbrev  0x00000000000003e3      0x270 gameoverscreen.o
 .debug_abbrev  0x0000000000000653      0x112 graphics.o
 .debug_abbrev  0x0000000000000765      0x382 main.o
 .debug_abbrev  0x0000000000000ae7      0x141 music.o

.debug_line     0x0000000000000000     0x165c
 *(.debug_line)
 .debug_line    0x0000000000000000      0x233 SpritePositionFunctions.o
 .debug_line    0x0000000000000233       0x5a background.o
 .debug_line    0x000000000000028d      0x2f9 enemy.o
 .debug_line    0x0000000000000586      0x25f gameoverscreen.o
 .debug_line    0x00000000000007e5      0x204 graphics.o
 .debug_line    0x00000000000009e9      0x9de main.o
 .debug_line    0x00000000000013c7      0x295 music.o

.debug_frame    0x0000000000000000      0x24c
 *(.debug_frame)
 .debug_frame   0x0000000000000000       0x3c SpritePositionFunctions.o
 .debug_frame   0x000000000000003c       0x78 enemy.o
 .debug_frame   0x00000000000000b4       0x68 gameoverscreen.o
 .debug_frame   0x000000000000011c       0x6c graphics.o
 .debug_frame   0x0000000000000188       0x68 main.o
 .debug_frame   0x00000000000001f0       0x5c music.o

.debug_str      0x0000000000000000      0x7fa
 *(.debug_str)
 .debug_str     0x0000000000000000      0x13e SpritePositionFunctions.o
                                        0x16d (size before relaxing)
 .debug_str     0x000000000000013e       0x52 background.o
                                         0xfe (size before relaxing)
 .debug_str     0x0000000000000190      0x14f enemy.o
                                        0x24e (size before relaxing)
 .debug_str     0x00000000000002df      0x15d gameoverscreen.o
                                        0x2a6 (size before relaxing)
 .debug_str     0x000000000000043c       0xa8 graphics.o
                                        0x1f0 (size before relaxing)
 .debug_str     0x00000000000004e4      0x250 main.o
                                        0x4bf (size before relaxing)
 .debug_str     0x0000000000000734       0xc6 music.o
                                        0x243 (size before relaxing)

.debug_loc
 *(.debug_loc)

.debug_macinfo
 *(.debug_macinfo)

.debug_weaknames
 *(.debug_weaknames)

.debug_funcnames
 *(.debug_funcnames)

.debug_typenames
 *(.debug_typenames)

.debug_varnames
 *(.debug_varnames)

.stack          0x0000000000080000        0x0
                0x0000000000080000                _stack = .
 *(.stack)

.note.gnu.arm.ident
 *(.note.gnu.arm.ident)

.ARM.attributes
                0x0000000000000000       0x2c
 *(.ARM.attributes)
 .ARM.attributes
                0x0000000000000000       0x20 /opt/devkitpro/devkitARM/bin/../lib/gcc/arm-none-eabi/11.1.0/../../../../arm-none-eabi/lib/thumb/gba_crt0.o
 .ARM.attributes
                0x0000000000000020       0x1c /opt/devkitpro/devkitARM/bin/../lib/gcc/arm-none-eabi/11.1.0/thumb/crti.o
 .ARM.attributes
                0x000000000000003c       0x2a /opt/devkitpro/devkitARM/bin/../lib/gcc/arm-none-eabi/11.1.0/thumb/crtbegin.o
 .ARM.attributes
                0x0000000000000066       0x14 bullet.bin.o
 .ARM.attributes
                0x000000000000007a       0x14 enemypallete.bin.o
 .ARM.attributes
                0x000000000000008e       0x14 enemypalletetrash.bin.o
 .ARM.attributes
                0x00000000000000a2       0x14 exsplosion.bin.o
 .ARM.attributes
                0x00000000000000b6       0x14 font.bin.o
 .ARM.attributes
                0x00000000000000ca       0x14 playerpallete.bin.o
 .ARM.attributes
                0x00000000000000de       0x14 sprite.bin.o
 .ARM.attributes
                0x00000000000000f2       0x14 soundbank.bin.o
 .ARM.attributes
                0x0000000000000106       0x2a SpritePositionFunctions.o
 .ARM.attributes
                0x0000000000000130       0x30 background.o
 .ARM.attributes
                0x0000000000000160       0x2a enemy.o
 .ARM.attributes
                0x000000000000018a       0x2a gameoverscreen.o
 .ARM.attributes
                0x00000000000001b4       0x2a graphics.o
 .ARM.attributes
                0x00000000000001de       0x2a interrupts.o
 .ARM.attributes
                0x0000000000000208       0x2a main.o
 .ARM.attributes
                0x0000000000000232       0x2a music.o
 .ARM.attributes
                0x000000000000025c       0x2a /opt/devkitpro/libtonc/lib/libtonc.a(tonc_core.o)
 .ARM.attributes
                0x0000000000000286       0x1a /opt/devkitpro/libtonc/lib/libtonc.a(tonc_bios.o)
 .ARM.attributes
                0x00000000000002a0       0x1a /opt/devkitpro/libtonc/lib/libtonc.a(tonc_memset.o)
 .ARM.attributes
                0x00000000000002ba       0x2a /opt/devkitpro/devkitARM/bin/../lib/gcc/arm-none-eabi/11.1.0/../../../../arm-none-eabi/lib/thumb/libg.a(lib_a-init.o)
 .ARM.attributes
                0x00000000000002e4       0x2a /opt/devkitpro/devkitARM/bin/../lib/gcc/arm-none-eabi/11.1.0/../../../../arm-none-eabi/lib/thumb/libg.a(lib_a-memset.o)
 .ARM.attributes
                0x000000000000030e       0x30 /opt/devkitpro/devkitARM/bin/../lib/gcc/arm-none-eabi/11.1.0/../../../../arm-none-eabi/lib/thumb/libsysbase.a(malloc_vars.o)
 .ARM.attributes
                0x000000000000033e       0x30 /opt/devkitpro/devkitARM/bin/../lib/gcc/arm-none-eabi/11.1.0/thumb/crtend.o
 .ARM.attributes
                0x000000000000036e       0x1c /opt/devkitpro/devkitARM/bin/../lib/gcc/arm-none-eabi/11.1.0/thumb/crtn.o

/DISCARD/
 *(.note.GNU-stack)
LOAD /opt/devkitpro/devkitARM/bin/../lib/gcc/arm-none-eabi/11.1.0/../../../../arm-none-eabi/lib/thumb/gba_crt0.o
LOAD /opt/devkitpro/devkitARM/bin/../lib/gcc/arm-none-eabi/11.1.0/thumb/crti.o
LOAD /opt/devkitpro/devkitARM/bin/../lib/gcc/arm-none-eabi/11.1.0/thumb/crtbegin.o
LOAD bullet.bin.o
LOAD enemypallete.bin.o
LOAD enemypalletetrash.bin.o
LOAD exsplosion.bin.o
LOAD font.bin.o
LOAD playerpallete.bin.o
LOAD sprite.bin.o
LOAD soundbank.bin.o
LOAD SpritePositionFunctions.o
LOAD background.o
LOAD enemy.o
LOAD gameoverscreen.o
LOAD graphics.o
LOAD interrupts.o
LOAD main.o
LOAD music.o
LOAD /opt/devkitpro/libgba/lib/libmm.a
LOAD /opt/devkitpro/libtonc/lib/libtonc.a
START GROUP
LOAD /opt/devkitpro/devkitARM/bin/../lib/gcc/arm-none-eabi/11.1.0/thumb/libgcc.a
LOAD /opt/devkitpro/devkitARM/bin/../lib/gcc/arm-none-eabi/11.1.0/../../../../arm-none-eabi/lib/thumb/libg.a
LOAD /opt/devkitpro/devkitARM/bin/../lib/gcc/arm-none-eabi/11.1.0/../../../../arm-none-eabi/lib/thumb/libc.a
LOAD /opt/devkitpro/devkitARM/bin/../lib/gcc/arm-none-eabi/11.1.0/../../../../arm-none-eabi/lib/thumb/libsysbase.a
END GROUP
LOAD /opt/devkitpro/devkitARM/bin/../lib/gcc/arm-none-eabi/11.1.0/thumb/crtend.o
LOAD /opt/devkitpro/devkitARM/bin/../lib/gcc/arm-none-eabi/11.1.0/thumb/crtn.o
OUTPUT(/Users/thoreaukilbourne/Desktop/GBA/Game/rom/Game.elf elf32-littlearm)
LOAD linker stubs

.debug_loclists
                0x0000000000000000     0x1224
 .debug_loclists
                0x0000000000000000      0x297 SpritePositionFunctions.o
 .debug_loclists
                0x0000000000000297      0x3c1 enemy.o
 .debug_loclists
                0x0000000000000658      0x179 gameoverscreen.o
 .debug_loclists
                0x00000000000007d1      0x20d graphics.o
 .debug_loclists
                0x00000000000009de      0x7d2 main.o
 .debug_loclists
                0x00000000000011b0       0x74 music.o

.debug_rnglists
                0x0000000000000000      0x112
 .debug_rnglists
                0x0000000000000000       0x58 SpritePositionFunctions.o
 .debug_rnglists
                0x0000000000000058       0x26 enemy.o
 .debug_rnglists
                0x000000000000007e       0x1c gameoverscreen.o
 .debug_rnglists
                0x000000000000009a       0x26 graphics.o
 .debug_rnglists
                0x00000000000000c0       0x36 main.o
 .debug_rnglists
                0x00000000000000f6       0x1c music.o
