Archive member included to satisfy reference by file (symbol)

/opt/devkitpro/libtonc/lib/libtonc.a(tonc_core.o)
                              bg.o (tonccpy)
/opt/devkitpro/libtonc/lib/libtonc.a(tonc_bios.o)
                              enemy.o (Sqrt)
/opt/devkitpro/libtonc/lib/libtonc.a(tonc_memset.o)
                              gameoverscreen.o (memset32)
/opt/devkitpro/devkitARM/bin/../lib/gcc/arm-none-eabi/11.1.0/../../../../arm-none-eabi/lib/thumb/libg.a(lib_a-init.o)
                              /opt/devkitpro/devkitARM/bin/../lib/gcc/arm-none-eabi/11.1.0/../../../../arm-none-eabi/lib/thumb/gba_crt0.o (__libc_init_array)
/opt/devkitpro/devkitARM/bin/../lib/gcc/arm-none-eabi/11.1.0/../../../../arm-none-eabi/lib/thumb/libg.a(lib_a-memset.o)
                              main.o (memset)
/opt/devkitpro/devkitARM/bin/../lib/gcc/arm-none-eabi/11.1.0/../../../../arm-none-eabi/lib/thumb/libsysbase.a(malloc_vars.o)
                              /opt/devkitpro/devkitARM/bin/../lib/gcc/arm-none-eabi/11.1.0/../../../../arm-none-eabi/lib/thumb/gba_crt0.o (fake_heap_end)

Discarded input sections

 .text          0x0000000000000000        0x0 /opt/devkitpro/devkitARM/bin/../lib/gcc/arm-none-eabi/11.1.0/../../../../arm-none-eabi/lib/thumb/gba_crt0.o
 .data          0x0000000000000000        0x0 /opt/devkitpro/devkitARM/bin/../lib/gcc/arm-none-eabi/11.1.0/../../../../arm-none-eabi/lib/thumb/gba_crt0.o
 .bss           0x0000000000000000        0x0 /opt/devkitpro/devkitARM/bin/../lib/gcc/arm-none-eabi/11.1.0/../../../../arm-none-eabi/lib/thumb/gba_crt0.o
 .text          0x0000000000000000        0x0 /opt/devkitpro/devkitARM/bin/../lib/gcc/arm-none-eabi/11.1.0/thumb/crti.o
 .data          0x0000000000000000        0x0 /opt/devkitpro/devkitARM/bin/../lib/gcc/arm-none-eabi/11.1.0/thumb/crti.o
 .bss           0x0000000000000000        0x0 /opt/devkitpro/devkitARM/bin/../lib/gcc/arm-none-eabi/11.1.0/thumb/crti.o
 .text          0x0000000000000000        0x0 /opt/devkitpro/devkitARM/bin/../lib/gcc/arm-none-eabi/11.1.0/thumb/crtbegin.o
 .data          0x0000000000000000        0x0 /opt/devkitpro/devkitARM/bin/../lib/gcc/arm-none-eabi/11.1.0/thumb/crtbegin.o
 .bss           0x0000000000000000        0x0 /opt/devkitpro/devkitARM/bin/../lib/gcc/arm-none-eabi/11.1.0/thumb/crtbegin.o
 .rodata.all_implied_fbits
                0x0000000000000000       0x24 /opt/devkitpro/devkitARM/bin/../lib/gcc/arm-none-eabi/11.1.0/thumb/crtbegin.o
 .data.__dso_handle
                0x0000000000000000        0x4 /opt/devkitpro/devkitARM/bin/../lib/gcc/arm-none-eabi/11.1.0/thumb/crtbegin.o
 .text          0x0000000000000000        0x0 backgroundpallete.bin.o
 .data          0x0000000000000000        0x0 backgroundpallete.bin.o
 .bss           0x0000000000000000        0x0 backgroundpallete.bin.o
 .text          0x0000000000000000        0x0 bullet.bin.o
 .data          0x0000000000000000        0x0 bullet.bin.o
 .bss           0x0000000000000000        0x0 bullet.bin.o
 .text          0x0000000000000000        0x0 cloudmap.bin.o
 .data          0x0000000000000000        0x0 cloudmap.bin.o
 .bss           0x0000000000000000        0x0 cloudmap.bin.o
 .rodata.cloudmap_bin
                0x0000000000000000     0x1000 cloudmap.bin.o
 .text          0x0000000000000000        0x0 clouds.bin.o
 .data          0x0000000000000000        0x0 clouds.bin.o
 .bss           0x0000000000000000        0x0 clouds.bin.o
 .text          0x0000000000000000        0x0 enemybullet.bin.o
 .data          0x0000000000000000        0x0 enemybullet.bin.o
 .bss           0x0000000000000000        0x0 enemybullet.bin.o
 .rodata.enemybullet_bin
                0x0000000000000000       0x20 enemybullet.bin.o
 .text          0x0000000000000000        0x0 enemypallete.bin.o
 .data          0x0000000000000000        0x0 enemypallete.bin.o
 .bss           0x0000000000000000        0x0 enemypallete.bin.o
 .text          0x0000000000000000        0x0 enemypalletetrash.bin.o
 .data          0x0000000000000000        0x0 enemypalletetrash.bin.o
 .bss           0x0000000000000000        0x0 enemypalletetrash.bin.o
 .rodata.enemypalletetrash_bin
                0x0000000000000000       0x40 enemypalletetrash.bin.o
 .text          0x0000000000000000        0x0 exsplosion.bin.o
 .data          0x0000000000000000        0x0 exsplosion.bin.o
 .bss           0x0000000000000000        0x0 exsplosion.bin.o
 .text          0x0000000000000000        0x0 font.bin.o
 .data          0x0000000000000000        0x0 font.bin.o
 .bss           0x0000000000000000        0x0 font.bin.o
 .text          0x0000000000000000        0x0 islandmap.bin.o
 .data          0x0000000000000000        0x0 islandmap.bin.o
 .bss           0x0000000000000000        0x0 islandmap.bin.o
 .rodata.islandmap_bin
                0x0000000000000000     0x1000 islandmap.bin.o
 .text          0x0000000000000000        0x0 islands.bin.o
 .data          0x0000000000000000        0x0 islands.bin.o
 .bss           0x0000000000000000        0x0 islands.bin.o
 .rodata.islands_bin
                0x0000000000000000      0xca0 islands.bin.o
 .text          0x0000000000000000        0x0 numbers.bin.o
 .data          0x0000000000000000        0x0 numbers.bin.o
 .bss           0x0000000000000000        0x0 numbers.bin.o
 .text          0x0000000000000000        0x0 playerpallete.bin.o
 .data          0x0000000000000000        0x0 playerpallete.bin.o
 .bss           0x0000000000000000        0x0 playerpallete.bin.o
 .text          0x0000000000000000        0x0 ship.bin.o
 .data          0x0000000000000000        0x0 ship.bin.o
 .bss           0x0000000000000000        0x0 ship.bin.o
 .text          0x0000000000000000        0x0 shipprop.bin.o
 .data          0x0000000000000000        0x0 shipprop.bin.o
 .bss           0x0000000000000000        0x0 shipprop.bin.o
 .text          0x0000000000000000        0x0 sprite.bin.o
 .data          0x0000000000000000        0x0 sprite.bin.o
 .bss           0x0000000000000000        0x0 sprite.bin.o
 .rodata.sprite_bin
                0x0000000000000000       0x80 sprite.bin.o
 .text          0x0000000000000000        0x0 spriteprop.bin.o
 .data          0x0000000000000000        0x0 spriteprop.bin.o
 .bss           0x0000000000000000        0x0 spriteprop.bin.o
 .rodata.spriteprop_bin
                0x0000000000000000       0x80 spriteprop.bin.o
 .text          0x0000000000000000        0x0 underline.bin.o
 .data          0x0000000000000000        0x0 underline.bin.o
 .bss           0x0000000000000000        0x0 underline.bin.o
 .text          0x0000000000000000        0x0 soundbank.bin.o
 .data          0x0000000000000000        0x0 soundbank.bin.o
 .bss           0x0000000000000000        0x0 soundbank.bin.o
 .rodata.soundbank_bin
                0x0000000000000000   0x46a53a soundbank.bin.o
 .data          0x0000000000000000        0x0 SpritePositionFunctions.o
 .bss           0x0000000000000000        0x0 SpritePositionFunctions.o
 .text          0x0000000000000000        0x0 background.o
 .data          0x0000000000000000        0x0 background.o
 .bss           0x0000000000000000        0x0 background.o
 .rodata        0x0000000000000000      0x888 background.o
 .debug_info    0x0000000000000000       0xa2 background.o
 .debug_abbrev  0x0000000000000000       0x6a background.o
 .debug_aranges
                0x0000000000000000       0x18 background.o
 .debug_line    0x0000000000000000       0x5a background.o
 .debug_str     0x0000000000000000       0xfe background.o
 .comment       0x0000000000000000       0x24 background.o
 .data          0x0000000000000000        0x0 enemy.o
 .bss           0x0000000000000000        0x0 enemy.o
 .data          0x0000000000000000        0x0 gameoverscreen.o
 .bss           0x0000000000000000        0x0 gameoverscreen.o
 .data          0x0000000000000000        0x0 graphics.o
 .bss           0x0000000000000000        0x0 graphics.o
 .text          0x0000000000000000        0x0 interrupts.o
 .data          0x0000000000000000        0x0 interrupts.o
 .bss           0x0000000000000000        0x0 interrupts.o
 .debug_info    0x0000000000000000       0x5e interrupts.o
 .debug_abbrev  0x0000000000000000       0x26 interrupts.o
 .debug_aranges
                0x0000000000000000       0x18 interrupts.o
 .debug_line    0x0000000000000000       0x1d interrupts.o
 .debug_str     0x0000000000000000      0x134 interrupts.o
 .comment       0x0000000000000000       0x24 interrupts.o
 .data          0x0000000000000000        0x0 main.o
 .data          0x0000000000000000        0x0 music.o
 .data          0x0000000000000000        0x0 posprintf.o
 .bss           0x0000000000000000        0x0 posprintf.o
 .bss           0x0000000000000000        0x0 /opt/devkitpro/libtonc/lib/libtonc.a(tonc_core.o)
 .rodata        0x0000000000000000       0x58 /opt/devkitpro/libtonc/lib/libtonc.a(tonc_core.o)
 .data          0x0000000000000000        0x0 /opt/devkitpro/libtonc/lib/libtonc.a(tonc_bios.o)
 .bss           0x0000000000000000        0x0 /opt/devkitpro/libtonc/lib/libtonc.a(tonc_bios.o)
 .text          0x0000000000000000       0x3c /opt/devkitpro/libtonc/lib/libtonc.a(tonc_memset.o)
 .data          0x0000000000000000        0x0 /opt/devkitpro/libtonc/lib/libtonc.a(tonc_memset.o)
 .bss           0x0000000000000000        0x0 /opt/devkitpro/libtonc/lib/libtonc.a(tonc_memset.o)
 .text          0x0000000000000000        0x0 /opt/devkitpro/devkitARM/bin/../lib/gcc/arm-none-eabi/11.1.0/../../../../arm-none-eabi/lib/thumb/libg.a(lib_a-init.o)
 .data          0x0000000000000000        0x0 /opt/devkitpro/devkitARM/bin/../lib/gcc/arm-none-eabi/11.1.0/../../../../arm-none-eabi/lib/thumb/libg.a(lib_a-init.o)
 .bss           0x0000000000000000        0x0 /opt/devkitpro/devkitARM/bin/../lib/gcc/arm-none-eabi/11.1.0/../../../../arm-none-eabi/lib/thumb/libg.a(lib_a-init.o)
 .text          0x0000000000000000        0x0 /opt/devkitpro/devkitARM/bin/../lib/gcc/arm-none-eabi/11.1.0/../../../../arm-none-eabi/lib/thumb/libg.a(lib_a-memset.o)
 .data          0x0000000000000000        0x0 /opt/devkitpro/devkitARM/bin/../lib/gcc/arm-none-eabi/11.1.0/../../../../arm-none-eabi/lib/thumb/libg.a(lib_a-memset.o)
 .bss           0x0000000000000000        0x0 /opt/devkitpro/devkitARM/bin/../lib/gcc/arm-none-eabi/11.1.0/../../../../arm-none-eabi/lib/thumb/libg.a(lib_a-memset.o)
 .text          0x0000000000000000        0x0 /opt/devkitpro/devkitARM/bin/../lib/gcc/arm-none-eabi/11.1.0/../../../../arm-none-eabi/lib/thumb/libsysbase.a(malloc_vars.o)
 .data          0x0000000000000000        0x0 /opt/devkitpro/devkitARM/bin/../lib/gcc/arm-none-eabi/11.1.0/../../../../arm-none-eabi/lib/thumb/libsysbase.a(malloc_vars.o)
 .bss           0x0000000000000000        0x0 /opt/devkitpro/devkitARM/bin/../lib/gcc/arm-none-eabi/11.1.0/../../../../arm-none-eabi/lib/thumb/libsysbase.a(malloc_vars.o)
 .bss.fake_heap_start
                0x0000000000000000        0x4 /opt/devkitpro/devkitARM/bin/../lib/gcc/arm-none-eabi/11.1.0/../../../../arm-none-eabi/lib/thumb/libsysbase.a(malloc_vars.o)
 .text          0x0000000000000000        0x0 /opt/devkitpro/devkitARM/bin/../lib/gcc/arm-none-eabi/11.1.0/thumb/crtend.o
 .data          0x0000000000000000        0x0 /opt/devkitpro/devkitARM/bin/../lib/gcc/arm-none-eabi/11.1.0/thumb/crtend.o
 .bss           0x0000000000000000        0x0 /opt/devkitpro/devkitARM/bin/../lib/gcc/arm-none-eabi/11.1.0/thumb/crtend.o
 .rodata.all_implied_fbits
                0x0000000000000000       0x24 /opt/devkitpro/devkitARM/bin/../lib/gcc/arm-none-eabi/11.1.0/thumb/crtend.o
 .text          0x0000000000000000        0x0 /opt/devkitpro/devkitARM/bin/../lib/gcc/arm-none-eabi/11.1.0/thumb/crtn.o
 .data          0x0000000000000000        0x0 /opt/devkitpro/devkitARM/bin/../lib/gcc/arm-none-eabi/11.1.0/thumb/crtn.o
 .bss           0x0000000000000000        0x0 /opt/devkitpro/devkitARM/bin/../lib/gcc/arm-none-eabi/11.1.0/thumb/crtn.o

Memory Configuration

Name             Origin             Length             Attributes
rom              0x0000000008000000 0x0000000002000000
iwram            0x0000000003000000 0x0000000000008000
ewram            0x0000000002000000 0x0000000000040000
*default*        0x0000000000000000 0xffffffffffffffff

Linker script and memory map

                0x0000000008000000                __text_start = ORIGIN (rom)
                0x0000000002040000                __eheap_end = (ORIGIN (ewram) + LENGTH (ewram))
                0x0000000003000000                __iwram_start = ORIGIN (iwram)
                0x0000000003008000                __iwram_top = (ORIGIN (iwram) + LENGTH (iwram))
                0x0000000003007fa0                __sp_irq = (__iwram_top - 0x60)
                0x0000000003007f00                __sp_usr = (__sp_irq - 0xa0)
                0x0000000003007ff8                __irq_flags = 0x3007ff8
                0x0000000008000000                . = __text_start

.crt0           0x0000000008000000      0x210
 *(.crt0)
 .crt0          0x0000000008000000      0x210 /opt/devkitpro/devkitARM/bin/../lib/gcc/arm-none-eabi/11.1.0/../../../../arm-none-eabi/lib/thumb/gba_crt0.o
                0x0000000008000000                _start
                0x00000000080000c4                __boot_method
                0x00000000080000c5                __slave_number
                0x00000000080000e0                start_vector
                0x0000000008000210                . = ALIGN (0x4)

.init           0x0000000008000210        0xc
 *(SORT_NONE(.init))
 .init          0x0000000008000210        0x4 /opt/devkitpro/devkitARM/bin/../lib/gcc/arm-none-eabi/11.1.0/thumb/crti.o
                0x0000000008000210                _init
 .init          0x0000000008000214        0x8 /opt/devkitpro/devkitARM/bin/../lib/gcc/arm-none-eabi/11.1.0/thumb/crtn.o

.plt            0x000000000800021c        0x0
 *(.plt)
                0x000000000800021c                . = ALIGN (0x4)

.text           0x000000000800021c     0x1e30
 *(EXCLUDE_FILE(*.iwram*) .text*)
 .text.__do_global_dtors_aux
                0x000000000800021c       0x2c /opt/devkitpro/devkitARM/bin/../lib/gcc/arm-none-eabi/11.1.0/thumb/crtbegin.o
 .text.frame_dummy
                0x0000000008000248       0x24 /opt/devkitpro/devkitARM/bin/../lib/gcc/arm-none-eabi/11.1.0/thumb/crtbegin.o
 .text          0x000000000800026c      0x168 SpritePositionFunctions.o
                0x000000000800026c                xyoverflow
                0x00000000080002cc                anglespeed
 .text          0x00000000080003d4      0x18c bg.o
                0x00000000080003d4                initbackground
                0x0000000008000450                loadbackground
                0x00000000080004f4                loadtile
                0x000000000800052c                scrollbackground
 .text          0x0000000008000560      0x1ec enemy.o
                0x0000000008000560                anglediferencetobuttonpress
                0x0000000008000624                speedupslowdown
                0x0000000008000698                enemyai
 .text          0x000000000800074c      0x330 gameoverscreen.o
                0x000000000800074c                deathanimation
                0x0000000008000844                gameoverscreen
 .text          0x0000000008000a7c       0xbc graphics.o
                0x0000000008000a7c                displaytext
                0x0000000008000acc                createship
                0x0000000008000b04                createbullet
 .text          0x0000000008000b38       0xdc main.o
                0x0000000008000b38                startscreen
 .text.startup  0x0000000008000c14      0x9c0 main.o
                0x0000000008000c14                main
 .text          0x00000000080015d4      0x10c music.o
                0x00000000080015d4                initmusicregisters
                0x0000000008001630                switchoutdma
                0x0000000008001664                fillbuffer
                0x00000000080016d0                initilizebuffervariables
 .text          0x00000000080016e0      0x3b8 score.o
                0x00000000080016e0                displayscore
                0x0000000008001714                displaynumber
                0x0000000008001748                initleaderboard
                0x0000000008001790                leaderboardpreset
                0x00000000080017b8                displayscoreboard
                0x000000000800185c                addtoleaderboard
                0x0000000008001890                addunderline
                0x00000000080018c4                openupboardposition
                0x0000000008001940                leaderboardpositionfinder
                0x0000000008001974                checkforhighscore
                0x000000000800198c                savescore
                0x00000000080019e8                loadscore
                0x0000000008001a1c                verifysave
                0x0000000008001a54                sram_memcpy
                0x0000000008001a70                sram_memcmp
 .text          0x0000000008001a98      0x264 posprintf.o
                0x0000000008001a98                posprintf
 .text          0x0000000008001cfc      0x1c4 /opt/devkitpro/libtonc/lib/libtonc.a(tonc_core.o)
                0x0000000008001cfc                tonccpy
                0x0000000008001dac                __toncset
                0x0000000008001e3c                sqran
                0x0000000008001e4c                octant
                0x0000000008001e6c                octant_rot
 .text          0x0000000008001ec0       0x8c /opt/devkitpro/libtonc/lib/libtonc.a(tonc_bios.o)
                0x0000000008001ec0                SoftReset
                0x0000000008001ec4                RegisterRamReset
                0x0000000008001ec8                Halt
                0x0000000008001ecc                Stop
                0x0000000008001ed0                IntrWait
                0x0000000008001ed4                VBlankIntrWait
                0x0000000008001ed8                Div
                0x0000000008001edc                DivArm
                0x0000000008001ee0                Sqrt
                0x0000000008001ee4                ArcTan
                0x0000000008001ee8                ArcTan2
                0x0000000008001eec                CpuSet
                0x0000000008001ef0                CpuFastSet
                0x0000000008001ef4                BiosCheckSum
                0x0000000008001ef8                BgAffineSet
                0x0000000008001efc                ObjAffineSet
                0x0000000008001f00                BitUnPack
                0x0000000008001f04                LZ77UnCompWram
                0x0000000008001f08                LZ77UnCompVram
                0x0000000008001f0c                HuffUnComp
                0x0000000008001f10                RLUnCompWram
                0x0000000008001f14                RLUnCompVram
                0x0000000008001f18                Diff8bitUnFilterWram
                0x0000000008001f1c                Diff8bitUnFilterVram
                0x0000000008001f20                Diff16bitUnFilter
                0x0000000008001f24                SoundBias
                0x0000000008001f28                SoundDriverInit
                0x0000000008001f2c                SoundDriverMode
                0x0000000008001f30                SoundDriverMain
                0x0000000008001f34                SoundDriverVSync
                0x0000000008001f38                SoundChannelClear
                0x0000000008001f3c                MidiKey2Freq
                0x0000000008001f40                MultiBoot
                0x0000000008001f44                SoundDriverVSyncOff
                0x0000000008001f48                SoundDriverVSyncOn
 .text.__libc_init_array
                0x0000000008001f4c       0x50 /opt/devkitpro/devkitARM/bin/../lib/gcc/arm-none-eabi/11.1.0/../../../../arm-none-eabi/lib/thumb/libg.a(lib_a-init.o)
                0x0000000008001f4c                __libc_init_array
 .text.memset   0x0000000008001f9c       0xb0 /opt/devkitpro/devkitARM/bin/../lib/gcc/arm-none-eabi/11.1.0/../../../../arm-none-eabi/lib/thumb/libg.a(lib_a-memset.o)
                0x0000000008001f9c                memset
 *(.gnu.linkonce.t.*)
 *(.text.*personality*)
 *(.gnu.warning)
 *(.glue_7t)
 .glue_7t       0x000000000800204c        0x0 linker stubs
 *(.glue_7)
 .glue_7        0x000000000800204c        0x0 linker stubs
 *(.vfp11_veneer)
 .vfp11_veneer  0x000000000800204c        0x0 linker stubs
                0x000000000800204c                . = ALIGN (0x4)
                0x000000000800204c                __text_end = .

.v4_bx          0x000000000800204c        0x0
 .v4_bx         0x000000000800204c        0x0 linker stubs

.iplt           0x000000000800204c        0x0
 .iplt          0x000000000800204c        0x0 /opt/devkitpro/devkitARM/bin/../lib/gcc/arm-none-eabi/11.1.0/../../../../arm-none-eabi/lib/thumb/gba_crt0.o

.fini           0x000000000800204c        0xc
 *(.fini)
 .fini          0x000000000800204c        0x4 /opt/devkitpro/devkitARM/bin/../lib/gcc/arm-none-eabi/11.1.0/thumb/crti.o
                0x000000000800204c                _fini
 .fini          0x0000000008002050        0x8 /opt/devkitpro/devkitARM/bin/../lib/gcc/arm-none-eabi/11.1.0/thumb/crtn.o
                0x0000000008002058                . = ALIGN (0x4)

.rodata         0x0000000008002058   0x140f24
 *(.rodata)
 .rodata        0x0000000008002058      0x140 bg.o
                0x0000000008002058                bg2map
                0x0000000008002158                cloud0
                0x0000000008002178                blank
 .rodata        0x0000000008002198       0x10 main.o
                0x0000000008002198                ScreenHieght
                0x0000000008002199                ScreenWidth
                0x000000000800219a                a
                0x000000000800219c                start
                0x000000000800219e                b
                0x00000000080021a0                right
                0x00000000080021a2                left
                0x00000000080021a4                up
                0x00000000080021a6                down
 .rodata        0x00000000080021a8   0x1404f6 music.o
                0x00000000080021a8                skytheme
 *all.rodata*(*)
 *(.roda)
 *(.rodata.*)
 *fill*         0x000000000814269e        0x2 ff
 .rodata.backgroundpallete_bin
                0x00000000081426a0       0x20 backgroundpallete.bin.o
                0x00000000081426a0                backgroundpallete_bin
                0x00000000081426c0                backgroundpallete_bin_end
 .rodata.bullet_bin
                0x00000000081426c0       0x20 bullet.bin.o
                0x00000000081426c0                bullet_bin
                0x00000000081426e0                bullet_bin_end
 .rodata.clouds_bin
                0x00000000081426e0      0x200 clouds.bin.o
                0x00000000081426e0                clouds_bin
                0x00000000081428e0                clouds_bin_end
 .rodata.enemypallete_bin
                0x00000000081428e0       0x20 enemypallete.bin.o
                0x00000000081428e0                enemypallete_bin
                0x0000000008142900                enemypallete_bin_end
 .rodata.exsplosion_bin
                0x0000000008142900       0x80 exsplosion.bin.o
                0x0000000008142900                exsplosion_bin
                0x0000000008142980                exsplosion_bin_end
 .rodata.font_bin
                0x0000000008142980      0x360 font.bin.o
                0x0000000008142980                font_bin
                0x0000000008142ce0                font_bin_end
 .rodata.numbers_bin
                0x0000000008142ce0      0x140 numbers.bin.o
                0x0000000008142ce0                numbers_bin
                0x0000000008142e20                numbers_bin_end
 .rodata.playerpallete_bin
                0x0000000008142e20       0x20 playerpallete.bin.o
                0x0000000008142e20                playerpallete_bin
                0x0000000008142e40                playerpallete_bin_end
 .rodata.ship_bin
                0x0000000008142e40       0x80 ship.bin.o
                0x0000000008142e40                ship_bin
                0x0000000008142ec0                ship_bin_end
 .rodata.shipprop_bin
                0x0000000008142ec0       0x80 shipprop.bin.o
                0x0000000008142ec0                shipprop_bin
                0x0000000008142f40                shipprop_bin_end
 .rodata.underline_bin
                0x0000000008142f40       0x20 underline.bin.o
                0x0000000008142f40                underline_bin
                0x0000000008142f60                underline_bin_end
 .rodata.str1.4
                0x0000000008142f60       0x18 gameoverscreen.o
 .rodata.str1.4
                0x0000000008142f78        0xc main.o
 .rodata.str1.4
                0x0000000008142f78        0x4 score.o
 *(.gnu.linkonce.r*)
                0x0000000008142f84                . = ALIGN (0x4)

.ARM.extab
 *(.ARM.extab* .gnu.linkonce.armextab.*)
                0x0000000008142f7c                __exidx_start = .

.ARM.exidx
 *(.ARM.exidx* .gnu.linkonce.armexidx.*)
                0x0000000008142f7c                __exidx_end = .

.ctors          0x0000000008142f7c        0x0
 *crtbegin.o(.ctors)
 *(EXCLUDE_FILE(*crtend.o) .ctors)
 *(SORT_BY_NAME(.ctors.*))
 *(.ctors)
                0x0000000008142f7c                . = ALIGN (0x4)

.dtors          0x0000000008142f7c        0x0
 *crtbegin.o(.dtors)
 *(EXCLUDE_FILE(*crtend.o) .dtors)
 *(SORT_BY_NAME(.dtors.*))
 *(.dtors)
                0x0000000008142f7c                . = ALIGN (0x4)

.eh_frame       0x0000000008142f7c        0x4
 *(.eh_frame)
 .eh_frame      0x0000000008142f7c        0x0 /opt/devkitpro/devkitARM/bin/../lib/gcc/arm-none-eabi/11.1.0/thumb/crtbegin.o
 .eh_frame      0x0000000008142f7c        0x4 /opt/devkitpro/devkitARM/bin/../lib/gcc/arm-none-eabi/11.1.0/thumb/crtend.o
                0x0000000008142f80                . = ALIGN (0x4)

.gcc_except_table
                0x0000000008142f80        0x0
 *(.gcc_except_table)
                0x0000000008142f80                . = ALIGN (0x4)
                0x0000000008142f80                __iwram_lma = .

.iwram          0x0000000003000000       0x4c load address 0x0000000008142f80
                0x0000000003000000                __iwram_start__ = ABSOLUTE (.)
 *(.iwram .iwram*)
 .iwram         0x0000000003000000       0x4c /opt/devkitpro/libtonc/lib/libtonc.a(tonc_memset.o)
                0x0000000003000000                memset32
 *iwram.*(.text* .data*)
                0x000000000300004c                . = ALIGN (0x4)
                0x000000000300004c                __iwram_end__ = ABSOLUTE (.)
                0x0000000008142fcc                __data_lma = (__iwram_lma + SIZEOF (.iwram))

.rel.dyn        0x000000000300004c        0x0 load address 0x0000000008142fcc
 .rel.iplt      0x000000000300004c        0x0 /opt/devkitpro/devkitARM/bin/../lib/gcc/arm-none-eabi/11.1.0/../../../../arm-none-eabi/lib/thumb/gba_crt0.o

.bss            0x000000000300004c      0x2d0
                0x000000000300004c                __bss_start = ABSOLUTE (.)
                0x000000000300004c                __bss_start__ = ABSOLUTE (.)
 *(.dynbss)
 *(.gnu.linkonce.b*)
 *(.bss*)
 .bss.completed.1
                0x000000000300004c        0x1 /opt/devkitpro/devkitARM/bin/../lib/gcc/arm-none-eabi/11.1.0/thumb/crtbegin.o
 *fill*         0x000000000300004d        0x3 
 .bss.object.0  0x0000000003000050       0x18 /opt/devkitpro/devkitARM/bin/../lib/gcc/arm-none-eabi/11.1.0/thumb/crtbegin.o
 .bss           0x0000000003000068        0x4 bg.o
                0x0000000003000068                scroll
 .bss           0x000000000300006c       0x1d main.o
                0x000000000300006c                shipcount
                0x0000000003000070                shipptr
                0x0000000003000080                gameover
                0x0000000003000081                exsplosion
                0x0000000003000082                score
                0x0000000003000084                xyout
                0x0000000003000088                level
 *fill*         0x0000000003000089        0x3 
 .bss           0x000000000300008c      0x270 music.o
                0x000000000300008c                BufferAttributes
                0x0000000003000094                SongData
                0x000000000300009c                Buffer
 .bss           0x00000000030002fc       0x1a score.o
                0x00000000030002fc                leaderboard
 *fill*         0x0000000003000316        0x2 
 .bss.fake_heap_end
                0x0000000003000318        0x4 /opt/devkitpro/devkitARM/bin/../lib/gcc/arm-none-eabi/11.1.0/../../../../arm-none-eabi/lib/thumb/libsysbase.a(malloc_vars.o)
                0x0000000003000318                fake_heap_end
 *(COMMON)
                0x000000000300031c                . = ALIGN (0x4)
                0x000000000300031c                __bss_end__ = ABSOLUTE (.)

.data           0x000000000300031c       0x14 load address 0x0000000008142fcc
                0x000000000300031c                __data_start__ = ABSOLUTE (.)
 *(.data*)
 .data          0x000000000300031c        0x8 bg.o
                0x000000000300031c                tiles
 .data          0x0000000003000324        0x1 score.o
                0x0000000003000324                boardpos
 *fill*         0x0000000003000325        0x3 ff
 .data          0x0000000003000328        0x8 /opt/devkitpro/libtonc/lib/libtonc.a(tonc_core.o)
                0x0000000003000328                __qran_seed
                0x000000000300032c                vid_page
 *(.gnu.linkonce.d*)
                0x0000000003000330                . = ALIGN (0x4)
                0x0000000008142fe0                __preinit_lma = (__data_lma + SIZEOF (.data))

.igot.plt       0x0000000003000330        0x0 load address 0x0000000008142fe0
 .igot.plt      0x0000000003000330        0x0 /opt/devkitpro/devkitARM/bin/../lib/gcc/arm-none-eabi/11.1.0/../../../../arm-none-eabi/lib/thumb/gba_crt0.o

.preinit_array  0x0000000003000330        0x0 load address 0x0000000008142fe0
                0x0000000003000330                __preinit_array_start = ABSOLUTE (.)
 *(.preinit_array)
                0x0000000003000330                __preinit_array_end = ABSOLUTE (.)
                0x0000000008142fe0                __init_lma = (__preinit_lma + SIZEOF (.preinit_array))

.init_array     0x0000000003000330        0x4 load address 0x0000000008142fe0
                0x0000000003000330                __init_array_start = ABSOLUTE (.)
 *(SORT_BY_NAME(.init_array.*))
 *(.init_array)
 .init_array    0x0000000003000330        0x4 /opt/devkitpro/devkitARM/bin/../lib/gcc/arm-none-eabi/11.1.0/thumb/crtbegin.o
                0x0000000003000334                __init_array_end = ABSOLUTE (.)
                0x0000000008142fe4                __fini_lma = (__init_lma + SIZEOF (.init_array))

.fini_array     0x0000000003000334        0x4 load address 0x0000000008142fe4
                0x0000000003000334                __fini_array_start = ABSOLUTE (.)
 *(SORT_BY_NAME(.fini_array.*))
 *(.fini_array)
 .fini_array    0x0000000003000334        0x4 /opt/devkitpro/devkitARM/bin/../lib/gcc/arm-none-eabi/11.1.0/thumb/crtbegin.o
                0x0000000003000338                __fini_array_end = ABSOLUTE (.)
                0x0000000008142fe8                __jcr_lma = (__fini_lma + SIZEOF (.fini_array))

.jcr            0x0000000003000338        0x0 load address 0x0000000008142fe8
 *(.jcr)
                0x0000000003000338                __data_end__ = ABSOLUTE (.)
                0x0000000008142fe8                __iwram_overlay_lma = (__jcr_lma + SIZEOF (.jcr))
                0x0000000003000338                __iwram_overlay_start = .

.iwram0         0x0000000003000338        0x0 load address 0x0000000008142fe8
 *(.iwram0)
                0x0000000003000338                . = ALIGN (0x4)
                0x0000000008142fe8                PROVIDE (__load_start_iwram0 = LOADADDR (.iwram0))
                0x0000000008142fe8                PROVIDE (__load_stop_iwram0 = (LOADADDR (.iwram0) + SIZEOF (.iwram0)))

.iwram1         0x0000000003000338        0x0
 *(.iwram1)
                0x0000000003000338                . = ALIGN (0x4)
                [!provide]                        PROVIDE (__load_start_iwram1 = LOADADDR (.iwram1))
                [!provide]                        PROVIDE (__load_stop_iwram1 = (LOADADDR (.iwram1) + SIZEOF (.iwram1)))

.iwram2         0x0000000003000338        0x0
 *(.iwram2)
                0x0000000003000338                . = ALIGN (0x4)
                [!provide]                        PROVIDE (__load_start_iwram2 = LOADADDR (.iwram2))
                [!provide]                        PROVIDE (__load_stop_iwram2 = (LOADADDR (.iwram2) + SIZEOF (.iwram2)))

.iwram3         0x0000000003000338        0x0
 *(.iwram3)
                0x0000000003000338                . = ALIGN (0x4)
                [!provide]                        PROVIDE (__load_start_iwram3 = LOADADDR (.iwram3))
                [!provide]                        PROVIDE (__load_stop_iwram3 = (LOADADDR (.iwram3) + SIZEOF (.iwram3)))

.iwram4         0x0000000003000338        0x0
 *(.iwram4)
                0x0000000003000338                . = ALIGN (0x4)
                [!provide]                        PROVIDE (__load_start_iwram4 = LOADADDR (.iwram4))
                [!provide]                        PROVIDE (__load_stop_iwram4 = (LOADADDR (.iwram4) + SIZEOF (.iwram4)))

.iwram5         0x0000000003000338        0x0
 *(.iwram5)
                0x0000000003000338                . = ALIGN (0x4)
                [!provide]                        PROVIDE (__load_start_iwram5 = LOADADDR (.iwram5))
                [!provide]                        PROVIDE (__load_stop_iwram5 = (LOADADDR (.iwram5) + SIZEOF (.iwram5)))

.iwram6         0x0000000003000338        0x0
 *(.iwram6)
                0x0000000003000338                . = ALIGN (0x4)
                [!provide]                        PROVIDE (__load_start_iwram6 = LOADADDR (.iwram6))
                [!provide]                        PROVIDE (__load_stop_iwram6 = (LOADADDR (.iwram6) + SIZEOF (.iwram6)))

.iwram7         0x0000000003000338        0x0
 *(.iwram7)
                0x0000000003000338                . = ALIGN (0x4)
                [!provide]                        PROVIDE (__load_start_iwram7 = LOADADDR (.iwram7))
                [!provide]                        PROVIDE (__load_stop_iwram7 = (LOADADDR (.iwram7) + SIZEOF (.iwram7)))

.iwram8         0x0000000003000338        0x0
 *(.iwram8)
                0x0000000003000338                . = ALIGN (0x4)
                [!provide]                        PROVIDE (__load_start_iwram8 = LOADADDR (.iwram8))
                [!provide]                        PROVIDE (__load_stop_iwram8 = (LOADADDR (.iwram8) + SIZEOF (.iwram8)))

.iwram9         0x0000000003000338        0x0
 *(.iwram9)
                0x0000000003000338                . = ALIGN (0x4)
                [!provide]                        PROVIDE (__load_start_iwram9 = LOADADDR (.iwram9))
                [!provide]                        PROVIDE (__load_stop_iwram9 = (LOADADDR (.iwram9) + SIZEOF (.iwram9)))
                0x0000000003000338                __iwram_overlay_end = .
                0x0000000008142fe8                __ewram_lma = (__iwram_overlay_lma + (__iwram_overlay_end - __iwram_overlay_start))
                0x0000000003000338                __iheap_start = .
                0x0000000002000000                __ewram_start = ORIGIN (ewram)

.ewram          0x0000000002000000        0x0 load address 0x0000000008142fe8
 *(.ewram*)
                0x0000000002000000                . = ALIGN (0x4)
                0x0000000002000000                __ewram_end = ABSOLUTE (.)
                0x0000000008142fe8                __pad_lma = (__ewram_lma + SIZEOF (.ewram))

.sbss           0x0000000002000000        0x0
                0x0000000002000000                __sbss_start__ = ABSOLUTE (.)
 *(.sbss*)
                0x0000000002000000                . = ALIGN (0x4)
                0x0000000002000000                __sbss_end__ = ABSOLUTE (.)
                0x0000000002000000                __end__ = ABSOLUTE (.)
                0x0000000002000000                __eheap_start = ABSOLUTE (.)

.pad            0x0000000002000000        0x8 load address 0x0000000008142fe8
                0x0000000002000000        0x4 LONG 0x52416b64
                0x0000000002000004        0x4 LONG 0x4d
                0x0000000002000008                . = ALIGN (0x4)
                0x0000000008142ff0                __rom_end__ = (__pad_lma + SIZEOF (.pad))

.stab
 *(.stab)

.stabstr
 *(.stabstr)

.stab.excl
 *(.stab.excl)

.stab.exclstr
 *(.stab.exclstr)

.stab.index
 *(.stab.index)

.stab.indexstr
 *(.stab.indexstr)

.comment        0x0000000000000000       0x45
 *(.comment)
 .comment       0x0000000000000000       0x23 /opt/devkitpro/devkitARM/bin/../lib/gcc/arm-none-eabi/11.1.0/thumb/crtbegin.o
                                         0x24 (size before relaxing)
 .comment       0x0000000000000023       0x24 SpritePositionFunctions.o
 .comment       0x0000000000000023       0x24 bg.o
 .comment       0x0000000000000023       0x24 enemy.o
 .comment       0x0000000000000023       0x24 gameoverscreen.o
 .comment       0x0000000000000023       0x24 graphics.o
 .comment       0x0000000000000023       0x24 main.o
 .comment       0x0000000000000023       0x24 music.o
 .comment       0x0000000000000023       0x24 score.o
 .comment       0x0000000000000023       0x22 /opt/devkitpro/libtonc/lib/libtonc.a(tonc_core.o)
                                         0x23 (size before relaxing)
 .comment       0x0000000000000045       0x24 /opt/devkitpro/devkitARM/bin/../lib/gcc/arm-none-eabi/11.1.0/../../../../arm-none-eabi/lib/thumb/libg.a(lib_a-init.o)
 .comment       0x0000000000000045       0x24 /opt/devkitpro/devkitARM/bin/../lib/gcc/arm-none-eabi/11.1.0/../../../../arm-none-eabi/lib/thumb/libg.a(lib_a-memset.o)
 .comment       0x0000000000000045       0x24 /opt/devkitpro/devkitARM/bin/../lib/gcc/arm-none-eabi/11.1.0/../../../../arm-none-eabi/lib/thumb/libsysbase.a(malloc_vars.o)
 .comment       0x0000000000000045       0x24 /opt/devkitpro/devkitARM/bin/../lib/gcc/arm-none-eabi/11.1.0/thumb/crtend.o

.debug
 *(.debug)

.line
 *(.line)

.debug_srcinfo
 *(.debug_srcinfo)

.debug_sfnames
 *(.debug_sfnames)

.debug_aranges  0x0000000000000000      0x128
 *(.debug_aranges)
 .debug_aranges
                0x0000000000000000       0x20 SpritePositionFunctions.o
 .debug_aranges
                0x0000000000000020       0x20 bg.o
 .debug_aranges
                0x0000000000000040       0x20 enemy.o
 .debug_aranges
                0x0000000000000060       0x20 gameoverscreen.o
 .debug_aranges
                0x0000000000000080       0x20 graphics.o
 .debug_aranges
                0x00000000000000a0       0x28 main.o
 .debug_aranges
                0x00000000000000c8       0x20 music.o
 .debug_aranges
                0x00000000000000e8       0x20 score.o
 .debug_aranges
                0x0000000000000108       0x20 posprintf.o

.debug_pubnames
 *(.debug_pubnames)

.debug_info     0x0000000000000000     0x2c7e
 *(.debug_info)
 .debug_info    0x0000000000000000      0x218 SpritePositionFunctions.o
 .debug_info    0x0000000000000218      0x42a bg.o
 .debug_info    0x0000000000000642      0x4ca enemy.o
 .debug_info    0x0000000000000b0c      0x6b3 gameoverscreen.o
 .debug_info    0x00000000000011bf      0x267 graphics.o
 .debug_info    0x0000000000001426      0xd90 main.o
 .debug_info    0x00000000000021b6      0x272 music.o
 .debug_info    0x0000000000002428      0x831 score.o
 .debug_info    0x0000000000002c59       0x25 posprintf.o

.debug_abbrev   0x0000000000000000     0x1186
 *(.debug_abbrev)
 .debug_abbrev  0x0000000000000000      0x156 SpritePositionFunctions.o
 .debug_abbrev  0x0000000000000156      0x209 bg.o
 .debug_abbrev  0x000000000000035f      0x223 enemy.o
 .debug_abbrev  0x0000000000000582      0x297 gameoverscreen.o
 .debug_abbrev  0x0000000000000819      0x114 graphics.o
 .debug_abbrev  0x000000000000092d      0x3e8 main.o
 .debug_abbrev  0x0000000000000d15      0x141 music.o
 .debug_abbrev  0x0000000000000e56      0x31c score.o
 .debug_abbrev  0x0000000000001172       0x14 posprintf.o

.debug_line     0x0000000000000000     0x254e
 *(.debug_line)
 .debug_line    0x0000000000000000      0x233 SpritePositionFunctions.o
 .debug_line    0x0000000000000233      0x3ff bg.o
 .debug_line    0x0000000000000632      0x2f9 enemy.o
 .debug_line    0x000000000000092b      0x3aa gameoverscreen.o
 .debug_line    0x0000000000000cd5      0x1cb graphics.o
 .debug_line    0x0000000000000ea0      0xcbc main.o
 .debug_line    0x0000000000001b5c      0x25f music.o
 .debug_line    0x0000000000001dbb      0x61d score.o
 .debug_line    0x00000000000023d8      0x176 posprintf.o

.debug_frame    0x0000000000000000      0x438
 *(.debug_frame)
 .debug_frame   0x0000000000000000       0x3c SpritePositionFunctions.o
 .debug_frame   0x000000000000003c       0x70 bg.o
 .debug_frame   0x00000000000000ac       0x78 enemy.o
 .debug_frame   0x0000000000000124       0x68 gameoverscreen.o
 .debug_frame   0x000000000000018c       0x64 graphics.o
 .debug_frame   0x00000000000001f0       0x68 main.o
 .debug_frame   0x0000000000000258       0x5c music.o
 .debug_frame   0x00000000000002b4      0x184 score.o

.debug_str      0x0000000000000000      0xab7
 *(.debug_str)
 .debug_str     0x0000000000000000      0x13e SpritePositionFunctions.o
                                        0x16d (size before relaxing)
 .debug_str     0x000000000000013e      0x145 bg.o
                                        0x267 (size before relaxing)
 .debug_str     0x0000000000000283      0x14a enemy.o
                                        0x24e (size before relaxing)
 .debug_str     0x00000000000003cd      0x1da gameoverscreen.o
                                        0x33e (size before relaxing)
 .debug_str     0x00000000000005a7       0xa8 graphics.o
                                        0x1f0 (size before relaxing)
 .debug_str     0x000000000000064f      0x2ea main.o
                                        0x5f1 (size before relaxing)
 .debug_str     0x0000000000000939       0xc6 music.o
                                        0x243 (size before relaxing)
 .debug_str     0x00000000000009ff       0x9e score.o
                                        0x2ca (size before relaxing)
 .debug_str     0x0000000000000a9d       0x1a posprintf.o
                                         0x49 (size before relaxing)

.debug_loc
 *(.debug_loc)

.debug_macinfo
 *(.debug_macinfo)

.debug_weaknames
 *(.debug_weaknames)

.debug_funcnames
 *(.debug_funcnames)

.debug_typenames
 *(.debug_typenames)

.debug_varnames
 *(.debug_varnames)

.stack          0x0000000000080000        0x0
                0x0000000000080000                _stack = .
 *(.stack)

.note.gnu.arm.ident
 *(.note.gnu.arm.ident)

.ARM.attributes
                0x0000000000000000       0x2c
 *(.ARM.attributes)
 .ARM.attributes
                0x0000000000000000       0x20 /opt/devkitpro/devkitARM/bin/../lib/gcc/arm-none-eabi/11.1.0/../../../../arm-none-eabi/lib/thumb/gba_crt0.o
 .ARM.attributes
                0x0000000000000020       0x1c /opt/devkitpro/devkitARM/bin/../lib/gcc/arm-none-eabi/11.1.0/thumb/crti.o
 .ARM.attributes
                0x000000000000003c       0x2a /opt/devkitpro/devkitARM/bin/../lib/gcc/arm-none-eabi/11.1.0/thumb/crtbegin.o
 .ARM.attributes
                0x0000000000000066       0x14 backgroundpallete.bin.o
 .ARM.attributes
                0x000000000000007a       0x14 bullet.bin.o
 .ARM.attributes
                0x000000000000008e       0x14 cloudmap.bin.o
 .ARM.attributes
                0x00000000000000a2       0x14 clouds.bin.o
 .ARM.attributes
                0x00000000000000b6       0x14 enemybullet.bin.o
 .ARM.attributes
                0x00000000000000ca       0x14 enemypallete.bin.o
 .ARM.attributes
                0x00000000000000de       0x14 enemypalletetrash.bin.o
 .ARM.attributes
                0x00000000000000f2       0x14 exsplosion.bin.o
 .ARM.attributes
                0x0000000000000106       0x14 font.bin.o
 .ARM.attributes
                0x000000000000011a       0x14 islandmap.bin.o
 .ARM.attributes
                0x000000000000012e       0x14 islands.bin.o
 .ARM.attributes
                0x0000000000000142       0x14 numbers.bin.o
 .ARM.attributes
                0x0000000000000156       0x14 playerpallete.bin.o
 .ARM.attributes
                0x000000000000016a       0x14 ship.bin.o
 .ARM.attributes
                0x000000000000017e       0x14 shipprop.bin.o
 .ARM.attributes
                0x0000000000000192       0x14 sprite.bin.o
 .ARM.attributes
                0x00000000000001a6       0x14 spriteprop.bin.o
 .ARM.attributes
                0x00000000000001ba       0x14 underline.bin.o
 .ARM.attributes
                0x00000000000001ce       0x14 soundbank.bin.o
 .ARM.attributes
                0x00000000000001e2       0x2a SpritePositionFunctions.o
 .ARM.attributes
                0x000000000000020c       0x30 background.o
 .ARM.attributes
                0x000000000000023c       0x2a bg.o
 .ARM.attributes
                0x0000000000000266       0x2a enemy.o
 .ARM.attributes
                0x0000000000000290       0x2a gameoverscreen.o
 .ARM.attributes
                0x00000000000002ba       0x2a graphics.o
 .ARM.attributes
                0x00000000000002e4       0x30 interrupts.o
 .ARM.attributes
                0x0000000000000314       0x2a main.o
 .ARM.attributes
                0x000000000000033e       0x2a music.o
 .ARM.attributes
                0x0000000000000368       0x2a score.o
 .ARM.attributes
                0x0000000000000392       0x1a posprintf.o
 .ARM.attributes
                0x00000000000003ac       0x2a /opt/devkitpro/libtonc/lib/libtonc.a(tonc_core.o)
 .ARM.attributes
                0x00000000000003d6       0x1a /opt/devkitpro/libtonc/lib/libtonc.a(tonc_bios.o)
 .ARM.attributes
                0x00000000000003f0       0x1a /opt/devkitpro/libtonc/lib/libtonc.a(tonc_memset.o)
 .ARM.attributes
                0x000000000000040a       0x2a /opt/devkitpro/devkitARM/bin/../lib/gcc/arm-none-eabi/11.1.0/../../../../arm-none-eabi/lib/thumb/libg.a(lib_a-init.o)
 .ARM.attributes
                0x0000000000000434       0x2a /opt/devkitpro/devkitARM/bin/../lib/gcc/arm-none-eabi/11.1.0/../../../../arm-none-eabi/lib/thumb/libg.a(lib_a-memset.o)
 .ARM.attributes
                0x000000000000045e       0x30 /opt/devkitpro/devkitARM/bin/../lib/gcc/arm-none-eabi/11.1.0/../../../../arm-none-eabi/lib/thumb/libsysbase.a(malloc_vars.o)
 .ARM.attributes
                0x000000000000048e       0x30 /opt/devkitpro/devkitARM/bin/../lib/gcc/arm-none-eabi/11.1.0/thumb/crtend.o
 .ARM.attributes
                0x00000000000004be       0x1c /opt/devkitpro/devkitARM/bin/../lib/gcc/arm-none-eabi/11.1.0/thumb/crtn.o

/DISCARD/
 *(.note.GNU-stack)
LOAD /opt/devkitpro/devkitARM/bin/../lib/gcc/arm-none-eabi/11.1.0/../../../../arm-none-eabi/lib/thumb/gba_crt0.o
LOAD /opt/devkitpro/devkitARM/bin/../lib/gcc/arm-none-eabi/11.1.0/thumb/crti.o
LOAD /opt/devkitpro/devkitARM/bin/../lib/gcc/arm-none-eabi/11.1.0/thumb/crtbegin.o
LOAD backgroundpallete.bin.o
LOAD bullet.bin.o
LOAD cloudmap.bin.o
LOAD clouds.bin.o
LOAD enemybullet.bin.o
LOAD enemypallete.bin.o
LOAD enemypalletetrash.bin.o
LOAD exsplosion.bin.o
LOAD font.bin.o
LOAD islandmap.bin.o
LOAD islands.bin.o
LOAD numbers.bin.o
LOAD playerpallete.bin.o
LOAD ship.bin.o
LOAD shipprop.bin.o
LOAD sprite.bin.o
LOAD spriteprop.bin.o
LOAD underline.bin.o
LOAD soundbank.bin.o
LOAD SpritePositionFunctions.o
LOAD background.o
LOAD bg.o
LOAD enemy.o
LOAD gameoverscreen.o
LOAD graphics.o
LOAD interrupts.o
LOAD main.o
LOAD music.o
LOAD score.o
LOAD posprintf.o
LOAD /opt/devkitpro/libgba/lib/libmm.a
LOAD /opt/devkitpro/libtonc/lib/libtonc.a
START GROUP
LOAD /opt/devkitpro/devkitARM/bin/../lib/gcc/arm-none-eabi/11.1.0/thumb/libgcc.a
LOAD /opt/devkitpro/devkitARM/bin/../lib/gcc/arm-none-eabi/11.1.0/../../../../arm-none-eabi/lib/thumb/libg.a
LOAD /opt/devkitpro/devkitARM/bin/../lib/gcc/arm-none-eabi/11.1.0/../../../../arm-none-eabi/lib/thumb/libc.a
LOAD /opt/devkitpro/devkitARM/bin/../lib/gcc/arm-none-eabi/11.1.0/../../../../arm-none-eabi/lib/thumb/libsysbase.a
END GROUP
LOAD /opt/devkitpro/devkitARM/bin/../lib/gcc/arm-none-eabi/11.1.0/thumb/crtend.o
LOAD /opt/devkitpro/devkitARM/bin/../lib/gcc/arm-none-eabi/11.1.0/thumb/crtn.o
OUTPUT(/Users/thoreaukilbourne/Desktop/GBA/Game/rom/Game.elf elf32-littlearm)
LOAD linker stubs

.debug_loclists
                0x0000000000000000     0x1516
 .debug_loclists
                0x0000000000000000      0x297 SpritePositionFunctions.o
 .debug_loclists
                0x0000000000000297      0x1f8 bg.o
 .debug_loclists
                0x000000000000048f      0x3c1 enemy.o
 .debug_loclists
                0x0000000000000850      0x256 gameoverscreen.o
 .debug_loclists
                0x0000000000000aa6      0x1c2 graphics.o
 .debug_loclists
                0x0000000000000c68      0x35d main.o
 .debug_loclists
                0x0000000000000fc5       0x74 music.o
 .debug_loclists
                0x0000000000001039      0x4dd score.o

.debug_rnglists
                0x0000000000000000      0x277
 .debug_rnglists
                0x0000000000000000       0x58 SpritePositionFunctions.o
 .debug_rnglists
                0x0000000000000058       0x81 bg.o
 .debug_rnglists
                0x00000000000000d9       0x26 enemy.o
 .debug_rnglists
                0x00000000000000ff       0x27 gameoverscreen.o
 .debug_rnglists
                0x0000000000000126       0x8c main.o
 .debug_rnglists
                0x00000000000001b2       0x1c music.o
 .debug_rnglists
                0x00000000000001ce       0xa9 score.o

.debug_line_str
                0x0000000000000000       0x39
 .debug_line_str
                0x0000000000000000       0x39 posprintf.o
                                         0x72 (size before relaxing)
