Archive member included to satisfy reference by file (symbol)

/opt/devkitpro/libtonc/lib/libtonc.a(tonc_core.o)
                              main.o (tonccpy)
/opt/devkitpro/libtonc/lib/libtonc.a(tonc_bios.o)
                              enemy.o (Sqrt)
/opt/devkitpro/libtonc/lib/libtonc.a(tonc_memset.o)
                              gameoverscreen.o (memset32)
/opt/devkitpro/devkitARM/bin/../lib/gcc/arm-none-eabi/11.1.0/../../../../arm-none-eabi/lib/thumb/libg.a(lib_a-init.o)
                              /opt/devkitpro/devkitARM/bin/../lib/gcc/arm-none-eabi/11.1.0/../../../../arm-none-eabi/lib/thumb/gba_crt0.o (__libc_init_array)
/opt/devkitpro/devkitARM/bin/../lib/gcc/arm-none-eabi/11.1.0/../../../../arm-none-eabi/lib/thumb/libg.a(lib_a-memset.o)
                              main.o (memset)
/opt/devkitpro/devkitARM/bin/../lib/gcc/arm-none-eabi/11.1.0/../../../../arm-none-eabi/lib/thumb/libsysbase.a(malloc_vars.o)
                              /opt/devkitpro/devkitARM/bin/../lib/gcc/arm-none-eabi/11.1.0/../../../../arm-none-eabi/lib/thumb/gba_crt0.o (fake_heap_end)

Discarded input sections

 .text          0x0000000000000000        0x0 /opt/devkitpro/devkitARM/bin/../lib/gcc/arm-none-eabi/11.1.0/../../../../arm-none-eabi/lib/thumb/gba_crt0.o
 .data          0x0000000000000000        0x0 /opt/devkitpro/devkitARM/bin/../lib/gcc/arm-none-eabi/11.1.0/../../../../arm-none-eabi/lib/thumb/gba_crt0.o
 .bss           0x0000000000000000        0x0 /opt/devkitpro/devkitARM/bin/../lib/gcc/arm-none-eabi/11.1.0/../../../../arm-none-eabi/lib/thumb/gba_crt0.o
 .text          0x0000000000000000        0x0 /opt/devkitpro/devkitARM/bin/../lib/gcc/arm-none-eabi/11.1.0/thumb/crti.o
 .data          0x0000000000000000        0x0 /opt/devkitpro/devkitARM/bin/../lib/gcc/arm-none-eabi/11.1.0/thumb/crti.o
 .bss           0x0000000000000000        0x0 /opt/devkitpro/devkitARM/bin/../lib/gcc/arm-none-eabi/11.1.0/thumb/crti.o
 .text          0x0000000000000000        0x0 /opt/devkitpro/devkitARM/bin/../lib/gcc/arm-none-eabi/11.1.0/thumb/crtbegin.o
 .data          0x0000000000000000        0x0 /opt/devkitpro/devkitARM/bin/../lib/gcc/arm-none-eabi/11.1.0/thumb/crtbegin.o
 .bss           0x0000000000000000        0x0 /opt/devkitpro/devkitARM/bin/../lib/gcc/arm-none-eabi/11.1.0/thumb/crtbegin.o
 .rodata.all_implied_fbits
                0x0000000000000000       0x24 /opt/devkitpro/devkitARM/bin/../lib/gcc/arm-none-eabi/11.1.0/thumb/crtbegin.o
 .data.__dso_handle
                0x0000000000000000        0x4 /opt/devkitpro/devkitARM/bin/../lib/gcc/arm-none-eabi/11.1.0/thumb/crtbegin.o
 .text          0x0000000000000000        0x0 bullet.bin.o
 .data          0x0000000000000000        0x0 bullet.bin.o
 .bss           0x0000000000000000        0x0 bullet.bin.o
 .text          0x0000000000000000        0x0 enemypallete.bin.o
 .data          0x0000000000000000        0x0 enemypallete.bin.o
 .bss           0x0000000000000000        0x0 enemypallete.bin.o
 .text          0x0000000000000000        0x0 enemypalletetrash.bin.o
 .data          0x0000000000000000        0x0 enemypalletetrash.bin.o
 .bss           0x0000000000000000        0x0 enemypalletetrash.bin.o
 .rodata.enemypalletetrash_bin
                0x0000000000000000       0x40 enemypalletetrash.bin.o
 .text          0x0000000000000000        0x0 exsplosion.bin.o
 .data          0x0000000000000000        0x0 exsplosion.bin.o
 .bss           0x0000000000000000        0x0 exsplosion.bin.o
 .text          0x0000000000000000        0x0 font.bin.o
 .data          0x0000000000000000        0x0 font.bin.o
 .bss           0x0000000000000000        0x0 font.bin.o
 .text          0x0000000000000000        0x0 numbers.bin.o
 .data          0x0000000000000000        0x0 numbers.bin.o
 .bss           0x0000000000000000        0x0 numbers.bin.o
 .text          0x0000000000000000        0x0 playerpallete.bin.o
 .data          0x0000000000000000        0x0 playerpallete.bin.o
 .bss           0x0000000000000000        0x0 playerpallete.bin.o
 .text          0x0000000000000000        0x0 sprite.bin.o
 .data          0x0000000000000000        0x0 sprite.bin.o
 .bss           0x0000000000000000        0x0 sprite.bin.o
 .text          0x0000000000000000        0x0 soundbank.bin.o
 .data          0x0000000000000000        0x0 soundbank.bin.o
 .bss           0x0000000000000000        0x0 soundbank.bin.o
 .rodata.soundbank_bin
                0x0000000000000000   0x44a4d2 soundbank.bin.o
 .data          0x0000000000000000        0x0 SpritePositionFunctions.o
 .bss           0x0000000000000000        0x0 SpritePositionFunctions.o
 .text          0x0000000000000000        0x0 background.o
 .data          0x0000000000000000        0x0 background.o
 .bss           0x0000000000000000        0x0 background.o
 .data          0x0000000000000000        0x0 enemy.o
 .bss           0x0000000000000000        0x0 enemy.o
 .data          0x0000000000000000        0x0 gameoverscreen.o
 .bss           0x0000000000000000        0x0 gameoverscreen.o
 .data          0x0000000000000000        0x0 graphics.o
 .bss           0x0000000000000000        0x0 graphics.o
 .text          0x0000000000000000        0xc interrupts.o
 .data          0x0000000000000000        0x0 interrupts.o
 .bss           0x0000000000000000        0x0 interrupts.o
 .debug_info    0x0000000000000000       0xa0 interrupts.o
 .debug_abbrev  0x0000000000000000       0x67 interrupts.o
 .debug_aranges
                0x0000000000000000       0x20 interrupts.o
 .debug_line    0x0000000000000000       0x76 interrupts.o
 .debug_str     0x0000000000000000      0x146 interrupts.o
 .comment       0x0000000000000000       0x24 interrupts.o
 .debug_frame   0x0000000000000000       0x28 interrupts.o
 .data          0x0000000000000000        0x0 main.o
 .data          0x0000000000000000        0x0 music.o
 .data          0x0000000000000000        0x0 score.o
 .data          0x0000000000000000        0x0 posprintf.o
 .bss           0x0000000000000000        0x0 posprintf.o
 .bss           0x0000000000000000        0x0 /opt/devkitpro/libtonc/lib/libtonc.a(tonc_core.o)
 .rodata        0x0000000000000000       0x58 /opt/devkitpro/libtonc/lib/libtonc.a(tonc_core.o)
 .data          0x0000000000000000        0x0 /opt/devkitpro/libtonc/lib/libtonc.a(tonc_bios.o)
 .bss           0x0000000000000000        0x0 /opt/devkitpro/libtonc/lib/libtonc.a(tonc_bios.o)
 .text          0x0000000000000000       0x3c /opt/devkitpro/libtonc/lib/libtonc.a(tonc_memset.o)
 .data          0x0000000000000000        0x0 /opt/devkitpro/libtonc/lib/libtonc.a(tonc_memset.o)
 .bss           0x0000000000000000        0x0 /opt/devkitpro/libtonc/lib/libtonc.a(tonc_memset.o)
 .text          0x0000000000000000        0x0 /opt/devkitpro/devkitARM/bin/../lib/gcc/arm-none-eabi/11.1.0/../../../../arm-none-eabi/lib/thumb/libg.a(lib_a-init.o)
 .data          0x0000000000000000        0x0 /opt/devkitpro/devkitARM/bin/../lib/gcc/arm-none-eabi/11.1.0/../../../../arm-none-eabi/lib/thumb/libg.a(lib_a-init.o)
 .bss           0x0000000000000000        0x0 /opt/devkitpro/devkitARM/bin/../lib/gcc/arm-none-eabi/11.1.0/../../../../arm-none-eabi/lib/thumb/libg.a(lib_a-init.o)
 .text          0x0000000000000000        0x0 /opt/devkitpro/devkitARM/bin/../lib/gcc/arm-none-eabi/11.1.0/../../../../arm-none-eabi/lib/thumb/libg.a(lib_a-memset.o)
 .data          0x0000000000000000        0x0 /opt/devkitpro/devkitARM/bin/../lib/gcc/arm-none-eabi/11.1.0/../../../../arm-none-eabi/lib/thumb/libg.a(lib_a-memset.o)
 .bss           0x0000000000000000        0x0 /opt/devkitpro/devkitARM/bin/../lib/gcc/arm-none-eabi/11.1.0/../../../../arm-none-eabi/lib/thumb/libg.a(lib_a-memset.o)
 .text          0x0000000000000000        0x0 /opt/devkitpro/devkitARM/bin/../lib/gcc/arm-none-eabi/11.1.0/../../../../arm-none-eabi/lib/thumb/libsysbase.a(malloc_vars.o)
 .data          0x0000000000000000        0x0 /opt/devkitpro/devkitARM/bin/../lib/gcc/arm-none-eabi/11.1.0/../../../../arm-none-eabi/lib/thumb/libsysbase.a(malloc_vars.o)
 .bss           0x0000000000000000        0x0 /opt/devkitpro/devkitARM/bin/../lib/gcc/arm-none-eabi/11.1.0/../../../../arm-none-eabi/lib/thumb/libsysbase.a(malloc_vars.o)
 .bss.fake_heap_start
                0x0000000000000000        0x4 /opt/devkitpro/devkitARM/bin/../lib/gcc/arm-none-eabi/11.1.0/../../../../arm-none-eabi/lib/thumb/libsysbase.a(malloc_vars.o)
 .text          0x0000000000000000        0x0 /opt/devkitpro/devkitARM/bin/../lib/gcc/arm-none-eabi/11.1.0/thumb/crtend.o
 .data          0x0000000000000000        0x0 /opt/devkitpro/devkitARM/bin/../lib/gcc/arm-none-eabi/11.1.0/thumb/crtend.o
 .bss           0x0000000000000000        0x0 /opt/devkitpro/devkitARM/bin/../lib/gcc/arm-none-eabi/11.1.0/thumb/crtend.o
 .rodata.all_implied_fbits
                0x0000000000000000       0x24 /opt/devkitpro/devkitARM/bin/../lib/gcc/arm-none-eabi/11.1.0/thumb/crtend.o
 .text          0x0000000000000000        0x0 /opt/devkitpro/devkitARM/bin/../lib/gcc/arm-none-eabi/11.1.0/thumb/crtn.o
 .data          0x0000000000000000        0x0 /opt/devkitpro/devkitARM/bin/../lib/gcc/arm-none-eabi/11.1.0/thumb/crtn.o
 .bss           0x0000000000000000        0x0 /opt/devkitpro/devkitARM/bin/../lib/gcc/arm-none-eabi/11.1.0/thumb/crtn.o

Memory Configuration

Name             Origin             Length             Attributes
rom              0x0000000008000000 0x0000000002000000
iwram            0x0000000003000000 0x0000000000008000
ewram            0x0000000002000000 0x0000000000040000
*default*        0x0000000000000000 0xffffffffffffffff

Linker script and memory map

                0x0000000008000000                __text_start = ORIGIN (rom)
                0x0000000002040000                __eheap_end = (ORIGIN (ewram) + LENGTH (ewram))
                0x0000000003000000                __iwram_start = ORIGIN (iwram)
                0x0000000003008000                __iwram_top = (ORIGIN (iwram) + LENGTH (iwram))
                0x0000000003007fa0                __sp_irq = (__iwram_top - 0x60)
                0x0000000003007f00                __sp_usr = (__sp_irq - 0xa0)
                0x0000000003007ff8                __irq_flags = 0x3007ff8
                0x0000000008000000                . = __text_start

.crt0           0x0000000008000000      0x210
 *(.crt0)
 .crt0          0x0000000008000000      0x210 /opt/devkitpro/devkitARM/bin/../lib/gcc/arm-none-eabi/11.1.0/../../../../arm-none-eabi/lib/thumb/gba_crt0.o
                0x0000000008000000                _start
                0x00000000080000c4                __boot_method
                0x00000000080000c5                __slave_number
                0x00000000080000e0                start_vector
                0x0000000008000210                . = ALIGN (0x4)

.init           0x0000000008000210        0xc
 *(SORT_NONE(.init))
 .init          0x0000000008000210        0x4 /opt/devkitpro/devkitARM/bin/../lib/gcc/arm-none-eabi/11.1.0/thumb/crti.o
                0x0000000008000210                _init
 .init          0x0000000008000214        0x8 /opt/devkitpro/devkitARM/bin/../lib/gcc/arm-none-eabi/11.1.0/thumb/crtn.o

.plt            0x000000000800021c        0x0
 *(.plt)
                0x000000000800021c                . = ALIGN (0x4)

.text           0x000000000800021c     0x1534
 *(EXCLUDE_FILE(*.iwram*) .text*)
 .text.__do_global_dtors_aux
                0x000000000800021c       0x2c /opt/devkitpro/devkitARM/bin/../lib/gcc/arm-none-eabi/11.1.0/thumb/crtbegin.o
 .text.frame_dummy
                0x0000000008000248       0x24 /opt/devkitpro/devkitARM/bin/../lib/gcc/arm-none-eabi/11.1.0/thumb/crtbegin.o
 .text          0x000000000800026c      0x168 SpritePositionFunctions.o
                0x000000000800026c                xyoverflow
                0x00000000080002cc                anglespeed
 .text          0x00000000080003d4      0x1ec enemy.o
                0x00000000080003d4                anglediferencetobuttonpress
                0x0000000008000498                speedupslowdown
                0x000000000800050c                enemyai
 .text          0x00000000080005c0      0x20c gameoverscreen.o
                0x00000000080005c0                deathanimation
                0x00000000080006b8                gameoverscreen
 .text          0x00000000080007cc       0xe0 graphics.o
                0x00000000080007cc                displaytext
                0x0000000008000840                createship
                0x0000000008000878                createbullet
 .text          0x00000000080008ac       0xd8 main.o
                0x00000000080008ac                startscreen
 .text.startup  0x0000000008000984      0x674 main.o
                0x0000000008000984                main
 .text          0x0000000008000ff8      0x10c music.o
                0x0000000008000ff8                initmusicregisters
                0x0000000008001054                switchoutdma
                0x0000000008001088                fillbuffer
                0x00000000080010f4                initilizebuffervariables
 .text          0x0000000008001104       0x98 score.o
                0x0000000008001104                displayscore
                0x0000000008001138                savescore
                0x000000000800113c                initleaderboard
                0x0000000008001184                leaderboardpreset
 .text          0x000000000800119c      0x264 posprintf.o
                0x000000000800119c                posprintf
 .text          0x0000000008001400      0x1c4 /opt/devkitpro/libtonc/lib/libtonc.a(tonc_core.o)
                0x0000000008001400                tonccpy
                0x00000000080014b0                __toncset
                0x0000000008001540                sqran
                0x0000000008001550                octant
                0x0000000008001570                octant_rot
 .text          0x00000000080015c4       0x8c /opt/devkitpro/libtonc/lib/libtonc.a(tonc_bios.o)
                0x00000000080015c4                SoftReset
                0x00000000080015c8                RegisterRamReset
                0x00000000080015cc                Halt
                0x00000000080015d0                Stop
                0x00000000080015d4                IntrWait
                0x00000000080015d8                VBlankIntrWait
                0x00000000080015dc                Div
                0x00000000080015e0                DivArm
                0x00000000080015e4                Sqrt
                0x00000000080015e8                ArcTan
                0x00000000080015ec                ArcTan2
                0x00000000080015f0                CpuSet
                0x00000000080015f4                CpuFastSet
                0x00000000080015f8                BiosCheckSum
                0x00000000080015fc                BgAffineSet
                0x0000000008001600                ObjAffineSet
                0x0000000008001604                BitUnPack
                0x0000000008001608                LZ77UnCompWram
                0x000000000800160c                LZ77UnCompVram
                0x0000000008001610                HuffUnComp
                0x0000000008001614                RLUnCompWram
                0x0000000008001618                RLUnCompVram
                0x000000000800161c                Diff8bitUnFilterWram
                0x0000000008001620                Diff8bitUnFilterVram
                0x0000000008001624                Diff16bitUnFilter
                0x0000000008001628                SoundBias
                0x000000000800162c                SoundDriverInit
                0x0000000008001630                SoundDriverMode
                0x0000000008001634                SoundDriverMain
                0x0000000008001638                SoundDriverVSync
                0x000000000800163c                SoundChannelClear
                0x0000000008001640                MidiKey2Freq
                0x0000000008001644                MultiBoot
                0x0000000008001648                SoundDriverVSyncOff
                0x000000000800164c                SoundDriverVSyncOn
 .text.__libc_init_array
                0x0000000008001650       0x50 /opt/devkitpro/devkitARM/bin/../lib/gcc/arm-none-eabi/11.1.0/../../../../arm-none-eabi/lib/thumb/libg.a(lib_a-init.o)
                0x0000000008001650                __libc_init_array
 .text.memset   0x00000000080016a0       0xb0 /opt/devkitpro/devkitARM/bin/../lib/gcc/arm-none-eabi/11.1.0/../../../../arm-none-eabi/lib/thumb/libg.a(lib_a-memset.o)
                0x00000000080016a0                memset
 *(.gnu.linkonce.t.*)
 *(.text.*personality*)
 *(.gnu.warning)
 *(.glue_7t)
 .glue_7t       0x0000000008001750        0x0 linker stubs
 *(.glue_7)
 .glue_7        0x0000000008001750        0x0 linker stubs
 *(.vfp11_veneer)
 .vfp11_veneer  0x0000000008001750        0x0 linker stubs
                0x0000000008001750                . = ALIGN (0x4)
                0x0000000008001750                __text_end = .

.v4_bx          0x0000000008001750        0x0
 .v4_bx         0x0000000008001750        0x0 linker stubs

.iplt           0x0000000008001750        0x0
 .iplt          0x0000000008001750        0x0 /opt/devkitpro/devkitARM/bin/../lib/gcc/arm-none-eabi/11.1.0/../../../../arm-none-eabi/lib/thumb/gba_crt0.o

.fini           0x0000000008001750        0xc
 *(.fini)
 .fini          0x0000000008001750        0x4 /opt/devkitpro/devkitARM/bin/../lib/gcc/arm-none-eabi/11.1.0/thumb/crti.o
                0x0000000008001750                _fini
 .fini          0x0000000008001754        0x8 /opt/devkitpro/devkitARM/bin/../lib/gcc/arm-none-eabi/11.1.0/thumb/crtn.o
                0x000000000800175c                . = ALIGN (0x4)

.rodata         0x000000000800175c   0x1413ac
 *(.rodata)
 .rodata        0x000000000800175c      0x888 background.o
                0x000000000800175c                checkerBg
                0x0000000008001f5c                bgPal
                0x0000000008001f64                bgTiles
 .rodata        0x0000000008001fe4        0xe main.o
                0x0000000008001fe4                ScreenHieght
                0x0000000008001fe5                ScreenWidth
                0x0000000008001fe6                start
                0x0000000008001fe8                b
                0x0000000008001fea                right
                0x0000000008001fec                left
                0x0000000008001fee                up
                0x0000000008001ff0                down
 *fill*         0x0000000008001ff2        0x2 ff
 .rodata        0x0000000008001ff4   0x1404f6 music.o
                0x0000000008001ff4                skytheme
 *all.rodata*(*)
 *(.roda)
 *(.rodata.*)
 *fill*         0x00000000081424ea        0x2 ff
 .rodata.bullet_bin
                0x00000000081424ec       0x20 bullet.bin.o
                0x00000000081424ec                bullet_bin
                0x000000000814250c                bullet_bin_end
 .rodata.enemypallete_bin
                0x000000000814250c       0x20 enemypallete.bin.o
                0x000000000814250c                enemypallete_bin
                0x000000000814252c                enemypallete_bin_end
 .rodata.exsplosion_bin
                0x000000000814252c       0x80 exsplosion.bin.o
                0x000000000814252c                exsplosion_bin
                0x00000000081425ac                exsplosion_bin_end
 .rodata.font_bin
                0x00000000081425ac      0x360 font.bin.o
                0x00000000081425ac                font_bin
                0x000000000814290c                font_bin_end
 .rodata.numbers_bin
                0x000000000814290c      0x140 numbers.bin.o
                0x000000000814290c                numbers_bin
                0x0000000008142a4c                numbers_bin_end
 .rodata.playerpallete_bin
                0x0000000008142a4c       0x20 playerpallete.bin.o
                0x0000000008142a4c                playerpallete_bin
                0x0000000008142a6c                playerpallete_bin_end
 .rodata.sprite_bin
                0x0000000008142a6c       0x80 sprite.bin.o
                0x0000000008142a6c                sprite_bin
                0x0000000008142aec                sprite_bin_end
 .rodata.str1.4
                0x0000000008142aec       0x18 gameoverscreen.o
 .rodata.str1.4
                0x0000000008142b04        0xc main.o
 .rodata.str1.4
                0x0000000008142b04        0x4 score.o
 *(.gnu.linkonce.r*)
                0x0000000008142b10                . = ALIGN (0x4)

.ARM.extab
 *(.ARM.extab* .gnu.linkonce.armextab.*)
                0x0000000008142b08                __exidx_start = .

.ARM.exidx
 *(.ARM.exidx* .gnu.linkonce.armexidx.*)
                0x0000000008142b08                __exidx_end = .

.ctors          0x0000000008142b08        0x0
 *crtbegin.o(.ctors)
 *(EXCLUDE_FILE(*crtend.o) .ctors)
 *(SORT_BY_NAME(.ctors.*))
 *(.ctors)
                0x0000000008142b08                . = ALIGN (0x4)

.dtors          0x0000000008142b08        0x0
 *crtbegin.o(.dtors)
 *(EXCLUDE_FILE(*crtend.o) .dtors)
 *(SORT_BY_NAME(.dtors.*))
 *(.dtors)
                0x0000000008142b08                . = ALIGN (0x4)

.eh_frame       0x0000000008142b08        0x4
 *(.eh_frame)
 .eh_frame      0x0000000008142b08        0x0 /opt/devkitpro/devkitARM/bin/../lib/gcc/arm-none-eabi/11.1.0/thumb/crtbegin.o
 .eh_frame      0x0000000008142b08        0x4 /opt/devkitpro/devkitARM/bin/../lib/gcc/arm-none-eabi/11.1.0/thumb/crtend.o
                0x0000000008142b0c                . = ALIGN (0x4)

.gcc_except_table
                0x0000000008142b0c        0x0
 *(.gcc_except_table)
                0x0000000008142b0c                . = ALIGN (0x4)
                0x0000000008142b0c                __iwram_lma = .

.iwram          0x0000000003000000       0x4c load address 0x0000000008142b0c
                0x0000000003000000                __iwram_start__ = ABSOLUTE (.)
 *(.iwram .iwram*)
 .iwram         0x0000000003000000       0x4c /opt/devkitpro/libtonc/lib/libtonc.a(tonc_memset.o)
                0x0000000003000000                memset32
 *iwram.*(.text* .data*)
                0x000000000300004c                . = ALIGN (0x4)
                0x000000000300004c                __iwram_end__ = ABSOLUTE (.)
                0x0000000008142b58                __data_lma = (__iwram_lma + SIZEOF (.iwram))

.rel.dyn        0x000000000300004c        0x0 load address 0x0000000008142b58
 .rel.iplt      0x000000000300004c        0x0 /opt/devkitpro/devkitARM/bin/../lib/gcc/arm-none-eabi/11.1.0/../../../../arm-none-eabi/lib/thumb/gba_crt0.o

.bss            0x000000000300004c      0x2d0
                0x000000000300004c                __bss_start = ABSOLUTE (.)
                0x000000000300004c                __bss_start__ = ABSOLUTE (.)
 *(.dynbss)
 *(.gnu.linkonce.b*)
 *(.bss*)
 .bss.completed.1
                0x000000000300004c        0x1 /opt/devkitpro/devkitARM/bin/../lib/gcc/arm-none-eabi/11.1.0/thumb/crtbegin.o
 *fill*         0x000000000300004d        0x3 
 .bss.object.0  0x0000000003000050       0x18 /opt/devkitpro/devkitARM/bin/../lib/gcc/arm-none-eabi/11.1.0/thumb/crtbegin.o
 .bss           0x0000000003000068        0x9 main.o
                0x0000000003000068                gameover
                0x0000000003000069                exsplosion
                0x000000000300006a                score
                0x000000000300006c                xyout
                0x0000000003000070                level
 *fill*         0x0000000003000071        0x3 
 .bss           0x0000000003000074      0x270 music.o
                0x0000000003000074                BufferAttributes
                0x000000000300007c                SongData
                0x0000000003000084                Buffer
 .bss           0x00000000030002e4       0x32 score.o
                0x00000000030002e4                leaderboard
 *fill*         0x0000000003000316        0x2 
 .bss.fake_heap_end
                0x0000000003000318        0x4 /opt/devkitpro/devkitARM/bin/../lib/gcc/arm-none-eabi/11.1.0/../../../../arm-none-eabi/lib/thumb/libsysbase.a(malloc_vars.o)
                0x0000000003000318                fake_heap_end
 *(COMMON)
                0x000000000300031c                . = ALIGN (0x4)
                0x000000000300031c                __bss_end__ = ABSOLUTE (.)

.data           0x000000000300031c        0x8 load address 0x0000000008142b58
                0x000000000300031c                __data_start__ = ABSOLUTE (.)
 *(.data*)
 .data          0x000000000300031c        0x8 /opt/devkitpro/libtonc/lib/libtonc.a(tonc_core.o)
                0x000000000300031c                __qran_seed
                0x0000000003000320                vid_page
 *(.gnu.linkonce.d*)
                0x0000000003000324                . = ALIGN (0x4)
                0x0000000008142b60                __preinit_lma = (__data_lma + SIZEOF (.data))

.igot.plt       0x0000000003000324        0x0 load address 0x0000000008142b60
 .igot.plt      0x0000000003000324        0x0 /opt/devkitpro/devkitARM/bin/../lib/gcc/arm-none-eabi/11.1.0/../../../../arm-none-eabi/lib/thumb/gba_crt0.o

.preinit_array  0x0000000003000324        0x0 load address 0x0000000008142b60
                0x0000000003000324                __preinit_array_start = ABSOLUTE (.)
 *(.preinit_array)
                0x0000000003000324                __preinit_array_end = ABSOLUTE (.)
                0x0000000008142b60                __init_lma = (__preinit_lma + SIZEOF (.preinit_array))

.init_array     0x0000000003000324        0x4 load address 0x0000000008142b60
                0x0000000003000324                __init_array_start = ABSOLUTE (.)
 *(SORT_BY_NAME(.init_array.*))
 *(.init_array)
 .init_array    0x0000000003000324        0x4 /opt/devkitpro/devkitARM/bin/../lib/gcc/arm-none-eabi/11.1.0/thumb/crtbegin.o
                0x0000000003000328                __init_array_end = ABSOLUTE (.)
                0x0000000008142b64                __fini_lma = (__init_lma + SIZEOF (.init_array))

.fini_array     0x0000000003000328        0x4 load address 0x0000000008142b64
                0x0000000003000328                __fini_array_start = ABSOLUTE (.)
 *(SORT_BY_NAME(.fini_array.*))
 *(.fini_array)
 .fini_array    0x0000000003000328        0x4 /opt/devkitpro/devkitARM/bin/../lib/gcc/arm-none-eabi/11.1.0/thumb/crtbegin.o
                0x000000000300032c                __fini_array_end = ABSOLUTE (.)
                0x0000000008142b68                __jcr_lma = (__fini_lma + SIZEOF (.fini_array))

.jcr            0x000000000300032c        0x0 load address 0x0000000008142b68
 *(.jcr)
                0x000000000300032c                __data_end__ = ABSOLUTE (.)
                0x0000000008142b68                __iwram_overlay_lma = (__jcr_lma + SIZEOF (.jcr))
                0x000000000300032c                __iwram_overlay_start = .

.iwram0         0x000000000300032c        0x0 load address 0x0000000008142b68
 *(.iwram0)
                0x000000000300032c                . = ALIGN (0x4)
                0x0000000008142b68                PROVIDE (__load_start_iwram0 = LOADADDR (.iwram0))
                0x0000000008142b68                PROVIDE (__load_stop_iwram0 = (LOADADDR (.iwram0) + SIZEOF (.iwram0)))

.iwram1         0x000000000300032c        0x0
 *(.iwram1)
                0x000000000300032c                . = ALIGN (0x4)
                [!provide]                        PROVIDE (__load_start_iwram1 = LOADADDR (.iwram1))
                [!provide]                        PROVIDE (__load_stop_iwram1 = (LOADADDR (.iwram1) + SIZEOF (.iwram1)))

.iwram2         0x000000000300032c        0x0
 *(.iwram2)
                0x000000000300032c                . = ALIGN (0x4)
                [!provide]                        PROVIDE (__load_start_iwram2 = LOADADDR (.iwram2))
                [!provide]                        PROVIDE (__load_stop_iwram2 = (LOADADDR (.iwram2) + SIZEOF (.iwram2)))

.iwram3         0x000000000300032c        0x0
 *(.iwram3)
                0x000000000300032c                . = ALIGN (0x4)
                [!provide]                        PROVIDE (__load_start_iwram3 = LOADADDR (.iwram3))
                [!provide]                        PROVIDE (__load_stop_iwram3 = (LOADADDR (.iwram3) + SIZEOF (.iwram3)))

.iwram4         0x000000000300032c        0x0
 *(.iwram4)
                0x000000000300032c                . = ALIGN (0x4)
                [!provide]                        PROVIDE (__load_start_iwram4 = LOADADDR (.iwram4))
                [!provide]                        PROVIDE (__load_stop_iwram4 = (LOADADDR (.iwram4) + SIZEOF (.iwram4)))

.iwram5         0x000000000300032c        0x0
 *(.iwram5)
                0x000000000300032c                . = ALIGN (0x4)
                [!provide]                        PROVIDE (__load_start_iwram5 = LOADADDR (.iwram5))
                [!provide]                        PROVIDE (__load_stop_iwram5 = (LOADADDR (.iwram5) + SIZEOF (.iwram5)))

.iwram6         0x000000000300032c        0x0
 *(.iwram6)
                0x000000000300032c                . = ALIGN (0x4)
                [!provide]                        PROVIDE (__load_start_iwram6 = LOADADDR (.iwram6))
                [!provide]                        PROVIDE (__load_stop_iwram6 = (LOADADDR (.iwram6) + SIZEOF (.iwram6)))

.iwram7         0x000000000300032c        0x0
 *(.iwram7)
                0x000000000300032c                . = ALIGN (0x4)
                [!provide]                        PROVIDE (__load_start_iwram7 = LOADADDR (.iwram7))
                [!provide]                        PROVIDE (__load_stop_iwram7 = (LOADADDR (.iwram7) + SIZEOF (.iwram7)))

.iwram8         0x000000000300032c        0x0
 *(.iwram8)
                0x000000000300032c                . = ALIGN (0x4)
                [!provide]                        PROVIDE (__load_start_iwram8 = LOADADDR (.iwram8))
                [!provide]                        PROVIDE (__load_stop_iwram8 = (LOADADDR (.iwram8) + SIZEOF (.iwram8)))

.iwram9         0x000000000300032c        0x0
 *(.iwram9)
                0x000000000300032c                . = ALIGN (0x4)
                [!provide]                        PROVIDE (__load_start_iwram9 = LOADADDR (.iwram9))
                [!provide]                        PROVIDE (__load_stop_iwram9 = (LOADADDR (.iwram9) + SIZEOF (.iwram9)))
                0x000000000300032c                __iwram_overlay_end = .
                0x0000000008142b68                __ewram_lma = (__iwram_overlay_lma + (__iwram_overlay_end - __iwram_overlay_start))
                0x000000000300032c                __iheap_start = .
                0x0000000002000000                __ewram_start = ORIGIN (ewram)

.ewram          0x0000000002000000        0x0 load address 0x0000000008142b68
 *(.ewram*)
                0x0000000002000000                . = ALIGN (0x4)
                0x0000000002000000                __ewram_end = ABSOLUTE (.)
                0x0000000008142b68                __pad_lma = (__ewram_lma + SIZEOF (.ewram))

.sbss           0x0000000002000000        0x0
                0x0000000002000000                __sbss_start__ = ABSOLUTE (.)
 *(.sbss*)
                0x0000000002000000                . = ALIGN (0x4)
                0x0000000002000000                __sbss_end__ = ABSOLUTE (.)
                0x0000000002000000                __end__ = ABSOLUTE (.)
                0x0000000002000000                __eheap_start = ABSOLUTE (.)

.pad            0x0000000002000000        0x8 load address 0x0000000008142b68
                0x0000000002000000        0x4 LONG 0x52416b64
                0x0000000002000004        0x4 LONG 0x4d
                0x0000000002000008                . = ALIGN (0x4)
                0x0000000008142b70                __rom_end__ = (__pad_lma + SIZEOF (.pad))

.stab
 *(.stab)

.stabstr
 *(.stabstr)

.stab.excl
 *(.stab.excl)

.stab.exclstr
 *(.stab.exclstr)

.stab.index
 *(.stab.index)

.stab.indexstr
 *(.stab.indexstr)

.comment        0x0000000000000000       0x45
 *(.comment)
 .comment       0x0000000000000000       0x23 /opt/devkitpro/devkitARM/bin/../lib/gcc/arm-none-eabi/11.1.0/thumb/crtbegin.o
                                         0x24 (size before relaxing)
 .comment       0x0000000000000023       0x24 SpritePositionFunctions.o
 .comment       0x0000000000000023       0x24 background.o
 .comment       0x0000000000000023       0x24 enemy.o
 .comment       0x0000000000000023       0x24 gameoverscreen.o
 .comment       0x0000000000000023       0x24 graphics.o
 .comment       0x0000000000000023       0x24 main.o
 .comment       0x0000000000000023       0x24 music.o
 .comment       0x0000000000000023       0x24 score.o
 .comment       0x0000000000000023       0x22 /opt/devkitpro/libtonc/lib/libtonc.a(tonc_core.o)
                                         0x23 (size before relaxing)
 .comment       0x0000000000000045       0x24 /opt/devkitpro/devkitARM/bin/../lib/gcc/arm-none-eabi/11.1.0/../../../../arm-none-eabi/lib/thumb/libg.a(lib_a-init.o)
 .comment       0x0000000000000045       0x24 /opt/devkitpro/devkitARM/bin/../lib/gcc/arm-none-eabi/11.1.0/../../../../arm-none-eabi/lib/thumb/libg.a(lib_a-memset.o)
 .comment       0x0000000000000045       0x24 /opt/devkitpro/devkitARM/bin/../lib/gcc/arm-none-eabi/11.1.0/../../../../arm-none-eabi/lib/thumb/libsysbase.a(malloc_vars.o)
 .comment       0x0000000000000045       0x24 /opt/devkitpro/devkitARM/bin/../lib/gcc/arm-none-eabi/11.1.0/thumb/crtend.o

.debug
 *(.debug)

.line
 *(.line)

.debug_srcinfo
 *(.debug_srcinfo)

.debug_sfnames
 *(.debug_sfnames)

.debug_aranges  0x0000000000000000      0x120
 *(.debug_aranges)
 .debug_aranges
                0x0000000000000000       0x20 SpritePositionFunctions.o
 .debug_aranges
                0x0000000000000020       0x18 background.o
 .debug_aranges
                0x0000000000000038       0x20 enemy.o
 .debug_aranges
                0x0000000000000058       0x20 gameoverscreen.o
 .debug_aranges
                0x0000000000000078       0x20 graphics.o
 .debug_aranges
                0x0000000000000098       0x28 main.o
 .debug_aranges
                0x00000000000000c0       0x20 music.o
 .debug_aranges
                0x00000000000000e0       0x20 score.o
 .debug_aranges
                0x0000000000000100       0x20 posprintf.o

.debug_pubnames
 *(.debug_pubnames)

.debug_info     0x0000000000000000     0x2148
 *(.debug_info)
 .debug_info    0x0000000000000000      0x218 SpritePositionFunctions.o
 .debug_info    0x0000000000000218       0xa2 background.o
 .debug_info    0x00000000000002ba      0x4ca enemy.o
 .debug_info    0x0000000000000784      0x578 gameoverscreen.o
 .debug_info    0x0000000000000cfc      0x263 graphics.o
 .debug_info    0x0000000000000f5f      0xd14 main.o
 .debug_info    0x0000000000001c73      0x272 music.o
 .debug_info    0x0000000000001ee5      0x23e score.o
 .debug_info    0x0000000000002123       0x25 posprintf.o

.debug_abbrev   0x0000000000000000      0xdb5
 *(.debug_abbrev)
 .debug_abbrev  0x0000000000000000      0x156 SpritePositionFunctions.o
 .debug_abbrev  0x0000000000000156       0x6a background.o
 .debug_abbrev  0x00000000000001c0      0x223 enemy.o
 .debug_abbrev  0x00000000000003e3      0x283 gameoverscreen.o
 .debug_abbrev  0x0000000000000666      0x112 graphics.o
 .debug_abbrev  0x0000000000000778      0x384 main.o
 .debug_abbrev  0x0000000000000afc      0x141 music.o
 .debug_abbrev  0x0000000000000c3d      0x164 score.o
 .debug_abbrev  0x0000000000000da1       0x14 posprintf.o

.debug_line     0x0000000000000000     0x1974
 *(.debug_line)
 .debug_line    0x0000000000000000      0x233 SpritePositionFunctions.o
 .debug_line    0x0000000000000233       0x5a background.o
 .debug_line    0x000000000000028d      0x2f9 enemy.o
 .debug_line    0x0000000000000586      0x288 gameoverscreen.o
 .debug_line    0x000000000000080e      0x204 graphics.o
 .debug_line    0x0000000000000a12      0x9e9 main.o
 .debug_line    0x00000000000013fb      0x295 music.o
 .debug_line    0x0000000000001690      0x16e score.o
 .debug_line    0x00000000000017fe      0x176 posprintf.o

.debug_frame    0x0000000000000000      0x2ac
 *(.debug_frame)
 .debug_frame   0x0000000000000000       0x3c SpritePositionFunctions.o
 .debug_frame   0x000000000000003c       0x78 enemy.o
 .debug_frame   0x00000000000000b4       0x68 gameoverscreen.o
 .debug_frame   0x000000000000011c       0x6c graphics.o
 .debug_frame   0x0000000000000188       0x68 main.o
 .debug_frame   0x00000000000001f0       0x5c music.o
 .debug_frame   0x000000000000024c       0x60 score.o

.debug_str      0x0000000000000000      0x8ba
 *(.debug_str)
 .debug_str     0x0000000000000000      0x13e SpritePositionFunctions.o
                                        0x16d (size before relaxing)
 .debug_str     0x000000000000013e       0x52 background.o
                                         0xfe (size before relaxing)
 .debug_str     0x0000000000000190      0x14f enemy.o
                                        0x24e (size before relaxing)
 .debug_str     0x00000000000002df      0x16a gameoverscreen.o
                                        0x2b3 (size before relaxing)
 .debug_str     0x0000000000000449       0xa8 graphics.o
                                        0x1f0 (size before relaxing)
 .debug_str     0x00000000000004f1      0x28f main.o
                                        0x511 (size before relaxing)
 .debug_str     0x0000000000000780       0xc6 music.o
                                        0x243 (size before relaxing)
 .debug_str     0x0000000000000846       0x5a score.o
                                        0x1d5 (size before relaxing)
 .debug_str     0x00000000000008a0       0x1a posprintf.o
                                         0x49 (size before relaxing)

.debug_loc
 *(.debug_loc)

.debug_macinfo
 *(.debug_macinfo)

.debug_weaknames
 *(.debug_weaknames)

.debug_funcnames
 *(.debug_funcnames)

.debug_typenames
 *(.debug_typenames)

.debug_varnames
 *(.debug_varnames)

.stack          0x0000000000080000        0x0
                0x0000000000080000                _stack = .
 *(.stack)

.note.gnu.arm.ident
 *(.note.gnu.arm.ident)

.ARM.attributes
                0x0000000000000000       0x2c
 *(.ARM.attributes)
 .ARM.attributes
                0x0000000000000000       0x20 /opt/devkitpro/devkitARM/bin/../lib/gcc/arm-none-eabi/11.1.0/../../../../arm-none-eabi/lib/thumb/gba_crt0.o
 .ARM.attributes
                0x0000000000000020       0x1c /opt/devkitpro/devkitARM/bin/../lib/gcc/arm-none-eabi/11.1.0/thumb/crti.o
 .ARM.attributes
                0x000000000000003c       0x2a /opt/devkitpro/devkitARM/bin/../lib/gcc/arm-none-eabi/11.1.0/thumb/crtbegin.o
 .ARM.attributes
                0x0000000000000066       0x14 bullet.bin.o
 .ARM.attributes
                0x000000000000007a       0x14 enemypallete.bin.o
 .ARM.attributes
                0x000000000000008e       0x14 enemypalletetrash.bin.o
 .ARM.attributes
                0x00000000000000a2       0x14 exsplosion.bin.o
 .ARM.attributes
                0x00000000000000b6       0x14 font.bin.o
 .ARM.attributes
                0x00000000000000ca       0x14 numbers.bin.o
 .ARM.attributes
                0x00000000000000de       0x14 playerpallete.bin.o
 .ARM.attributes
                0x00000000000000f2       0x14 sprite.bin.o
 .ARM.attributes
                0x0000000000000106       0x14 soundbank.bin.o
 .ARM.attributes
                0x000000000000011a       0x2a SpritePositionFunctions.o
 .ARM.attributes
                0x0000000000000144       0x30 background.o
 .ARM.attributes
                0x0000000000000174       0x2a enemy.o
 .ARM.attributes
                0x000000000000019e       0x2a gameoverscreen.o
 .ARM.attributes
                0x00000000000001c8       0x2a graphics.o
 .ARM.attributes
                0x00000000000001f2       0x2a interrupts.o
 .ARM.attributes
                0x000000000000021c       0x2a main.o
 .ARM.attributes
                0x0000000000000246       0x2a music.o
 .ARM.attributes
                0x0000000000000270       0x2a score.o
 .ARM.attributes
                0x000000000000029a       0x1a posprintf.o
 .ARM.attributes
                0x00000000000002b4       0x2a /opt/devkitpro/libtonc/lib/libtonc.a(tonc_core.o)
 .ARM.attributes
                0x00000000000002de       0x1a /opt/devkitpro/libtonc/lib/libtonc.a(tonc_bios.o)
 .ARM.attributes
                0x00000000000002f8       0x1a /opt/devkitpro/libtonc/lib/libtonc.a(tonc_memset.o)
 .ARM.attributes
                0x0000000000000312       0x2a /opt/devkitpro/devkitARM/bin/../lib/gcc/arm-none-eabi/11.1.0/../../../../arm-none-eabi/lib/thumb/libg.a(lib_a-init.o)
 .ARM.attributes
                0x000000000000033c       0x2a /opt/devkitpro/devkitARM/bin/../lib/gcc/arm-none-eabi/11.1.0/../../../../arm-none-eabi/lib/thumb/libg.a(lib_a-memset.o)
 .ARM.attributes
                0x0000000000000366       0x30 /opt/devkitpro/devkitARM/bin/../lib/gcc/arm-none-eabi/11.1.0/../../../../arm-none-eabi/lib/thumb/libsysbase.a(malloc_vars.o)
 .ARM.attributes
                0x0000000000000396       0x30 /opt/devkitpro/devkitARM/bin/../lib/gcc/arm-none-eabi/11.1.0/thumb/crtend.o
 .ARM.attributes
                0x00000000000003c6       0x1c /opt/devkitpro/devkitARM/bin/../lib/gcc/arm-none-eabi/11.1.0/thumb/crtn.o

/DISCARD/
 *(.note.GNU-stack)
LOAD /opt/devkitpro/devkitARM/bin/../lib/gcc/arm-none-eabi/11.1.0/../../../../arm-none-eabi/lib/thumb/gba_crt0.o
LOAD /opt/devkitpro/devkitARM/bin/../lib/gcc/arm-none-eabi/11.1.0/thumb/crti.o
LOAD /opt/devkitpro/devkitARM/bin/../lib/gcc/arm-none-eabi/11.1.0/thumb/crtbegin.o
LOAD bullet.bin.o
LOAD enemypallete.bin.o
LOAD enemypalletetrash.bin.o
LOAD exsplosion.bin.o
LOAD font.bin.o
LOAD numbers.bin.o
LOAD playerpallete.bin.o
LOAD sprite.bin.o
LOAD soundbank.bin.o
LOAD SpritePositionFunctions.o
LOAD background.o
LOAD enemy.o
LOAD gameoverscreen.o
LOAD graphics.o
LOAD interrupts.o
LOAD main.o
LOAD music.o
LOAD score.o
LOAD posprintf.o
LOAD /opt/devkitpro/libgba/lib/libmm.a
LOAD /opt/devkitpro/libtonc/lib/libtonc.a
START GROUP
LOAD /opt/devkitpro/devkitARM/bin/../lib/gcc/arm-none-eabi/11.1.0/thumb/libgcc.a
LOAD /opt/devkitpro/devkitARM/bin/../lib/gcc/arm-none-eabi/11.1.0/../../../../arm-none-eabi/lib/thumb/libg.a
LOAD /opt/devkitpro/devkitARM/bin/../lib/gcc/arm-none-eabi/11.1.0/../../../../arm-none-eabi/lib/thumb/libc.a
LOAD /opt/devkitpro/devkitARM/bin/../lib/gcc/arm-none-eabi/11.1.0/../../../../arm-none-eabi/lib/thumb/libsysbase.a
END GROUP
LOAD /opt/devkitpro/devkitARM/bin/../lib/gcc/arm-none-eabi/11.1.0/thumb/crtend.o
LOAD /opt/devkitpro/devkitARM/bin/../lib/gcc/arm-none-eabi/11.1.0/thumb/crtn.o
OUTPUT(/Users/thoreaukilbourne/Desktop/GBA/Game/rom/Game.elf elf32-littlearm)
LOAD linker stubs

.debug_loclists
                0x0000000000000000     0x1270
 .debug_loclists
                0x0000000000000000      0x297 SpritePositionFunctions.o
 .debug_loclists
                0x0000000000000297      0x3c1 enemy.o
 .debug_loclists
                0x0000000000000658      0x179 gameoverscreen.o
 .debug_loclists
                0x00000000000007d1      0x20d graphics.o
 .debug_loclists
                0x00000000000009de      0x7d2 main.o
 .debug_loclists
                0x00000000000011b0       0x74 music.o
 .debug_loclists
                0x0000000000001224       0x4c score.o

.debug_rnglists
                0x0000000000000000      0x120
 .debug_rnglists
                0x0000000000000000       0x58 SpritePositionFunctions.o
 .debug_rnglists
                0x0000000000000058       0x26 enemy.o
 .debug_rnglists
                0x000000000000007e       0x1c gameoverscreen.o
 .debug_rnglists
                0x000000000000009a       0x26 graphics.o
 .debug_rnglists
                0x00000000000000c0       0x31 main.o
 .debug_rnglists
                0x00000000000000f1       0x1c music.o
 .debug_rnglists
                0x000000000000010d       0x13 score.o

.debug_line_str
                0x0000000000000000       0x39
 .debug_line_str
                0x0000000000000000       0x39 posprintf.o
                                         0x72 (size before relaxing)
